Component: Arm Compiler for Embedded 6.22 Tool: armlink [5ee90200]

==============================================================================

Section Cross References

    startup_stm32f407xx.o(STACK) refers (Special) to heapauxi.o(.text) for __use_two_region_memory
    startup_stm32f407xx.o(HEAP) refers (Special) to heapauxi.o(.text) for __use_two_region_memory
    startup_stm32f407xx.o(RESET) refers (Special) to heapauxi.o(.text) for __use_two_region_memory
    startup_stm32f407xx.o(RESET) refers to startup_stm32f407xx.o(STACK) for __initial_sp
    startup_stm32f407xx.o(RESET) refers to startup_stm32f407xx.o(.text) for Reset_Handler
    startup_stm32f407xx.o(RESET) refers to stm32f4xx_it.o(.text.NMI_Handler) for NMI_Handler
    startup_stm32f407xx.o(RESET) refers to stm32f4xx_it.o(.text.HardFault_Handler) for HardFault_Handler
    startup_stm32f407xx.o(RESET) refers to stm32f4xx_it.o(.text.MemManage_Handler) for MemManage_Handler
    startup_stm32f407xx.o(RESET) refers to stm32f4xx_it.o(.text.BusFault_Handler) for BusFault_Handler
    startup_stm32f407xx.o(RESET) refers to stm32f4xx_it.o(.text.UsageFault_Handler) for UsageFault_Handler
    startup_stm32f407xx.o(RESET) refers to stm32f4xx_it.o(.text.SVC_Handler) for SVC_Handler
    startup_stm32f407xx.o(RESET) refers to stm32f4xx_it.o(.text.DebugMon_Handler) for DebugMon_Handler
    startup_stm32f407xx.o(RESET) refers to stm32f4xx_it.o(.text.PendSV_Handler) for PendSV_Handler
    startup_stm32f407xx.o(RESET) refers to stm32f4xx_it.o(.text.SysTick_Handler) for SysTick_Handler
    startup_stm32f407xx.o(RESET) refers to stm32f4xx_it.o(.text.DMA1_Stream1_IRQHandler) for DMA1_Stream1_IRQHandler
    startup_stm32f407xx.o(RESET) refers to stm32f4xx_it.o(.text.DMA1_Stream2_IRQHandler) for DMA1_Stream2_IRQHandler
    startup_stm32f407xx.o(RESET) refers to stm32f4xx_it.o(.text.DMA1_Stream5_IRQHandler) for DMA1_Stream5_IRQHandler
    startup_stm32f407xx.o(RESET) refers to stm32f4xx_it.o(.text.CAN1_RX0_IRQHandler) for CAN1_RX0_IRQHandler
    startup_stm32f407xx.o(RESET) refers to stm32f4xx_it.o(.text.CAN1_RX1_IRQHandler) for CAN1_RX1_IRQHandler
    startup_stm32f407xx.o(RESET) refers to stm32f4xx_it.o(.text.USART1_IRQHandler) for USART1_IRQHandler
    startup_stm32f407xx.o(RESET) refers to stm32f4xx_it.o(.text.USART2_IRQHandler) for USART2_IRQHandler
    startup_stm32f407xx.o(RESET) refers to stm32f4xx_it.o(.text.USART3_IRQHandler) for USART3_IRQHandler
    startup_stm32f407xx.o(RESET) refers to stm32f4xx_it.o(.text.TIM8_BRK_TIM12_IRQHandler) for TIM8_BRK_TIM12_IRQHandler
    startup_stm32f407xx.o(RESET) refers to stm32f4xx_it.o(.text.TIM8_UP_TIM13_IRQHandler) for TIM8_UP_TIM13_IRQHandler
    startup_stm32f407xx.o(RESET) refers to stm32f4xx_it.o(.text.TIM8_TRG_COM_TIM14_IRQHandler) for TIM8_TRG_COM_TIM14_IRQHandler
    startup_stm32f407xx.o(RESET) refers to stm32f4xx_it.o(.text.TIM8_CC_IRQHandler) for TIM8_CC_IRQHandler
    startup_stm32f407xx.o(RESET) refers to stm32f4xx_it.o(.text.DMA1_Stream7_IRQHandler) for DMA1_Stream7_IRQHandler
    startup_stm32f407xx.o(RESET) refers to stm32f4xx_it.o(.text.TIM7_IRQHandler) for TIM7_IRQHandler
    startup_stm32f407xx.o(RESET) refers to stm32f4xx_it.o(.text.DMA2_Stream2_IRQHandler) for DMA2_Stream2_IRQHandler
    startup_stm32f407xx.o(.text) refers (Special) to heapauxi.o(.text) for __use_two_region_memory
    startup_stm32f407xx.o(.text) refers to system_stm32f4xx.o(.text.SystemInit) for SystemInit
    startup_stm32f407xx.o(.text) refers to __main.o(!!!main) for __main
    startup_stm32f407xx.o(.text) refers to startup_stm32f407xx.o(HEAP) for Heap_Mem
    startup_stm32f407xx.o(.text) refers to startup_stm32f407xx.o(STACK) for Stack_Mem
    main.o(.text.main) refers to stm32f4xx_hal.o(.text.HAL_Init) for HAL_Init
    main.o(.text.main) refers to main.o(.text.SystemClock_Config) for SystemClock_Config
    main.o(.text.main) refers to gpio.o(.text.MX_GPIO_Init) for MX_GPIO_Init
    main.o(.text.main) refers to dma.o(.text.MX_DMA_Init) for MX_DMA_Init
    main.o(.text.main) refers to tim.o(.text.MX_TIM1_Init) for MX_TIM1_Init
    main.o(.text.main) refers to tim.o(.text.MX_TIM2_Init) for MX_TIM2_Init
    main.o(.text.main) refers to tim.o(.text.MX_TIM3_Init) for MX_TIM3_Init
    main.o(.text.main) refers to tim.o(.text.MX_TIM4_Init) for MX_TIM4_Init
    main.o(.text.main) refers to tim.o(.text.MX_TIM5_Init) for MX_TIM5_Init
    main.o(.text.main) refers to can.o(.text.MX_CAN1_Init) for MX_CAN1_Init
    main.o(.text.main) refers to usart.o(.text.MX_USART3_UART_Init) for MX_USART3_UART_Init
    main.o(.text.main) refers to tim.o(.text.MX_TIM9_Init) for MX_TIM9_Init
    main.o(.text.main) refers to tim.o(.text.MX_TIM10_Init) for MX_TIM10_Init
    main.o(.text.main) refers to tim.o(.text.MX_TIM11_Init) for MX_TIM11_Init
    main.o(.text.main) refers to usart.o(.text.MX_USART1_UART_Init) for MX_USART1_UART_Init
    main.o(.text.main) refers to usart.o(.text.MX_USART2_UART_Init) for MX_USART2_UART_Init
[...]
    __use_two_region_memory                  0x080004a3   Thumb Code     2  heapauxi.o(.text)
    __rt_heap_escrow$2region                 0x080004a5   Thumb Code     2  heapauxi.o(.text)
    __rt_heap_expand$2region                 0x080004a7   Thumb Code     2  heapauxi.o(.text)
    __cpp_initialize__aeabi_                 0x080004a9   Thumb Code    36  init_aeabi.o(.text)
    __read_errno                             0x080004d5   Thumb Code    10  _rserrno.o(.text)
    __set_errno                              0x080004df   Thumb Code    12  _rserrno.o(.text)
    __aeabi_errno_addr                       0x080004ed   Thumb Code     8  rt_errno_addr_intlibspace.o(.text)
    __errno$intlibspace                      0x080004ed   Thumb Code     0  rt_errno_addr_intlibspace.o(.text)
    __rt_errno_addr$intlibspace              0x080004ed   Thumb Code     0  rt_errno_addr_intlibspace.o(.text)
    __user_libspace                          0x080004f5   Thumb Code     8  libspace.o(.text)
    __user_perproc_libspace                  0x080004f5   Thumb Code     0  libspace.o(.text)
    __user_perthread_libspace                0x080004f5   Thumb Code     0  libspace.o(.text)
    __user_setup_stackheap                   0x080004fd   Thumb Code    74  sys_stackheap_outer.o(.text)
    exit                                     0x08000547   Thumb Code    18  exit.o(.text)
    _sys_exit                                0x08000559   Thumb Code     8  sys_exit.o(.text)
    __I$use$semihosting                      0x08000565   Thumb Code     0  use_no_semi.o(.text)
    __use_no_semihosting_swi                 0x08000565   Thumb Code     2  use_no_semi.o(.text)
    __semihosting_library_function           0x08000567   Thumb Code     0  indicate_semi.o(.text)
    BusFault_Handler                         0x08000569   Thumb Code     4  stm32f4xx_it.o(.text.BusFault_Handler)
    CAN1_RX0_IRQHandler                      0x0800056d   Thumb Code    16  stm32f4xx_it.o(.text.CAN1_RX0_IRQHandler)
    CAN1_RX1_IRQHandler                      0x0800057d   Thumb Code    16  stm32f4xx_it.o(.text.CAN1_RX1_IRQHandler)
    DMA1_Stream1_IRQHandler                  0x0800058d   Thumb Code    16  stm32f4xx_it.o(.text.DMA1_Stream1_IRQHandler)
    DMA1_Stream2_IRQHandler                  0x0800059d   Thumb Code    16  stm32f4xx_it.o(.text.DMA1_Stream2_IRQHandler)
    DMA1_Stream5_IRQHandler                  0x080005ad   Thumb Code    16  stm32f4xx_it.o(.text.DMA1_Stream5_IRQHandler)
    DMA1_Stream7_IRQHandler                  0x080005bd   Thumb Code    16  stm32f4xx_it.o(.text.DMA1_Stream7_IRQHandler)
    DMA2_Stream2_IRQHandler                  0x080005cd   Thumb Code    16  stm32f4xx_it.o(.text.DMA2_Stream2_IRQHandler)
    DebugMon_Handler                         0x08000775   Thumb Code     2  stm32f4xx_it.o(.text.DebugMon_Handler)
    Error_Handler                            0x08000779   Thumb Code     6  main.o(.text.Error_Handler)
    HAL_CAN_ActivateNotification             0x08000781   Thumb Code    82  stm32f4xx_hal_can.o(.text.HAL_CAN_ActivateNotification)
    HAL_CAN_ConfigFilter                     0x080007d5   Thumb Code   414  stm32f4xx_hal_can.o(.text.HAL_CAN_ConfigFilter)
    HAL_CAN_ErrorCallback                    0x08000975   Thumb Code     8  stm32f4xx_hal_can.o(.text.HAL_CAN_ErrorCallback)
    HAL_CAN_GetRxMessage                     0x0800097d   Thumb Code   530  stm32f4xx_hal_can.o(.text.HAL_CAN_GetRxMessage)
    HAL_CAN_IRQHandler                       0x08000b91   Thumb Code  1010  stm32f4xx_hal_can.o(.text.HAL_CAN_IRQHandler)
    HAL_CAN_Init                             0x08000f85   Thumb Code   478  stm32f4xx_hal_can.o(.text.HAL_CAN_Init)
    HAL_CAN_MspInit                          0x08001165   Thumb Code   180  can.o(.text.HAL_CAN_MspInit)
    HAL_CAN_RxFifo0FullCallback              0x08001219   Thumb Code     8  stm32f4xx_hal_can.o(.text.HAL_CAN_RxFifo0FullCallback)
    HAL_CAN_RxFifo0MsgPendingCallback        0x08001221   Thumb Code   120  drv_can.o(.text.HAL_CAN_RxFifo0MsgPendingCallback)
    HAL_CAN_RxFifo1FullCallback              0x08001299   Thumb Code     8  stm32f4xx_hal_can.o(.text.HAL_CAN_RxFifo1FullCallback)
    HAL_CAN_RxFifo1MsgPendingCallback        0x080012a1   Thumb Code   120  drv_can.o(.text.HAL_CAN_RxFifo1MsgPendingCallback)
    HAL_CAN_SleepCallback                    0x08001319   Thumb Code     8  stm32f4xx_hal_can.o(.text.HAL_CAN_SleepCallback)
    HAL_CAN_Start                            0x08001321   Thumb Code   138  stm32f4xx_hal_can.o(.text.HAL_CAN_Start)
    HAL_CAN_TxMailbox0AbortCallback          0x080013ad   Thumb Code     8  stm32f4xx_hal_can.o(.text.HAL_CAN_TxMailbox0AbortCallback)
    HAL_CAN_TxMailbox0CompleteCallback       0x080013b5   Thumb Code     8  stm32f4xx_hal_can.o(.text.HAL_CAN_TxMailbox0CompleteCallback)
    HAL_CAN_TxMailbox1AbortCallback          0x080013bd   Thumb Code     8  stm32f4xx_hal_can.o(.text.HAL_CAN_TxMailbox1AbortCallback)
    HAL_CAN_TxMailbox1CompleteCallback       0x080013c5   Thumb Code     8  stm32f4xx_hal_can.o(.text.HAL_CAN_TxMailbox1CompleteCallback)
    HAL_CAN_TxMailbox2AbortCallback          0x080013cd   Thumb Code     8  stm32f4xx_hal_can.o(.text.HAL_CAN_TxMailbox2AbortCallback)
    HAL_CAN_TxMailbox2CompleteCallback       0x080013d5   Thumb Code     8  stm32f4xx_hal_can.o(.text.HAL_CAN_TxMailbox2CompleteCallback)
    HAL_CAN_WakeUpFromRxMsgCallback          0x080013dd   Thumb Code     8  stm32f4xx_hal_can.o(.text.HAL_CAN_WakeUpFromRxMsgCallback)
    HAL_DMA_Abort                            0x080013e5   Thumb Code   236  stm32f4xx_hal_dma.o(.text.HAL_DMA_Abort)
    HAL_DMA_Abort_IT                         0x080014d1   Thumb Code    68  stm32f4xx_hal_dma.o(.text.HAL_DMA_Abort_IT)
    HAL_DMA_IRQHandler                       0x08001515   Thumb Code   798  stm32f4xx_hal_dma.o(.text.HAL_DMA_IRQHandler)
    HAL_DMA_Init                             0x08001835   Thumb Code   366  stm32f4xx_hal_dma.o(.text.HAL_DMA_Init)
    HAL_DMA_Start_IT                         0x080019a5   Thumb Code   194  stm32f4xx_hal_dma.o(.text.HAL_DMA_Start_IT)
    HAL_Delay                                0x08001a69   Thumb Code    66  stm32f4xx_hal.o(.text.HAL_Delay)
    HAL_GPIO_Init                            0x08001aad   Thumb Code   950  stm32f4xx_hal_gpio.o(.text.HAL_GPIO_Init)
    HAL_GPIO_WritePin                        0x08001e65   Thumb Code    46  stm32f4xx_hal_gpio.o(.text.HAL_GPIO_WritePin)
    HAL_GetTick                              0x08001e95   Thumb Code    12  stm32f4xx_hal.o(.text.HAL_GetTick)
    HAL_I2C_Init                             0x08001ea1   Thumb Code   676  stm32f4xx_hal_i2c.o(.text.HAL_I2C_Init)
    HAL_I2C_Mem_Read                         0x08002145   Thumb Code  1096  stm32f4xx_hal_i2c.o(.text.HAL_I2C_Mem_Read)
    HAL_I2C_Mem_Write                        0x0800258d   Thumb Code   532  stm32f4xx_hal_i2c.o(.text.HAL_I2C_Mem_Write)
    HAL_I2C_MspInit                          0x080027a1   Thumb Code   314  i2c.o(.text.HAL_I2C_MspInit)
    HAL_IncTick                              0x080028dd   Thumb Code    26  stm32f4xx_hal.o(.text.HAL_IncTick)
    HAL_Init                                 0x080028f9   Thumb Code    54  stm32f4xx_hal.o(.text.HAL_Init)
    HAL_InitTick                             0x08002931   Thumb Code   112  stm32f4xx_hal.o(.text.HAL_InitTick)
    HAL_MspInit                              0x080029a1   Thumb Code    74  stm32f4xx_hal_msp.o(.text.HAL_MspInit)
    HAL_NVIC_EnableIRQ                       0x080029ed   Thumb Code    20  stm32f4xx_hal_cortex.o(.text.HAL_NVIC_EnableIRQ)
    HAL_NVIC_SetPriority                     0x08002a01   Thumb Code    50  stm32f4xx_hal_cortex.o(.text.HAL_NVIC_SetPriority)
    HAL_NVIC_SetPriorityGrouping             0x08002a35   Thumb Code    16  stm32f4xx_hal_cortex.o(.text.HAL_NVIC_SetPriorityGrouping)
    HAL_RCC_ClockConfig                      0x08002a45   Thumb Code   610  stm32f4xx_hal_rcc.o(.text.HAL_RCC_ClockConfig)
    HAL_RCC_GetHCLKFreq                      0x08002ca9   Thumb Code    12  stm32f4xx_hal_rcc.o(.text.HAL_RCC_GetHCLKFreq)
    HAL_RCC_GetPCLK1Freq                     0x08002cb5   Thumb Code    34  stm32f4xx_hal_rcc.o(.text.HAL_RCC_GetPCLK1Freq)
    HAL_RCC_GetPCLK2Freq                     0x08002cd9   Thumb Code    34  stm32f4xx_hal_rcc.o(.text.HAL_RCC_GetPCLK2Freq)
    HAL_RCC_GetSysClockFreq                  0x08002cfd   Thumb Code   230  stm32f4xx_hal_rcc.o(.text.HAL_RCC_GetSysClockFreq)
    HAL_RCC_OscConfig                        0x08002de5   Thumb Code  1726  stm32f4xx_hal_rcc.o(.text.HAL_RCC_OscConfig)
    HAL_SYSTICK_Config                       0x080034a5   Thumb Code    16  stm32f4xx_hal_cortex.o(.text.HAL_SYSTICK_Config)
    HAL_TIMEx_BreakCallback                  0x080034b5   Thumb Code     8  stm32f4xx_hal_tim_ex.o(.text.HAL_TIMEx_BreakCallback)
    HAL_TIMEx_CommutCallback                 0x080034bd   Thumb Code     8  stm32f4xx_hal_tim_ex.o(.text.HAL_TIMEx_CommutCallback)
    HAL_TIMEx_ConfigBreakDeadTime            0x080034c5   Thumb Code   178  stm32f4xx_hal_tim_ex.o(.text.HAL_TIMEx_ConfigBreakDeadTime)
    HAL_TIMEx_MasterConfigSynchronization    0x08003579   Thumb Code   290  stm32f4xx_hal_tim_ex.o(.text.HAL_TIMEx_MasterConfigSynchronization)
    HAL_TIM_Base_Init                        0x0800369d   Thumb Code   156  stm32f4xx_hal_tim.o(.text.HAL_TIM_Base_Init)
    HAL_TIM_Base_MspInit                     0x08003739   Thumb Code   508  tim.o(.text.HAL_TIM_Base_MspInit)
    HAL_TIM_Base_Start_IT                    0x08003935   Thumb Code   246  stm32f4xx_hal_tim.o(.text.HAL_TIM_Base_Start_IT)
    HAL_TIM_ConfigClockSource                0x08003a2d   Thumb Code   388  stm32f4xx_hal_tim.o(.text.HAL_TIM_ConfigClockSource)
    HAL_TIM_Encoder_Init                     0x08003bb1   Thumb Code   304  stm32f4xx_hal_tim.o(.text.HAL_TIM_Encoder_Init)
    HAL_TIM_Encoder_MspInit                  0x08003ce1   Thumb Code   572  tim.o(.text.HAL_TIM_Encoder_MspInit)
    HAL_TIM_Encoder_Start                    0x08003f1d   Thumb Code   334  stm32f4xx_hal_tim.o(.text.HAL_TIM_Encoder_Start)
    HAL_TIM_IC_CaptureCallback               0x0800406d   Thumb Code     8  stm32f4xx_hal_tim.o(.text.HAL_TIM_IC_CaptureCallback)
    HAL_TIM_IRQHandler                       0x08004075   Thumb Code   538  stm32f4xx_hal_tim.o(.text.HAL_TIM_IRQHandler)
    HAL_TIM_MspPostInit                      0x08004291   Thumb Code   554  tim.o(.text.HAL_TIM_MspPostInit)
    HAL_TIM_OC_ConfigChannel                 0x080044bd   Thumb Code   164  stm32f4xx_hal_tim.o(.text.HAL_TIM_OC_ConfigChannel)
    HAL_TIM_OC_DelayElapsedCallback          0x08004561   Thumb Code     8  stm32f4xx_hal_tim.o(.text.HAL_TIM_OC_DelayElapsedCallback)
    HAL_TIM_OC_Init                          0x08004569   Thumb Code   156  stm32f4xx_hal_tim.o(.text.HAL_TIM_OC_Init)
    HAL_TIM_OC_MspInit                       0x08004605   Thumb Code     8  stm32f4xx_hal_tim.o(.text.HAL_TIM_OC_MspInit)
    HAL_TIM_PWM_ConfigChannel                0x0800460d   Thumb Code   322  stm32f4xx_hal_tim.o(.text.HAL_TIM_PWM_ConfigChannel)
    HAL_TIM_PWM_Init                         0x08004751   Thumb Code   156  stm32f4xx_hal_tim.o(.text.HAL_TIM_PWM_Init)
    HAL_TIM_PWM_MspInit                      0x080047ed   Thumb Code     8  stm32f4xx_hal_tim.o(.text.HAL_TIM_PWM_MspInit)
    HAL_TIM_PWM_PulseFinishedCallback        0x080047f5   Thumb Code     8  stm32f4xx_hal_tim.o(.text.HAL_TIM_PWM_PulseFinishedCallback)
    HAL_TIM_PWM_Start                        0x080047fd   Thumb Code   458  stm32f4xx_hal_tim.o(.text.HAL_TIM_PWM_Start)
    HAL_TIM_PeriodElapsedCallback            0x080049c9   Thumb Code   476  drv_tim.o(.text.HAL_TIM_PeriodElapsedCallback)
    HAL_TIM_TriggerCallback                  0x08004ba5   Thumb Code     8  stm32f4xx_hal_tim.o(.text.HAL_TIM_TriggerCallback)
    HAL_UARTEx_ReceiveToIdle_DMA             0x08004bad   Thumb Code   184  stm32f4xx_hal_uart.o(.text.HAL_UARTEx_ReceiveToIdle_DMA)
    HAL_UARTEx_RxEventCallback               0x08004c65   Thumb Code   152  drv_uart.o(.text.HAL_UARTEx_RxEventCallback)
    HAL_UART_ErrorCallback                   0x08004cfd   Thumb Code     8  stm32f4xx_hal_uart.o(.text.HAL_UART_ErrorCallback)
    HAL_UART_IRQHandler                      0x08004d05   Thumb Code  1116  stm32f4xx_hal_uart.o(.text.HAL_UART_IRQHandler)
    HAL_UART_Init                            0x08005161   Thumb Code   158  stm32f4xx_hal_uart.o(.text.HAL_UART_Init)
    HAL_UART_MspInit                         0x08005201   Thumb Code  1042  usart.o(.text.HAL_UART_MspInit)
    HAL_UART_RxCpltCallback                  0x08005615   Thumb Code     8  stm32f4xx_hal_uart.o(.text.HAL_UART_RxCpltCallback)
    HAL_UART_RxHalfCpltCallback              0x0800561d   Thumb Code     8  stm32f4xx_hal_uart.o(.text.HAL_UART_RxHalfCpltCallback)
    HAL_UART_TxCpltCallback                  0x08005625   Thumb Code     8  stm32f4xx_hal_uart.o(.text.HAL_UART_TxCpltCallback)
    HardFault_Handler                        0x0800562d   Thumb Code     4  stm32f4xx_it.o(.text.HardFault_Handler)
    MX_CAN1_Init                             0x08005e41   Thumb Code    78  can.o(.text.MX_CAN1_Init)
    MX_DMA_Init                              0x08005e91   Thumb Code   168  dma.o(.text.MX_DMA_Init)
    MX_GPIO_Init                             0x08005f39   Thumb Code   386  gpio.o(.text.MX_GPIO_Init)
    MX_I2C2_Init                             0x080060bd   Thumb Code    72  i2c.o(.text.MX_I2C2_Init)
    MX_TIM10_Init                            0x08006105   Thumb Code   144  tim.o(.text.MX_TIM10_Init)
    MX_TIM11_Init                            0x08006195   Thumb Code   144  tim.o(.text.MX_TIM11_Init)
    MX_TIM12_Init                            0x08006225   Thumb Code   206  tim.o(.text.MX_TIM12_Init)
    MX_TIM1_Init                             0x080062f5   Thumb Code   362  tim.o(.text.MX_TIM1_Init)
    MX_TIM2_Init                             0x08006461   Thumb Code   122  tim.o(.text.MX_TIM2_Init)
    MX_TIM3_Init                             0x080064dd   Thumb Code   126  tim.o(.text.MX_TIM3_Init)
    MX_TIM4_Init                             0x0800655d   Thumb Code   126  tim.o(.text.MX_TIM4_Init)
    MX_TIM5_Init                             0x080065dd   Thumb Code   126  tim.o(.text.MX_TIM5_Init)
    MX_TIM7_Init                             0x0800665d   Thumb Code    90  tim.o(.text.MX_TIM7_Init)
    MX_TIM8_Init                             0x080066b9   Thumb Code   394  tim.o(.text.MX_TIM8_Init)
    MX_TIM9_Init                             0x08006845   Thumb Code   208  tim.o(.text.MX_TIM9_Init)
    MX_UART4_Init                            0x08006915   Thumb Code    64  usart.o(.text.MX_UART4_Init)
    MX_UART5_Init                            0x08006955   Thumb Code    64  usart.o(.text.MX_UART5_Init)
    MX_USART1_UART_Init                      0x08006995   Thumb Code    64  usart.o(.text.MX_USART1_UART_Init)
    MX_USART2_UART_Init                      0x080069d5   Thumb Code    64  usart.o(.text.MX_USART2_UART_Init)
    MX_USART3_UART_Init                      0x08006a15   Thumb Code    64  usart.o(.text.MX_USART3_UART_Init)
    MemManage_Handler                        0x08006a55   Thumb Code     4  stm32f4xx_it.o(.text.MemManage_Handler)
    NMI_Handler                              0x08006a59   Thumb Code     4  stm32f4xx_it.o(.text.NMI_Handler)
    PendSV_Handler                           0x08006ac9   Thumb Code     2  stm32f4xx_it.o(.text.PendSV_Handler)
    SVC_Handler                              0x08006acd   Thumb Code     2  stm32f4xx_it.o(.text.SVC_Handler)
    SysTick_Handler                          0x08006b25   Thumb Code     8  stm32f4xx_it.o(.text.SysTick_Handler)
    SystemClock_Config                       0x08006b2d   Thumb Code   188  main.o(.text.SystemClock_Config)
    SystemInit                               0x08006be9   Thumb Code    18  system_stm32f4xx.o(.text.SystemInit)
    TIM7_IRQHandler                          0x08006bfd   Thumb Code    16  stm32f4xx_it.o(.text.TIM7_IRQHandler)
    TIM8_BRK_TIM12_IRQHandler                0x08006c0d   Thumb Code    28  stm32f4xx_it.o(.text.TIM8_BRK_TIM12_IRQHandler)
    TIM8_CC_IRQHandler                       0x08006c29   Thumb Code    16  stm32f4xx_it.o(.text.TIM8_CC_IRQHandler)
    TIM8_TRG_COM_TIM14_IRQHandler            0x08006c39   Thumb Code    16  stm32f4xx_it.o(.text.TIM8_TRG_COM_TIM14_IRQHandler)
    TIM8_UP_TIM13_IRQHandler                 0x08006c49   Thumb Code    16  stm32f4xx_it.o(.text.TIM8_UP_TIM13_IRQHandler)
    TIM_Base_SetConfig                       0x08006c59   Thumb Code   420  stm32f4xx_hal_tim.o(.text.TIM_Base_SetConfig)
    TIM_CCxChannelCmd                        0x08006dfd   Thumb Code    54  stm32f4xx_hal_tim.o(.text.TIM_CCxChannelCmd)
    TIM_ETR_SetConfig                        0x08006e35   Thumb Code    52  stm32f4xx_hal_tim.o(.text.TIM_ETR_SetConfig)
    TIM_Init                                 0x08006e95   Thumb Code   532  drv_tim.o(.text.TIM_Init)
    TIM_OC2_SetConfig                        0x08007195   Thumb Code   244  stm32f4xx_hal_tim.o(.text.TIM_OC2_SetConfig)
    Task_Init                                0x080074c5   Thumb Code   226  task.o(.text.Task_Init)
    UART_Init                                0x0800785d   Thumb Code   138  drv_uart.o(.text.UART_Init)
    UART_Start_Receive_DMA                   0x08007b8d   Thumb Code   304  stm32f4xx_hal_uart.o(.text.UART_Start_Receive_DMA)
    USART1_IRQHandler                        0x08007d51   Thumb Code    16  stm32f4xx_it.o(.text.USART1_IRQHandler)
    USART2_IRQHandler                        0x08007d61   Thumb Code    16  stm32f4xx_it.o(.text.USART2_IRQHandler)
    USART3_IRQHandler                        0x08007d71   Thumb Code    16  stm32f4xx_it.o(.text.USART3_IRQHandler)
    UsageFault_Handler                       0x08007d81   Thumb Code     4  stm32f4xx_it.o(.text.UsageFault_Handler)
    mpu_get_lpf(unsigned short*)             0x08007d8d   Thumb Code   100  inv_mpu.o(.text._Z11mpu_get_lpfPt)
    mpu_set_lpf(unsigned short)              0x08007df1   Thumb Code   254  inv_mpu.o(.text._Z11mpu_set_lpft)
    mpu_read_mem(unsigned short, unsigned short, unsigned char*) 0x08007ef1   Thumb Code   242  inv_mpu.o(.text._Z12mpu_read_memttPh)
    dmp_read_fifo(short*, short*, long*, unsigned long*, short*, unsigned char*) 0x08007fe5   Thumb Code   472  inv_mpu_dmp_motion_driver.o(.text._Z13dmp_read_fifoPsS_PlPmS_Ph)
    mpu_write_mem(unsigned short, unsigned short, unsigned char*) 0x080081bd   Thumb Code   242  inv_mpu.o(.text._Z13mpu_write_memttPh)
    void Math_Constrain<float>(float*, float, float) 0x080082b1   Thumb Code    78  alg_pid.o(.text._Z14Math_ConstrainIfEvPT_S0_S0_)
    mpu_reset_fifo()                         0x08008301   Thumb Code   964  inv_mpu.o(.text._Z14mpu_reset_fifov)
    mpu_set_bypass(unsigned char)            0x080086c5   Thumb Code   668  inv_mpu.o(.text._Z14mpu_set_bypassh)
    mpu_set_sensors(unsigned char)           0x08008961   Thumb Code   402  inv_mpu.o(.text._Z15mpu_set_sensorsh)
    MPU6050_DMP_Init()                       0x08008af5   Thumb Code   244  mpu6050.o(.text._Z16MPU6050_DMP_Initv)
    dmp_set_tap_axes(unsigned char)          0x08008be9   Thumb Code   108  inv_mpu_dmp_motion_driver.o(.text._Z16dmp_set_tap_axesh)
    dmp_set_tap_time(unsigned short)         0x08008c55   Thumb Code    62  inv_mpu_dmp_motion_driver.o(.text._Z16dmp_set_tap_timet)
    mpu_get_gyro_fsr(unsigned short*)        0x08008c95   Thumb Code    84  inv_mpu.o(.text._Z16mpu_get_gyro_fsrPt)
    mpu_set_gyro_fsr(unsigned short)         0x08008ce9   Thumb Code   236  inv_mpu.o(.text._Z16mpu_set_gyro_fsrt)
    dmp_set_fifo_rate(unsigned short)        0x08008dd5   Thumb Code   164  inv_mpu_dmp_motion_driver.o(.text._Z17dmp_set_fifo_ratet)
    dmp_set_gyro_bias(long*)                 0x08008e79   Thumb Code   336  inv_mpu_dmp_motion_driver.o(.text._Z17dmp_set_gyro_biasPl)
    dmp_set_tap_count(unsigned char)         0x08008fc9   Thumb Code    74  inv_mpu_dmp_motion_driver.o(.text._Z17dmp_set_tap_counth)
    mpu_get_accel_fsr(unsigned char*)        0x08009015   Thumb Code   108  inv_mpu.o(.text._Z17mpu_get_accel_fsrPh)
    mpu_get_gyro_sens(float*)                0x08009081   Thumb Code   104  inv_mpu.o(.text._Z17mpu_get_gyro_sensPf)
    mpu_load_firmware(unsigned short, unsigned char const*, unsigned short, unsigned short) 0x080090e9   Thumb Code   332  inv_mpu.o(.text._Z17mpu_load_firmwaretPKhtt)
    mpu_lp_accel_mode(unsigned char)         0x08009235   Thumb Code   346  inv_mpu.o(.text._Z17mpu_lp_accel_modeh)
    mpu_run_self_test(long*, long*)          0x08009391   Thumb Code   378  inv_mpu.o(.text._Z17mpu_run_self_testPlS_)
    mpu_set_accel_fsr(unsigned char)         0x0800950d   Thumb Code   228  inv_mpu.o(.text._Z17mpu_set_accel_fsrh)
    mpu_set_dmp_state(unsigned char)         0x080095f1   Thumb Code   252  inv_mpu.o(.text._Z17mpu_set_dmp_stateh)
    dmp_enable_feature(unsigned short)       0x080096ed   Thumb Code   682  inv_mpu_dmp_motion_driver.o(.text._Z18dmp_enable_featuret)
    dmp_enable_lp_quat(unsigned char)        0x08009999   Thumb Code    70  inv_mpu_dmp_motion_driver.o(.text._Z18dmp_enable_lp_quath)
    dmp_set_accel_bias(long*)                0x080099e1   Thumb Code   344  inv_mpu_dmp_motion_driver.o(.text._Z18dmp_set_accel_biasPl)
    dmp_set_tap_thresh(unsigned char, unsigned short) 0x08009b39   Thumb Code   556  inv_mpu_dmp_motion_driver.o(.text._Z18dmp_set_tap_threshht)
    mpu_configure_fifo(unsigned char)        0x08009d89   Thumb Code   210  inv_mpu.o(.text._Z18mpu_configure_fifoh)
    mpu_get_accel_sens(unsigned short*)      0x08009e5d   Thumb Code   116  inv_mpu.o(.text._Z18mpu_get_accel_sensPt)
    Task_UART3_Callback(unsigned char*, unsigned short) 0x08009ed1   Thumb Code    12  task.o(.text._Z19Task_UART3_CallbackPht)
    dmp_enable_gyro_cal(unsigned char)       0x08009edd   Thumb Code   106  inv_mpu_dmp_motion_driver.o(.text._Z19dmp_enable_gyro_calh)
    dmp_set_orientation(unsigned short)      0x08009f49   Thumb Code   432  inv_mpu_dmp_motion_driver.o(.text._Z19dmp_set_orientationt)
    mpu_get_fifo_config(unsigned char*)      0x0800a0f9   Thumb Code    24  inv_mpu.o(.text._Z19mpu_get_fifo_configPh)
    mpu_get_sample_rate(unsigned short*)     0x0800a111   Thumb Code    56  inv_mpu.o(.text._Z19mpu_get_sample_ratePt)
    mpu_set_int_latched(unsigned char)       0x0800a149   Thumb Code   212  inv_mpu.o(.text._Z19mpu_set_int_latchedh)
    mpu_set_sample_rate(unsigned short)      0x0800a21d   Thumb Code   278  inv_mpu.o(.text._Z19mpu_set_sample_ratet)
    MPU6050_DMP_Get_Data(float*, float*, float*, short*, short*, short*, short*, short*, short*) 0x0800a339   Thumb Code   560  mpu6050.o(.text._Z20MPU6050_DMP_Get_DataPfS_S_PsS0_S0_S0_S0_S0_)
    mpu_read_fifo_stream(unsigned short, unsigned char*, unsigned char*) 0x0800a575   Thumb Code   376  inv_mpu.o(.text._Z20mpu_read_fifo_streamtPhS_)
    Task1ms_TIM7_Callback()                  0x0800a6ed   Thumb Code   108  task.o(.text._Z21Task1ms_TIM7_Callbackv)
    dmp_enable_6x_lp_quat(unsigned char)     0x0800a759   Thumb Code    70  inv_mpu_dmp_motion_driver.o(.text._Z21dmp_enable_6x_lp_quath)
    can_filter_mask_config(CAN_HandleTypeDef*, unsigned char, unsigned int, unsigned int) 0x0800a7a1   Thumb Code   158  drv_can.o(.text._Z22can_filter_mask_configP17CAN_HandleTypeDefhjj)
    dmp_set_tap_time_multi(unsigned short)   0x0800a841   Thumb Code    62  inv_mpu_dmp_motion_driver.o(.text._Z22dmp_set_tap_time_multit)
    dmp_set_shake_reject_time(unsigned short) 0x0800a881   Thumb Code    60  inv_mpu_dmp_motion_driver.o(.text._Z25dmp_set_shake_reject_timet)
    dmp_set_shake_reject_thresh(long, unsigned short) 0x0800a8bd   Thumb Code    86  inv_mpu_dmp_motion_driver.o(.text._Z27dmp_set_shake_reject_threshlt)
    Chassis_Device_CAN1_Callback(Struct_CAN_Rx_Buffer*) 0x0800a915   Thumb Code     8  task.o(.text._Z28Chassis_Device_CAN1_CallbackP20Struct_CAN_Rx_Buffer)
    dmp_set_shake_reject_timeout(unsigned short) 0x0800a91d   Thumb Code    60  inv_mpu_dmp_motion_driver.o(.text._Z28dmp_set_shake_reject_timeoutt)
    dmp_load_motion_driver_firmware()        0x0800a959   Thumb Code    26  inv_mpu_dmp_motion_driver.o(.text._Z31dmp_load_motion_driver_firmwarev)
    CAN_Init(CAN_HandleTypeDef*, void (*)(Struct_CAN_Rx_Buffer*)) 0x0800a975   Thumb Code   162  drv_can.o(.text._Z8CAN_InitP17CAN_HandleTypeDefPFvP20Struct_CAN_Rx_BufferE)
    float Math_Abs<float>(float)             0x0800aa19   Thumb Code    54  alg_pid.o(.text._Z8Math_AbsIfET_S0_)
    mpu_init(int_param_s*)                   0x0800aa51   Thumb Code   672  inv_mpu.o(.text._Z8mpu_initP11int_param_s)
    Class_EoCar::TIM_Calculate_PeriodElapsedCallback() 0x0800bb19   Thumb Code   382  ita_car.o(.text._ZN11Class_EoCar35TIM_Calculate_PeriodElapsedCallbackEv)
    Class_EoCar::Init()                      0x0800bc99   Thumb Code   380  ita_car.o(.text._ZN11Class_EoCar4InitEv)
    Class_EoCar::Class_EoCar__sub_object()   0x0800be35   Thumb Code    52  task.o(.text._ZN11Class_EoCarC2Ev)
    Class_EncoderMotor::TIM_Encoder_Calculate() 0x0800be69   Thumb Code   304  dvc_encodermotor.o(.text._ZN18Class_EncoderMotor21TIM_Encoder_CalculateEv)
    Class_EncoderMotor::Get_EncoderMotor_PWMOutput() 0x0800bfa5   Thumb Code    14  ita_car.o(.text._ZN18Class_EncoderMotor26Get_EncoderMotor_PWMOutputEv)
    Class_EncoderMotor::TIM_Calculate_PeriodElapsedCallback() 0x0800bfb5   Thumb Code    64  dvc_encodermotor.o(.text._ZN18Class_EncoderMotor35TIM_Calculate_PeriodElapsedCallbackEv)
    Class_EncoderMotor::Init(TIM_HandleTypeDef*, unsigned short, unsigned int, float, float) 0x0800bff5   Thumb Code    90  dvc_encodermotor.o(.text._ZN18Class_EncoderMotor4InitEP17TIM_HandleTypeDeftjff)
    Class_EncoderMotor::Class_EncoderMotor__sub_object() 0x0800c051   Thumb Code    26  task.o(.text._ZN18Class_EncoderMotorC2Ev)
    Class_PID::Set_Target(float)             0x0800c06d   Thumb Code    18  dvc_encodermotor.o(.text._ZN9Class_PID10Set_TargetEf)
    Class_PID::TIM_Adjust_PeriodElapsedCallback() 0x0800c081   Thumb Code   688  alg_pid.o(.text._ZN9Class_PID32TIM_Adjust_PeriodElapsedCallbackEv)
    Class_PID::Init(float, float, float, float, float, float, float, float, float, float, float, Enum_PID_D_First) 0x0800c331   Thumb Code   116  alg_pid.o(.text._ZN9Class_PID4InitEfffffffffff16Enum_PID_D_First)
    Class_PID::Get_Out()                     0x0800c3a5   Thumb Code    14  dvc_encodermotor.o(.text._ZN9Class_PID7Get_OutEv)
    Class_PID::Set_Now(float)                0x0800c3b5   Thumb Code    18  dvc_encodermotor.o(.text._ZN9Class_PID7Set_NowEf)
    Class_PID::Class_PID__sub_object()       0x0800c3c9   Thumb Code    48  task.o(.text._ZN9Class_PIDC2Ev)
    std::__2::__math::asin[abi:nn190000](float) 0x0800c3f9   Thumb Code    20  mpu6050.o(.text._ZNSt3__26__math4asinB8nn190000Ef)
    std::__2::__math::atan2[abi:nn190000](float, float) 0x0800c40d   Thumb Code    28  mpu6050.o(.text._ZNSt3__26__math5atan2B8nn190000Eff)
    main                                     0x0800c4f9   Thumb Code   104  main.o(.text.main)
    __ARM_fpclassifyf                        0x0800c561   Thumb Code    38  fpclassifyf.o(i.__ARM_fpclassifyf)
    __hardfp_asinf                           0x0800c589   Thumb Code   258  asinf.o(i.__hardfp_asinf)
    __hardfp_atan2f                          0x0800c6b5   Thumb Code   594  atan2f.o(i.__hardfp_atan2f)
    __mathlib_flt_infnan                     0x0800c961   Thumb Code     6  funder.o(i.__mathlib_flt_infnan)
    __mathlib_flt_infnan2                    0x0800c967   Thumb Code     6  funder.o(i.__mathlib_flt_infnan2)
    __mathlib_flt_invalid                    0x0800c96d   Thumb Code    10  funder.o(i.__mathlib_flt_invalid)
    __mathlib_flt_underflow                  0x0800c97d   Thumb Code    10  funder.o(i.__mathlib_flt_underflow)
    sqrtf                                    0x0800c98d   Thumb Code    62  sqrtf.o(i.sqrtf)
    __aeabi_d2f                              0x0800c9cd   Thumb Code     0  d2f.o(x$fpl$d2f)
    _d2f                                     0x0800c9cd   Thumb Code    98  d2f.o(x$fpl$d2f)
    __aeabi_dmul                             0x0800ca31   Thumb Code     0  dmul.o(x$fpl$dmul)
    _dmul                                    0x0800ca31   Thumb Code   332  dmul.o(x$fpl$dmul)
    __fpl_dnaninf                            0x0800cb85   Thumb Code   156  dnaninf.o(x$fpl$dnaninf)
    __fpl_dretinf                            0x0800cc21   Thumb Code    12  dretinf.o(x$fpl$dretinf)
    __aeabi_f2d                              0x0800cc2d   Thumb Code     0  f2d.o(x$fpl$f2d)
    _f2d                                     0x0800cc2d   Thumb Code    86  f2d.o(x$fpl$f2d)
    __fpl_fnaninf                            0x0800cc83   Thumb Code   140  fnaninf.o(x$fpl$fnaninf)
    _fp_init                                 0x0800cd0f   Thumb Code    26  fpinit.o(x$fpl$fpinit)
    __fplib_config_fpu_vfp                   0x0800cd27   Thumb Code     0  fpinit.o(x$fpl$fpinit)
    __fplib_config_pureend_doubles           0x0800cd27   Thumb Code     0  fpinit.o(x$fpl$fpinit)
    __fpl_fretinf                            0x0800cd29   Thumb Code    10  fretinf.o(x$fpl$fretinf)
    AHBPrescTable                            0x0800cd32   Data          16  system_stm32f4xx.o(.rodata.AHBPrescTable)
    __I$use$fp                               0x0800cd32   Number         0  usenofp.o(x$fpl$usenofp)
    APBPrescTable                            0x0800cd42   Data           8  system_stm32f4xx.o(.rodata.APBPrescTable)
    Region$$Table$$Base                      0x0800d99c   Number         0  anon$$obj.o(Region$$Table)
    Region$$Table$$Limit                     0x0800d9bc   Number         0  anon$$obj.o(Region$$Table)
    SHT$$INIT_ARRAY$$Base                    0x0800d9bc   Number         0  task.o(.init_array)
    SHT$$INIT_ARRAY$$Limit                   0x0800d9c0   Number         0  init_aeabi.o(.init_array)
    SystemCoreClock                          0x20000000   Data           4  system_stm32f4xx.o(.data.SystemCoreClock)
    mpu6050_init_flag                        0x2000003c   Data           4  task.o(.data.mpu6050_init_flag)
    uwTickFreq                               0x20000040   Data           1  stm32f4xx_hal.o(.data.uwTickFreq)
    uwTickPrio                               0x20000044   Data           4  stm32f4xx_hal.o(.data.uwTickPrio)
    __libspace_start                         0x20000048   Data          96  libspace.o(.bss)
    CAN1_Manage_Object                       0x200000a8   Data          44  drv_can.o(.bss.CAN1_Manage_Object)
    __temporary_stack_top$libspace           0x200000a8   Data           0  libspace.o(.bss)
    CAN2_Manage_Object                       0x200000d4   Data          44  drv_can.o(.bss.CAN2_Manage_Object)
    EoCar                                    0x20000100   Data         592  task.o(.bss.EoCar)
    TIM10_Manage_Object                      0x20000350   Data           8  drv_tim.o(.bss.TIM10_Manage_Object)
    TIM11_Manage_Object                      0x20000358   Data           8  drv_tim.o(.bss.TIM11_Manage_Object)
    TIM12_Manage_Object                      0x20000360   Data           8  drv_tim.o(.bss.TIM12_Manage_Object)
    TIM13_Manage_Object                      0x20000368   Data           8  drv_tim.o(.bss.TIM13_Manage_Object)
    TIM14_Manage_Object                      0x20000370   Data           8  drv_tim.o(.bss.TIM14_Manage_Object)
    TIM1_Manage_Object                       0x20000378   Data           8  drv_tim.o(.bss.TIM1_Manage_Object)
    TIM2_Manage_Object                       0x20000380   Data           8  drv_tim.o(.bss.TIM2_Manage_Object)
    TIM3_Manage_Object                       0x20000388   Data           8  drv_tim.o(.bss.TIM3_Manage_Object)
    TIM4_Manage_Object                       0x20000390   Data           8  drv_tim.o(.bss.TIM4_Manage_Object)
    TIM5_Manage_Object                       0x20000398   Data           8  drv_tim.o(.bss.TIM5_Manage_Object)
    TIM6_Manage_Object                       0x200003a0   Data           8  drv_tim.o(.bss.TIM6_Manage_Object)
    TIM7_Manage_Object                       0x200003a8   Data           8  drv_tim.o(.bss.TIM7_Manage_Object)
    TIM8_Manage_Object                       0x200003b0   Data           8  drv_tim.o(.bss.TIM8_Manage_Object)
    TIM9_Manage_Object                       0x200003b8   Data           8  drv_tim.o(.bss.TIM9_Manage_Object)
    UART1_Manage_Object                      0x200003c0   Data        1040  drv_uart.o(.bss.UART1_Manage_Object)
    UART6_Manage_Object                      0x200007d0   Data        1040  drv_uart.o(.bss.UART6_Manage_Object)
    ax                                       0x20000bf0   Data           2  task.o(.bss.ax)
    ay                                       0x20000bf2   Data           2  task.o(.bss.ay)
    az                                       0x20000bf4   Data           2  task.o(.bss.az)
    gx                                       0x20000bf6   Data           2  task.o(.bss.gx)
    gy                                       0x20000bf8   Data           2  task.o(.bss.gy)
    gz                                       0x20000bfa   Data           2  task.o(.bss.gz)
    hcan1                                    0x20000bfc   Data          40  can.o(.bss.hcan1)
    hdma_i2c2_rx                             0x20000c24   Data          96  i2c.o(.bss.hdma_i2c2_rx)
    hdma_i2c2_tx                             0x20000c84   Data          96  i2c.o(.bss.hdma_i2c2_tx)
    hdma_usart1_rx                           0x20000ce4   Data          96  usart.o(.bss.hdma_usart1_rx)
    hdma_usart2_rx                           0x20000d44   Data          96  usart.o(.bss.hdma_usart2_rx)
    hdma_usart3_rx                           0x20000da4   Data          96  usart.o(.bss.hdma_usart3_rx)
    hi2c2                                    0x20000e04   Data          84  i2c.o(.bss.hi2c2)
    htim1                                    0x20000e58   Data          72  tim.o(.bss.htim1)
    htim10                                   0x20000ea0   Data          72  tim.o(.bss.htim10)
    htim11                                   0x20000ee8   Data          72  tim.o(.bss.htim11)
    htim12                                   0x20000f30   Data          72  tim.o(.bss.htim12)
    htim2                                    0x20000f78   Data          72  tim.o(.bss.htim2)
    htim3                                    0x20000fc0   Data          72  tim.o(.bss.htim3)
    htim4                                    0x20001008   Data          72  tim.o(.bss.htim4)
    htim5                                    0x20001050   Data          72  tim.o(.bss.htim5)
    htim7                                    0x20001098   Data          72  tim.o(.bss.htim7)
    htim8                                    0x200010e0   Data          72  tim.o(.bss.htim8)
    htim9                                    0x20001128   Data          72  tim.o(.bss.htim9)
    huart1                                   0x20001170   Data          72  usart.o(.bss.huart1)
    huart2                                   0x200011b8   Data          72  usart.o(.bss.huart2)
    huart3                                   0x20001200   Data          72  usart.o(.bss.huart3)
    huart4                                   0x20001248   Data          72  usart.o(.bss.huart4)
    huart5                                   0x20001290   Data          72  usart.o(.bss.huart5)
    pitch                                    0x200012d8   Data           4  task.o(.bss.pitch)
    roll                                     0x200012dc   Data           4  task.o(.bss.roll)
    uwTick                                   0x200012e0   Data           4  stm32f4xx_hal.o(.bss.uwTick)
    yaw                                      0x200012e4   Data           4  task.o(.bss.yaw)



==============================================================================

Memory Map of the image

  Image Entry point : 0x08000189

  Load Region LR_IROM1 (Base: 0x08000000, Size: 0x0000da08, Max: 0x00080000, ABSOLUTE)

    Execution Region ER_IROM1 (Exec base: 0x08000000, Load base: 0x08000000, Size: 0x0000d9c0, Max: 0x00080000, ABSOLUTE)

    Exec Addr    Load Addr    Size         Type   Attr      Idx    E Section Name        Object

    0x08000000   0x08000000   0x00000188   Data   RO            3    RESET               startup_stm32f407xx.o
    0x08000188   0x08000188   0x00000008   Code   RO         1966  * !!!main             c_w.l(__main.o)
    0x08000190   0x08000190   0x0000005c   Code   RO         2266    !!!scatter          c_w.l(__scatter.o)
    0x080001ec   0x080001ec   0x0000001a   Code   RO         2270    !!handler_copy      c_w.l(__scatter_copy.o)
    0x08000206   0x08000206   0x00000002   PAD
    0x08000208   0x08000208   0x00000002   Code   RO         2267    !!handler_null      c_w.l(__scatter.o)
    0x0800020a   0x0800020a   0x00000002   PAD
    0x0800020c   0x0800020c   0x0000001c   Code   RO         2272    !!handler_zi        c_w.l(__scatter_zi.o)
    0x08000228   0x08000228   0x00000002   Code   RO         2187    .ARM.Collect$$libinit$$00000000  c_w.l(libinit.o)
    0x0800022a   0x0800022a   0x00000004   Code   RO         2007    .ARM.Collect$$libinit$$00000001  c_w.l(libinit2.o)
    0x0800022e   0x0800022e   0x00000000   Code   RO         2010    .ARM.Collect$$libinit$$00000004  c_w.l(libinit2.o)
    0x0800022e   0x0800022e   0x00000000   Code   RO         2012    .ARM.Collect$$libinit$$00000006  c_w.l(libinit2.o)
    0x0800022e   0x0800022e   0x00000000   Code   RO         2015    .ARM.Collect$$libinit$$0000000C  c_w.l(libinit2.o)
    0x0800022e   0x0800022e   0x00000000   Code   RO         2017    .ARM.Collect$$libinit$$0000000E  c_w.l(libinit2.o)
    0x0800022e   0x0800022e   0x00000000   Code   RO         2019    .ARM.Collect$$libinit$$00000010  c_w.l(libinit2.o)
    0x0800022e   0x0800022e   0x00000000   Code   RO         2022    .ARM.Collect$$libinit$$00000013  c_w.l(libinit2.o)
    0x0800022e   0x0800022e   0x00000000   Code   RO         2024    .ARM.Collect$$libinit$$00000015  c_w.l(libinit2.o)
    0x0800022e   0x0800022e   0x00000000   Code   RO         2026    .ARM.Collect$$libinit$$00000017  c_w.l(libinit2.o)
    0x0800022e   0x0800022e   0x00000000   Code   RO         2028    .ARM.Collect$$libinit$$00000019  c_w.l(libinit2.o)
    0x0800022e   0x0800022e   0x00000000   Code   RO         2030    .ARM.Collect$$libinit$$0000001B  c_w.l(libinit2.o)
    0x0800022e   0x0800022e   0x00000000   Code   RO         2032    .ARM.Collect$$libinit$$0000001D  c_w.l(libinit2.o)
    0x0800022e   0x0800022e   0x00000000   Code   RO         2034    .ARM.Collect$$libinit$$0000001F  c_w.l(libinit2.o)
    0x0800022e   0x0800022e   0x00000000   Code   RO         2036    .ARM.Collect$$libinit$$00000021  c_w.l(libinit2.o)
    0x0800022e   0x0800022e   0x00000000   Code   RO         2038    .ARM.Collect$$libinit$$00000023  c_w.l(libinit2.o)
    0x0800022e   0x0800022e   0x00000000   Code   RO         2040    .ARM.Collect$$libinit$$00000025  c_w.l(libinit2.o)
    0x0800022e   0x0800022e   0x00000000   Code   RO         2042    .ARM.Collect$$libinit$$00000027  c_w.l(libinit2.o)
    0x0800022e   0x0800022e   0x00000000   Code   RO         2046    .ARM.Collect$$libinit$$0000002E  c_w.l(libinit2.o)
    0x0800022e   0x0800022e   0x00000000   Code   RO         2048    .ARM.Collect$$libinit$$00000030  c_w.l(libinit2.o)
    0x0800022e   0x0800022e   0x00000000   Code   RO         2050    .ARM.Collect$$libinit$$00000032  c_w.l(libinit2.o)
    0x0800022e   0x0800022e   0x00000004   Code   RO         2051    .ARM.Collect$$libinit$$00000033  c_w.l(libinit2.o)
    0x08000232   0x08000232   0x00000000   Code   RO         2052    .ARM.Collect$$libinit$$00000034  c_w.l(libinit2.o)
    0x08000232   0x08000232   0x00000002   Code   RO         2053    .ARM.Collect$$libinit$$00000035  c_w.l(libinit2.o)
    0x08000234   0x08000234   0x00000002   Code   RO         2234    .ARM.Collect$$libshutdown$$00000000  c_w.l(libshutdown.o)
    0x08000236   0x08000236   0x00000000   Code   RO         2250    .ARM.Collect$$libshutdown$$00000002  c_w.l(libshutdown2.o)
    0x08000236   0x08000236   0x00000000   Code   RO         2252    .ARM.Collect$$libshutdown$$00000004  c_w.l(libshutdown2.o)
    0x08000236   0x08000236   0x00000000   Code   RO         2255    .ARM.Collect$$libshutdown$$00000007  c_w.l(libshutdown2.o)
    0x08000236   0x08000236   0x00000000   Code   RO         2258    .ARM.Collect$$libshutdown$$0000000A  c_w.l(libshutdown2.o)
    0x08000236   0x08000236   0x00000000   Code   RO         2260    .ARM.Collect$$libshutdown$$0000000C  c_w.l(libshutdown2.o)
    0x08000236   0x08000236   0x00000000   Code   RO         2263    .ARM.Collect$$libshutdown$$0000000F  c_w.l(libshutdown2.o)
    0x08000236   0x08000236   0x00000002   Code   RO         2264    .ARM.Collect$$libshutdown$$00000010  c_w.l(libshutdown2.o)
    0x08000238   0x08000238   0x00000000   Code   RO         2000    .ARM.Collect$$rtentry$$00000000  c_w.l(__rtentry.o)
    0x08000238   0x08000238   0x00000000   Code   RO         2136    .ARM.Collect$$rtentry$$00000002  c_w.l(__rtentry2.o)
    0x08000238   0x08000238   0x00000006   Code   RO         2148    .ARM.Collect$$rtentry$$00000004  c_w.l(__rtentry4.o)
    0x0800023e   0x0800023e   0x00000000   Code   RO         2138    .ARM.Collect$$rtentry$$00000009  c_w.l(__rtentry2.o)
    0x0800023e   0x0800023e   0x00000004   Code   RO         2139    .ARM.Collect$$rtentry$$0000000A  c_w.l(__rtentry2.o)
    0x08000242   0x08000242   0x00000000   Code   RO         2141    .ARM.Collect$$rtentry$$0000000C  c_w.l(__rtentry2.o)
    0x08000242   0x08000242   0x00000008   Code   RO         2142    .ARM.Collect$$rtentry$$0000000D  c_w.l(__rtentry2.o)
    0x0800024a   0x0800024a   0x00000002   Code   RO         2192    .ARM.Collect$$rtexit$$00000000  c_w.l(rtexit.o)
    0x0800024c   0x0800024c   0x00000000   Code   RO         2214    .ARM.Collect$$rtexit$$00000002  c_w.l(rtexit2.o)
    0x0800024c   0x0800024c   0x00000004   Code   RO         2215    .ARM.Collect$$rtexit$$00000003  c_w.l(rtexit2.o)
    0x08000250   0x08000250   0x00000006   Code   RO         2216    .ARM.Collect$$rtexit$$00000004  c_w.l(rtexit2.o)
    0x08000256   0x08000256   0x00000002   PAD
    0x08000258   0x08000258   0x00000040   Code   RO            4    .text               startup_stm32f407xx.o
    0x08000298   0x08000298   0x000000f0   Code   RO         1956    .text               c_w.l(lludivv7m.o)
    0x08000388   0x08000388   0x00000074   Code   RO         1958    .text               c_w.l(llsdiv.o)
    0x080003fc   0x080003fc   0x00000058   Code   RO         1960    .text               c_w.l(memcmp.o)
    0x08000454   0x08000454   0x0000004e   Code   RO         1962    .text               c_w.l(rt_memclr_w.o)
    0x080004a2   0x080004a2   0x00000006   Code   RO         1964    .text               c_w.l(heapauxi.o)
    0x080004a8   0x080004a8   0x0000002c   Code   RO         1971    .text               c_w.l(init_aeabi.o)
    0x080004d4   0x080004d4   0x00000016   Code   RO         2005    .text               c_w.l(_rserrno.o)
    0x080004ea   0x080004ea   0x00000002   PAD
    0x080004ec   0x080004ec   0x00000008   Code   RO         2155    .text               c_w.l(rt_errno_addr_intlibspace.o)
    0x080004f4   0x080004f4   0x00000008   Code   RO         2167    .text               c_w.l(libspace.o)
    0x080004fc   0x080004fc   0x0000004a   Code   RO         2170    .text               c_w.l(sys_stackheap_outer.o)
    0x08000546   0x08000546   0x00000012   Code   RO         2172    .text               c_w.l(exit.o)
    0x08000558   0x08000558   0x0000000c   Code   RO         2206    .text               c_w.l(sys_exit.o)
    0x08000564   0x08000564   0x00000002   Code   RO         2210    .text               c_w.l(use_no_semi.o)
    0x08000566   0x08000566   0x00000000   Code   RO         2212    .text               c_w.l(indicate_semi.o)
    0x08000566   0x08000566   0x00000002   PAD
    0x08000568   0x08000568   0x00000004   Code   RO          156    .text.BusFault_Handler  stm32f4xx_it.o
    0x0800056c   0x0800056c   0x00000010   Code   RO          174    .text.CAN1_RX0_IRQHandler  stm32f4xx_it.o
    0x0800057c   0x0800057c   0x00000010   Code   RO          176    .text.CAN1_RX1_IRQHandler  stm32f4xx_it.o
    0x0800058c   0x0800058c   0x00000010   Code   RO          168    .text.DMA1_Stream1_IRQHandler  stm32f4xx_it.o
    0x0800059c   0x0800059c   0x00000010   Code   RO          170    .text.DMA1_Stream2_IRQHandler  stm32f4xx_it.o
    0x080005ac   0x080005ac   0x00000010   Code   RO          172    .text.DMA1_Stream5_IRQHandler  stm32f4xx_it.o
    0x080005bc   0x080005bc   0x00000010   Code   RO          192    .text.DMA1_Stream7_IRQHandler  stm32f4xx_it.o
    0x080005cc   0x080005cc   0x00000010   Code   RO          196    .text.DMA2_Stream2_IRQHandler  stm32f4xx_it.o
    0x080005dc   0x080005dc   0x00000056   Code   RO          470    .text.DMA_CalcBaseAndBitshift  stm32f4xx_hal_dma.o
    0x08000632   0x08000632   0x00000002   PAD
    0x08000634   0x08000634   0x000000f0   Code   RO          468    .text.DMA_CheckFifoParam  stm32f4xx_hal_dma.o
    0x08000724   0x08000724   0x00000050   Code   RO          476    .text.DMA_SetConfig  stm32f4xx_hal_dma.o
    0x08000774   0x08000774   0x00000002   Code   RO          162    .text.DebugMon_Handler  stm32f4xx_it.o
    0x08000776   0x08000776   0x00000002   PAD
    0x08000778   0x08000778   0x00000006   Code   RO           15    .text.Error_Handler  main.o
    0x0800077e   0x0800077e   0x00000002   PAD
    0x08000780   0x08000780   0x00000052   Code   RO          247    .text.HAL_CAN_ActivateNotification  stm32f4xx_hal_can.o
    0x080007d2   0x080007d2   0x00000002   PAD
    0x080007d4   0x080007d4   0x0000019e   Code   RO          223    .text.HAL_CAN_ConfigFilter  stm32f4xx_hal_can.o
    0x08000972   0x08000972   0x00000002   PAD
    0x08000974   0x08000974   0x00000008   Code   RO          277    .text.HAL_CAN_ErrorCallback  stm32f4xx_hal_can.o
    0x0800097c   0x0800097c   0x00000212   Code   RO          243    .text.HAL_CAN_GetRxMessage  stm32f4xx_hal_can.o
    0x08000b8e   0x08000b8e   0x00000002   PAD
    0x08000b90   0x08000b90   0x000003f2   Code   RO          251    .text.HAL_CAN_IRQHandler  stm32f4xx_hal_can.o
    0x08000f82   0x08000f82   0x00000002   PAD
    0x08000f84   0x08000f84   0x000001de   Code   RO          213    .text.HAL_CAN_Init  stm32f4xx_hal_can.o
    0x08001162   0x08001162   0x00000002   PAD
    0x08001164   0x08001164   0x000000b4   Code   RO           35    .text.HAL_CAN_MspInit  can.o
    0x08001218   0x08001218   0x00000008   Code   RO          265    .text.HAL_CAN_RxFifo0FullCallback  stm32f4xx_hal_can.o
    0x08001220   0x08001220   0x00000078   Code   RO         1687    .text.HAL_CAN_RxFifo0MsgPendingCallback  drv_can.o
    0x08001298   0x08001298   0x00000008   Code   RO          269    .text.HAL_CAN_RxFifo1FullCallback  stm32f4xx_hal_can.o
    0x080012a0   0x080012a0   0x00000078   Code   RO         1689    .text.HAL_CAN_RxFifo1MsgPendingCallback  drv_can.o
    0x08001318   0x08001318   0x00000008   Code   RO          273    .text.HAL_CAN_SleepCallback  stm32f4xx_hal_can.o
    0x08001320   0x08001320   0x0000008a   Code   RO          225    .text.HAL_CAN_Start  stm32f4xx_hal_can.o
    0x080013aa   0x080013aa   0x00000002   PAD
    0x080013ac   0x080013ac   0x00000008   Code   RO          255    .text.HAL_CAN_TxMailbox0AbortCallback  stm32f4xx_hal_can.o
    0x080013b4   0x080013b4   0x00000008   Code   RO          253    .text.HAL_CAN_TxMailbox0CompleteCallback  stm32f4xx_hal_can.o
    0x080013bc   0x080013bc   0x00000008   Code   RO          259    .text.HAL_CAN_TxMailbox1AbortCallback  stm32f4xx_hal_can.o
    0x080013c4   0x080013c4   0x00000008   Code   RO          257    .text.HAL_CAN_TxMailbox1CompleteCallback  stm32f4xx_hal_can.o
    0x080013cc   0x080013cc   0x00000008   Code   RO          263    .text.HAL_CAN_TxMailbox2AbortCallback  stm32f4xx_hal_can.o
    0x080013d4   0x080013d4   0x00000008   Code   RO          261    .text.HAL_CAN_TxMailbox2CompleteCallback  stm32f4xx_hal_can.o
    0x080013dc   0x080013dc   0x00000008   Code   RO          275    .text.HAL_CAN_WakeUpFromRxMsgCallback  stm32f4xx_hal_can.o
    0x080013e4   0x080013e4   0x000000ec   Code   RO          480    .text.HAL_DMA_Abort  stm32f4xx_hal_dma.o
    0x080014d0   0x080014d0   0x00000044   Code   RO          482    .text.HAL_DMA_Abort_IT  stm32f4xx_hal_dma.o
    0x08001514   0x08001514   0x0000031e   Code   RO          486    .text.HAL_DMA_IRQHandler  stm32f4xx_hal_dma.o
    0x08001832   0x08001832   0x00000002   PAD
    0x08001834   0x08001834   0x0000016e   Code   RO          466    .text.HAL_DMA_Init  stm32f4xx_hal_dma.o
    0x080019a2   0x080019a2   0x00000002   PAD
    0x080019a4   0x080019a4   0x000000c2   Code   RO          478    .text.HAL_DMA_Start_IT  stm32f4xx_hal_dma.o
    0x08001a66   0x08001a66   0x00000002   PAD
    0x08001a68   0x08001a68   0x00000042   Code   RO          661    .text.HAL_Delay     stm32f4xx_hal.o
    0x08001aaa   0x08001aaa   0x00000002   PAD
    0x08001aac   0x08001aac   0x000003b6   Code   RO          428    .text.HAL_GPIO_Init  stm32f4xx_hal_gpio.o
    0x08001e62   0x08001e62   0x00000002   PAD
    0x08001e64   0x08001e64   0x0000002e   Code   RO          434    .text.HAL_GPIO_WritePin  stm32f4xx_hal_gpio.o
    0x08001e92   0x08001e92   0x00000002   PAD
    0x08001e94   0x08001e94   0x0000000c   Code   RO          653    .text.HAL_GetTick   stm32f4xx_hal.o
    0x08001ea0   0x08001ea0   0x000002a4   Code   RO          730    .text.HAL_I2C_Init  stm32f4xx_hal_i2c.o
    0x08002144   0x08002144   0x00000448   Code   RO          784    .text.HAL_I2C_Mem_Read  stm32f4xx_hal_i2c.o
    0x0800258c   0x0800258c   0x00000214   Code   RO          780    .text.HAL_I2C_Mem_Write  stm32f4xx_hal_i2c.o
    0x080027a0   0x080027a0   0x0000013a   Code   RO           57    .text.HAL_I2C_MspInit  i2c.o
    0x080028da   0x080028da   0x00000002   PAD
    0x080028dc   0x080028dc   0x0000001a   Code   RO          651    .text.HAL_IncTick   stm32f4xx_hal.o
    0x080028f6   0x080028f6   0x00000002   PAD
    0x080028f8   0x080028f8   0x00000036   Code   RO          641    .text.HAL_Init      stm32f4xx_hal.o
    0x0800292e   0x0800292e   0x00000002   PAD
    0x08002930   0x08002930   0x00000070   Code   RO          643    .text.HAL_InitTick  stm32f4xx_hal.o
    0x080029a0   0x080029a0   0x0000004a   Code   RO          205    .text.HAL_MspInit   stm32f4xx_hal_msp.o
    0x080029ea   0x080029ea   0x00000002   PAD
    0x080029ec   0x080029ec   0x00000014   Code   RO          576    .text.HAL_NVIC_EnableIRQ  stm32f4xx_hal_cortex.o
    0x08002a00   0x08002a00   0x00000032   Code   RO          568    .text.HAL_NVIC_SetPriority  stm32f4xx_hal_cortex.o
    0x08002a32   0x08002a32   0x00000002   PAD
    0x08002a34   0x08002a34   0x00000010   Code   RO          564    .text.HAL_NVIC_SetPriorityGrouping  stm32f4xx_hal_cortex.o
    0x08002a44   0x08002a44   0x00000262   Code   RO          296    .text.HAL_RCC_ClockConfig  stm32f4xx_hal_rcc.o
    0x08002ca6   0x08002ca6   0x00000002   PAD
    0x08002ca8   0x08002ca8   0x0000000c   Code   RO          306    .text.HAL_RCC_GetHCLKFreq  stm32f4xx_hal_rcc.o
    0x08002cb4   0x08002cb4   0x00000022   Code   RO          308    .text.HAL_RCC_GetPCLK1Freq  stm32f4xx_hal_rcc.o
    0x08002cd6   0x08002cd6   0x00000002   PAD
    0x08002cd8   0x08002cd8   0x00000022   Code   RO          310    .text.HAL_RCC_GetPCLK2Freq  stm32f4xx_hal_rcc.o
    0x08002cfa   0x08002cfa   0x00000002   PAD
    0x08002cfc   0x08002cfc   0x000000e6   Code   RO          298    .text.HAL_RCC_GetSysClockFreq  stm32f4xx_hal_rcc.o
    0x08002de2   0x08002de2   0x00000002   PAD
    0x08002de4   0x08002de4   0x000006be   Code   RO          294    .text.HAL_RCC_OscConfig  stm32f4xx_hal_rcc.o
    0x080034a2   0x080034a2   0x00000002   PAD
    0x080034a4   0x080034a4   0x00000010   Code   RO          588    .text.HAL_SYSTICK_Config  stm32f4xx_hal_cortex.o
    0x080034b4   0x080034b4   0x00000008   Code   RO         1225    .text.HAL_TIMEx_BreakCallback  stm32f4xx_hal_tim_ex.o
    0x080034bc   0x080034bc   0x00000008   Code   RO         1221    .text.HAL_TIMEx_CommutCallback  stm32f4xx_hal_tim_ex.o
    0x080034c4   0x080034c4   0x000000b2   Code   RO         1217    .text.HAL_TIMEx_ConfigBreakDeadTime  stm32f4xx_hal_tim_ex.o
    0x08003576   0x08003576   0x00000002   PAD
    0x08003578   0x08003578   0x00000122   Code   RO         1215    .text.HAL_TIMEx_MasterConfigSynchronization  stm32f4xx_hal_tim_ex.o
    0x0800369a   0x0800369a   0x00000002   PAD
    0x0800369c   0x0800369c   0x0000009c   Code   RO          902    .text.HAL_TIM_Base_Init  stm32f4xx_hal_tim.o
    0x08003738   0x08003738   0x000001fc   Code   RO           95    .text.HAL_TIM_Base_MspInit  tim.o
    0x08003934   0x08003934   0x000000f6   Code   RO          916    .text.HAL_TIM_Base_Start_IT  stm32f4xx_hal_tim.o
    0x08003a2a   0x08003a2a   0x00000002   PAD
    0x08003a2c   0x08003a2c   0x00000184   Code   RO         1094    .text.HAL_TIM_ConfigClockSource  stm32f4xx_hal_tim.o
    0x08003bb0   0x08003bb0   0x00000130   Code   RO         1016    .text.HAL_TIM_Encoder_Init  stm32f4xx_hal_tim.o
    0x08003ce0   0x08003ce0   0x0000023c   Code   RO           97    .text.HAL_TIM_Encoder_MspInit  tim.o
    0x08003f1c   0x08003f1c   0x0000014e   Code   RO         1024    .text.HAL_TIM_Encoder_Start  stm32f4xx_hal_tim.o
    0x0800406a   0x0800406a   0x00000002   PAD
    0x0800406c   0x0800406c   0x00000008   Code   RO         1038    .text.HAL_TIM_IC_CaptureCallback  stm32f4xx_hal_tim.o
    0x08004074   0x08004074   0x0000021a   Code   RO         1036    .text.HAL_TIM_IRQHandler  stm32f4xx_hal_tim.o
    0x0800428e   0x0800428e   0x00000002   PAD
    0x08004290   0x08004290   0x0000022a   Code   RO           73    .text.HAL_TIM_MspPostInit  tim.o
    0x080044ba   0x080044ba   0x00000002   PAD
    0x080044bc   0x080044bc   0x000000a4   Code   RO         1048    .text.HAL_TIM_OC_ConfigChannel  stm32f4xx_hal_tim.o
    0x08004560   0x08004560   0x00000008   Code   RO         1040    .text.HAL_TIM_OC_DelayElapsedCallback  stm32f4xx_hal_tim.o
    0x08004568   0x08004568   0x0000009c   Code   RO          930    .text.HAL_TIM_OC_Init  stm32f4xx_hal_tim.o
    0x08004604   0x08004604   0x00000008   Code   RO          932    .text.HAL_TIM_OC_MspInit  stm32f4xx_hal_tim.o
    0x0800460c   0x0800460c   0x00000142   Code   RO         1068    .text.HAL_TIM_PWM_ConfigChannel  stm32f4xx_hal_tim.o
    0x0800474e   0x0800474e   0x00000002   PAD
    0x08004750   0x08004750   0x0000009c   Code   RO          956    .text.HAL_TIM_PWM_Init  stm32f4xx_hal_tim.o
    0x080047ec   0x080047ec   0x00000008   Code   RO          958    .text.HAL_TIM_PWM_MspInit  stm32f4xx_hal_tim.o
    0x080047f4   0x080047f4   0x00000008   Code   RO         1042    .text.HAL_TIM_PWM_PulseFinishedCallback  stm32f4xx_hal_tim.o
    0x080047fc   0x080047fc   0x000001ca   Code   RO          964    .text.HAL_TIM_PWM_Start  stm32f4xx_hal_tim.o
    0x080049c6   0x080049c6   0x00000002   PAD
    0x080049c8   0x080049c8   0x000001dc   Code   RO         1618    .text.HAL_TIM_PeriodElapsedCallback  drv_tim.o
    0x08004ba4   0x08004ba4   0x00000008   Code   RO         1046    .text.HAL_TIM_TriggerCallback  stm32f4xx_hal_tim.o
    0x08004bac   0x08004bac   0x000000b8   Code   RO         1292    .text.HAL_UARTEx_ReceiveToIdle_DMA  stm32f4xx_hal_uart.o
    0x08004c64   0x08004c64   0x00000098   Code   RO         1756    .text.HAL_UARTEx_RxEventCallback  drv_uart.o
    0x08004cfc   0x08004cfc   0x00000008   Code   RO         1328    .text.HAL_UART_ErrorCallback  stm32f4xx_hal_uart.o
    0x08004d04   0x08004d04   0x0000045c   Code   RO         1322    .text.HAL_UART_IRQHandler  stm32f4xx_hal_uart.o
    0x08005160   0x08005160   0x0000009e   Code   RO         1238    .text.HAL_UART_Init  stm32f4xx_hal_uart.o
    0x080051fe   0x080051fe   0x00000002   PAD
    0x08005200   0x08005200   0x00000412   Code   RO          131    .text.HAL_UART_MspInit  usart.o
    0x08005612   0x08005612   0x00000002   PAD
    0x08005614   0x08005614   0x00000008   Code   RO         1340    .text.HAL_UART_RxCpltCallback  stm32f4xx_hal_uart.o
    0x0800561c   0x0800561c   0x00000008   Code   RO         1342    .text.HAL_UART_RxHalfCpltCallback  stm32f4xx_hal_uart.o
    0x08005624   0x08005624   0x00000008   Code   RO         1336    .text.HAL_UART_TxCpltCallback  stm32f4xx_hal_uart.o
    0x0800562c   0x0800562c   0x00000004   Code   RO          152    .text.HardFault_Handler  stm32f4xx_it.o
    0x08005630   0x08005630   0x00000064   Code   RO          892    .text.I2C_IsAcknowledgeFailed  stm32f4xx_hal_i2c.o
    0x08005694   0x08005694   0x000001e2   Code   RO          786    .text.I2C_RequestMemoryRead  stm32f4xx_hal_i2c.o
    0x08005876   0x08005876   0x00000002   PAD
    0x08005878   0x08005878   0x0000013a   Code   RO          782    .text.I2C_RequestMemoryWrite  stm32f4xx_hal_i2c.o
    0x080059b2   0x080059b2   0x00000002   PAD
    0x080059b4   0x080059b4   0x000000ac   Code   RO          746    .text.I2C_WaitOnBTFFlagUntilTimeout  stm32f4xx_hal_i2c.o
    0x08005a60   0x08005a60   0x00000108   Code   RO          740    .text.I2C_WaitOnFlagUntilTimeout  stm32f4xx_hal_i2c.o
    0x08005b68   0x08005b68   0x00000154   Code   RO          890    .text.I2C_WaitOnMasterAddressFlagUntilTimeout  stm32f4xx_hal_i2c.o
    0x08005cbc   0x08005cbc   0x000000dc   Code   RO          752    .text.I2C_WaitOnRXNEFlagUntilTimeout  stm32f4xx_hal_i2c.o
    0x08005d98   0x08005d98   0x000000a8   Code   RO          744    .text.I2C_WaitOnTXEFlagUntilTimeout  stm32f4xx_hal_i2c.o
    0x08005e40   0x08005e40   0x0000004e   Code   RO           33    .text.MX_CAN1_Init  can.o
    0x08005e8e   0x08005e8e   0x00000002   PAD
    0x08005e90   0x08005e90   0x000000a8   Code   RO           47    .text.MX_DMA_Init   dma.o
    0x08005f38   0x08005f38   0x00000182   Code   RO           25    .text.MX_GPIO_Init  gpio.o
    0x080060ba   0x080060ba   0x00000002   PAD
    0x080060bc   0x080060bc   0x00000048   Code   RO           55    .text.MX_I2C2_Init  i2c.o
    0x08006104   0x08006104   0x00000090   Code   RO           89    .text.MX_TIM10_Init  tim.o
    0x08006194   0x08006194   0x00000090   Code   RO           91    .text.MX_TIM11_Init  tim.o
    0x08006224   0x08006224   0x000000ce   Code   RO           93    .text.MX_TIM12_Init  tim.o
    0x080062f2   0x080062f2   0x00000002   PAD
    0x080062f4   0x080062f4   0x0000016a   Code   RO           71    .text.MX_TIM1_Init  tim.o
    0x0800645e   0x0800645e   0x00000002   PAD
    0x08006460   0x08006460   0x0000007a   Code   RO           75    .text.MX_TIM2_Init  tim.o
    0x080064da   0x080064da   0x00000002   PAD
    0x080064dc   0x080064dc   0x0000007e   Code   RO           77    .text.MX_TIM3_Init  tim.o
    0x0800655a   0x0800655a   0x00000002   PAD
    0x0800655c   0x0800655c   0x0000007e   Code   RO           79    .text.MX_TIM4_Init  tim.o
    0x080065da   0x080065da   0x00000002   PAD
    0x080065dc   0x080065dc   0x0000007e   Code   RO           81    .text.MX_TIM5_Init  tim.o
    0x0800665a   0x0800665a   0x00000002   PAD
    0x0800665c   0x0800665c   0x0000005a   Code   RO           83    .text.MX_TIM7_Init  tim.o
    0x080066b6   0x080066b6   0x00000002   PAD
    0x080066b8   0x080066b8   0x0000018a   Code   RO           85    .text.MX_TIM8_Init  tim.o
    0x08006842   0x08006842   0x00000002   PAD
    0x08006844   0x08006844   0x000000d0   Code   RO           87    .text.MX_TIM9_Init  tim.o
    0x08006914   0x08006914   0x00000040   Code   RO          121    .text.MX_UART4_Init  usart.o
    0x08006954   0x08006954   0x00000040   Code   RO          123    .text.MX_UART5_Init  usart.o
    0x08006994   0x08006994   0x00000040   Code   RO          125    .text.MX_USART1_UART_Init  usart.o
    0x080069d4   0x080069d4   0x00000040   Code   RO          127    .text.MX_USART2_UART_Init  usart.o
    0x08006a14   0x08006a14   0x00000040   Code   RO          129    .text.MX_USART3_UART_Init  usart.o
    0x08006a54   0x08006a54   0x00000004   Code   RO          154    .text.MemManage_Handler  stm32f4xx_it.o
    0x08006a58   0x08006a58   0x00000004   Code   RO          150    .text.NMI_Handler   stm32f4xx_it.o
    0x08006a5c   0x08006a5c   0x0000006c   Code   RO          574    .text.NVIC_EncodePriority  stm32f4xx_hal_cortex.o
    0x08006ac8   0x08006ac8   0x00000002   Code   RO          164    .text.PendSV_Handler  stm32f4xx_it.o
    0x08006aca   0x08006aca   0x00000002   PAD
    0x08006acc   0x08006acc   0x00000002   Code   RO          160    .text.SVC_Handler   stm32f4xx_it.o
    0x08006ace   0x08006ace   0x00000002   PAD
    0x08006ad0   0x08006ad0   0x00000052   Code   RO          590    .text.SysTick_Config  stm32f4xx_hal_cortex.o
    0x08006b22   0x08006b22   0x00000002   PAD
    0x08006b24   0x08006b24   0x00000008   Code   RO          166    .text.SysTick_Handler  stm32f4xx_it.o
    0x08006b2c   0x08006b2c   0x000000bc   Code   RO           13    .text.SystemClock_Config  main.o
    0x08006be8   0x08006be8   0x00000012   Code   RO         1369    .text.SystemInit    system_stm32f4xx.o
    0x08006bfa   0x08006bfa   0x00000002   PAD
    0x08006bfc   0x08006bfc   0x00000010   Code   RO          194    .text.TIM7_IRQHandler  stm32f4xx_it.o
    0x08006c0c   0x08006c0c   0x0000001c   Code   RO          184    .text.TIM8_BRK_TIM12_IRQHandler  stm32f4xx_it.o
    0x08006c28   0x08006c28   0x00000010   Code   RO          190    .text.TIM8_CC_IRQHandler  stm32f4xx_it.o
    0x08006c38   0x08006c38   0x00000010   Code   RO          188    .text.TIM8_TRG_COM_TIM14_IRQHandler  stm32f4xx_it.o
    0x08006c48   0x08006c48   0x00000010   Code   RO          186    .text.TIM8_UP_TIM13_IRQHandler  stm32f4xx_it.o
    0x08006c58   0x08006c58   0x000001a4   Code   RO          906    .text.TIM_Base_SetConfig  stm32f4xx_hal_tim.o
    0x08006dfc   0x08006dfc   0x00000036   Code   RO          940    .text.TIM_CCxChannelCmd  stm32f4xx_hal_tim.o
    0x08006e32   0x08006e32   0x00000002   PAD
    0x08006e34   0x08006e34   0x00000034   Code   RO         1092    .text.TIM_ETR_SetConfig  stm32f4xx_hal_tim.o
    0x08006e68   0x08006e68   0x0000002a   Code   RO         1098    .text.TIM_ITRx_SetConfig  stm32f4xx_hal_tim.o
    0x08006e92   0x08006e92   0x00000002   PAD
    0x08006e94   0x08006e94   0x00000214   Code   RO         1616    .text.TIM_Init      drv_tim.o
    0x080070a8   0x080070a8   0x000000ea   Code   RO         1050    .text.TIM_OC1_SetConfig  stm32f4xx_hal_tim.o
    0x08007192   0x08007192   0x00000002   PAD
    0x08007194   0x08007194   0x000000f4   Code   RO         1052    .text.TIM_OC2_SetConfig  stm32f4xx_hal_tim.o
    0x08007288   0x08007288   0x000000f2   Code   RO         1054    .text.TIM_OC3_SetConfig  stm32f4xx_hal_tim.o
    0x0800737a   0x0800737a   0x00000002   PAD
    0x0800737c   0x0800737c   0x000000a4   Code   RO         1056    .text.TIM_OC4_SetConfig  stm32f4xx_hal_tim.o
    0x08007420   0x08007420   0x00000050   Code   RO         1096    .text.TIM_TI1_ConfigInputStage  stm32f4xx_hal_tim.o
    0x08007470   0x08007470   0x00000052   Code   RO         1100    .text.TIM_TI2_ConfigInputStage  stm32f4xx_hal_tim.o
    0x080074c2   0x080074c2   0x00000002   PAD
    0x080074c4   0x080074c4   0x000000e2   Code   RO         1795    .text.Task_Init     task.o
    0x080075a6   0x080075a6   0x00000002   PAD
    0x080075a8   0x080075a8   0x0000001c   Code   RO         1326    .text.UART_DMAAbortOnError  stm32f4xx_hal_uart.o
    0x080075c4   0x080075c4   0x0000007c   Code   RO         1272    .text.UART_DMAError  stm32f4xx_hal_uart.o
    0x08007640   0x08007640   0x000000f4   Code   RO         1358    .text.UART_DMAReceiveCplt  stm32f4xx_hal_uart.o
    0x08007734   0x08007734   0x00000034   Code   RO         1360    .text.UART_DMARxHalfCplt  stm32f4xx_hal_uart.o
    0x08007768   0x08007768   0x00000094   Code   RO         1286    .text.UART_EndRxTransfer  stm32f4xx_hal_uart.o
    0x080077fc   0x080077fc   0x00000026   Code   RO         1334    .text.UART_EndTransmit_IT  stm32f4xx_hal_uart.o
    0x08007822   0x08007822   0x00000002   PAD
    0x08007824   0x08007824   0x00000036   Code   RO         1284    .text.UART_EndTxTransfer  stm32f4xx_hal_uart.o
    0x0800785a   0x0800785a   0x00000002   PAD
    0x0800785c   0x0800785c   0x0000008a   Code   RO         1750    .text.UART_Init     drv_uart.o
    0x080078e6   0x080078e6   0x00000002   PAD
    0x080078e8   0x080078e8   0x00000168   Code   RO         1324    .text.UART_Receive_IT  stm32f4xx_hal_uart.o
    0x08007a50   0x08007a50   0x0000013a   Code   RO         1242    .text.UART_SetConfig  stm32f4xx_hal_uart.o
    0x08007b8a   0x08007b8a   0x00000002   PAD
    0x08007b8c   0x08007b8c   0x00000130   Code   RO         1276    .text.UART_Start_Receive_DMA  stm32f4xx_hal_uart.o
    0x08007cbc   0x08007cbc   0x00000094   Code   RO         1332    .text.UART_Transmit_IT  stm32f4xx_hal_uart.o
    0x08007d50   0x08007d50   0x00000010   Code   RO          178    .text.USART1_IRQHandler  stm32f4xx_it.o
    0x08007d60   0x08007d60   0x00000010   Code   RO          180    .text.USART2_IRQHandler  stm32f4xx_it.o
    0x08007d70   0x08007d70   0x00000010   Code   RO          182    .text.USART3_IRQHandler  stm32f4xx_it.o
    0x08007d80   0x08007d80   0x00000004   Code   RO          158    .text.UsageFault_Handler  stm32f4xx_it.o
    0x08007d84   0x08007d84   0x00000008   Code   RO         1799    .text._GLOBAL__sub_I_task.cpp  task.o
    0x08007d8c   0x08007d8c   0x00000064   Code   RO         1464    .text._Z11mpu_get_lpfPt  inv_mpu.o
    0x08007df0   0x08007df0   0x000000fe   Code   RO         1436    .text._Z11mpu_set_lpft  inv_mpu.o
    0x08007eee   0x08007eee   0x00000002   PAD
    0x08007ef0   0x08007ef0   0x000000f2   Code   RO         1502    .text._Z12mpu_read_memttPh  inv_mpu.o
    0x08007fe2   0x08007fe2   0x00000002   PAD
    0x08007fe4   0x08007fe4   0x000001d8   Code   RO         1575    .text._Z13dmp_read_fifoPsS_PlPmS_Ph  inv_mpu_dmp_motion_driver.o
    0x080081bc   0x080081bc   0x000000f2   Code   RO         1500    .text._Z13mpu_write_memttPh  inv_mpu.o
    0x080082ae   0x080082ae   0x00000002   PAD
    0x080082b0   0x080082b0   0x0000004e   Code   RO         1613    .text._Z14Math_ConstrainIfEvPT_S0_S0_  alg_pid.o
    0x080082fe   0x080082fe   0x00000002   PAD
    0x08008300   0x08008300   0x000003c4   Code   RO         1458    .text._Z14mpu_reset_fifov  inv_mpu.o
    0x080086c4   0x080086c4   0x0000029c   Code   RO         1442    .text._Z14mpu_set_bypassh  inv_mpu.o
    0x08008960   0x08008960   0x00000192   Code   RO         1444    .text._Z15mpu_set_sensorsh  inv_mpu.o
    0x08008af2   0x08008af2   0x00000002   PAD
    0x08008af4   0x08008af4   0x000000f4   Code   RO         1404    .text._Z16MPU6050_DMP_Initv  mpu6050.o
    0x08008be8   0x08008be8   0x0000006c   Code   RO         1541    .text._Z16dmp_set_tap_axesh  inv_mpu_dmp_motion_driver.o
    0x08008c54   0x08008c54   0x0000003e   Code   RO         1545    .text._Z16dmp_set_tap_timet  inv_mpu_dmp_motion_driver.o
    0x08008c92   0x08008c92   0x00000002   PAD
    0x08008c94   0x08008c94   0x00000054   Code   RO         1460    .text._Z16mpu_get_gyro_fsrPt  inv_mpu.o
    0x08008ce8   0x08008ce8   0x000000ec   Code   RO         1432    .text._Z16mpu_set_gyro_fsrt  inv_mpu.o
    0x08008dd4   0x08008dd4   0x000000a4   Code   RO         1535    .text._Z17dmp_set_fifo_ratet  inv_mpu_dmp_motion_driver.o
    0x08008e78   0x08008e78   0x00000150   Code   RO         1531    .text._Z17dmp_set_gyro_biasPl  inv_mpu_dmp_motion_driver.o
    0x08008fc8   0x08008fc8   0x0000004a   Code   RO         1543    .text._Z17dmp_set_tap_counth  inv_mpu_dmp_motion_driver.o
    0x08009012   0x08009012   0x00000002   PAD
    0x08009014   0x08009014   0x0000006c   Code   RO         1462    .text._Z17mpu_get_accel_fsrPh  inv_mpu.o
    0x08009080   0x08009080   0x00000068   Code   RO         1472    .text._Z17mpu_get_gyro_sensPf  inv_mpu.o
    0x080090e8   0x080090e8   0x0000014c   Code   RO         1504    .text._Z17mpu_load_firmwaretPKhtt  inv_mpu.o
    0x08009234   0x08009234   0x0000015a   Code   RO         1446    .text._Z17mpu_lp_accel_modeh  inv_mpu.o
    0x0800938e   0x0800938e   0x00000002   PAD
    0x08009390   0x08009390   0x0000017a   Code   RO         1490    .text._Z17mpu_run_self_testPlS_  inv_mpu.o
    0x0800950a   0x0800950a   0x00000002   PAD
    0x0800950c   0x0800950c   0x000000e4   Code   RO         1434    .text._Z17mpu_set_accel_fsrh  inv_mpu.o
    0x080095f0   0x080095f0   0x000000fc   Code   RO         1492    .text._Z17mpu_set_dmp_stateh  inv_mpu.o
    0x080096ec   0x080096ec   0x000002aa   Code   RO         1563    .text._Z18dmp_enable_featuret  inv_mpu_dmp_motion_driver.o
    0x08009996   0x08009996   0x00000002   PAD
    0x08009998   0x08009998   0x00000046   Code   RO         1567    .text._Z18dmp_enable_lp_quath  inv_mpu_dmp_motion_driver.o
    0x080099de   0x080099de   0x00000002   PAD
    0x080099e0   0x080099e0   0x00000158   Code   RO         1533    .text._Z18dmp_set_accel_biasPl  inv_mpu_dmp_motion_driver.o
    0x08009b38   0x08009b38   0x00000250   Code   RO         1539    .text._Z18dmp_set_tap_threshht  inv_mpu_dmp_motion_driver.o
    0x08009d88   0x08009d88   0x000000d2   Code   RO         1440    .text._Z18mpu_configure_fifoh  inv_mpu.o
    0x08009e5a   0x08009e5a   0x00000002   PAD
    0x08009e5c   0x08009e5c   0x00000074   Code   RO         1474    .text._Z18mpu_get_accel_sensPt  inv_mpu.o
    0x08009ed0   0x08009ed0   0x0000000c   Code   RO         1791    .text._Z19Task_UART3_CallbackPht  task.o
    0x08009edc   0x08009edc   0x0000006a   Code   RO         1565    .text._Z19dmp_enable_gyro_calh  inv_mpu_dmp_motion_driver.o
    0x08009f46   0x08009f46   0x00000002   PAD
    0x08009f48   0x08009f48   0x000001b0   Code   RO         1529    .text._Z19dmp_set_orientationt  inv_mpu_dmp_motion_driver.o
    0x0800a0f8   0x0800a0f8   0x00000018   Code   RO         1476    .text._Z19mpu_get_fifo_configPh  inv_mpu.o
    0x0800a110   0x0800a110   0x00000038   Code   RO         1466    .text._Z19mpu_get_sample_ratePt  inv_mpu.o
    0x0800a148   0x0800a148   0x000000d4   Code   RO         1448    .text._Z19mpu_set_int_latchedh  inv_mpu.o
    0x0800a21c   0x0800a21c   0x00000116   Code   RO         1438    .text._Z19mpu_set_sample_ratet  inv_mpu.o
    0x0800a332   0x0800a332   0x00000006   PAD
    0x0800a338   0x0800a338   0x0000023c   Code   RO         1410    .text._Z20MPU6050_DMP_Get_DataPfS_S_PsS0_S0_S0_S0_S0_  mpu6050.o
    0x0800a574   0x0800a574   0x00000178   Code   RO         1486    .text._Z20mpu_read_fifo_streamtPhS_  inv_mpu.o
    0x0800a6ec   0x0800a6ec   0x0000006c   Code   RO         1793    .text._Z21Task1ms_TIM7_Callbackv  task.o
    0x0800a758   0x0800a758   0x00000046   Code   RO         1569    .text._Z21dmp_enable_6x_lp_quath  inv_mpu_dmp_motion_driver.o
    0x0800a79e   0x0800a79e   0x00000002   PAD
    0x0800a7a0   0x0800a7a0   0x0000009e   Code   RO         1675    .text._Z22can_filter_mask_configP17CAN_HandleTypeDefhjj  drv_can.o
    0x0800a83e   0x0800a83e   0x00000002   PAD
    0x0800a840   0x0800a840   0x0000003e   Code   RO         1547    .text._Z22dmp_set_tap_time_multit  inv_mpu_dmp_motion_driver.o
    0x0800a87e   0x0800a87e   0x00000002   PAD
    0x0800a880   0x0800a880   0x0000003c   Code   RO         1551    .text._Z25dmp_set_shake_reject_timet  inv_mpu_dmp_motion_driver.o
    0x0800a8bc   0x0800a8bc   0x00000056   Code   RO         1549    .text._Z27dmp_set_shake_reject_threshlt  inv_mpu_dmp_motion_driver.o
    0x0800a912   0x0800a912   0x00000002   PAD
    0x0800a914   0x0800a914   0x00000008   Code   RO         1789    .text._Z28Chassis_Device_CAN1_CallbackP20Struct_CAN_Rx_Buffer  task.o
    0x0800a91c   0x0800a91c   0x0000003c   Code   RO         1553    .text._Z28dmp_set_shake_reject_timeoutt  inv_mpu_dmp_motion_driver.o
    0x0800a958   0x0800a958   0x0000001a   Code   RO         1527    .text._Z31dmp_load_motion_driver_firmwarev  inv_mpu_dmp_motion_driver.o
    0x0800a972   0x0800a972   0x00000002   PAD
    0x0800a974   0x0800a974   0x000000a2   Code   RO         1677    .text._Z8CAN_InitP17CAN_HandleTypeDefPFvP20Struct_CAN_Rx_BufferE  drv_can.o
    0x0800aa16   0x0800aa16   0x00000002   PAD
    0x0800aa18   0x0800aa18   0x00000036   Code   RO         1611    .text._Z8Math_AbsIfET_S0_  alg_pid.o
    0x0800aa4e   0x0800aa4e   0x00000002   PAD
    0x0800aa50   0x0800aa50   0x000002a0   Code   RO         1430    .text._Z8mpu_initP11int_param_s  inv_mpu.o
    0x0800acf0   0x0800acf0   0x000006f4   Code   RO         1494    .text._ZL13get_st_biasesPlS_h  inv_mpu.o
    0x0800b3e4   0x0800b3e4   0x000000b2   Code   RO         1408    .text._ZL13run_self_testv  mpu6050.o
    0x0800b496   0x0800b496   0x00000002   PAD
    0x0800b498   0x0800b498   0x0000009c   Code   RO         1577    .text._ZL14decode_gesturePh  inv_mpu_dmp_motion_driver.o
    0x0800b534   0x0800b534   0x0000019c   Code   RO         1498    .text._ZL14gyro_self_testPlS_  inv_mpu.o
    0x0800b6d0   0x0800b6d0   0x0000012a   Code   RO         1478    .text._ZL14set_int_enableh  inv_mpu.o
    0x0800b7fa   0x0800b7fa   0x00000002   PAD
    0x0800b7fc   0x0800b7fc   0x00000120   Code   RO         1496    .text._ZL15accel_self_testPlS_  inv_mpu.o
    0x0800b91c   0x0800b91c   0x0000009c   Code   RO         1412    .text._ZL15inv_row_2_scalePKa  mpu6050.o
    0x0800b9b8   0x0800b9b8   0x0000011c   Code   RO         1514    .text._ZL20get_accel_prod_shiftPf  inv_mpu.o
    0x0800bad4   0x0800bad4   0x00000044   Code   RO         1406    .text._ZL32inv_orientation_matrix_to_scalarPKa  mpu6050.o
    0x0800bb18   0x0800bb18   0x0000017e   Code   RO         1775    .text._ZN11Class_EoCar35TIM_Calculate_PeriodElapsedCallbackEv  ita_car.o
    0x0800bc96   0x0800bc96   0x00000002   PAD
    0x0800bc98   0x0800bc98   0x0000019c   Code   RO         1773    .text._ZN11Class_EoCar4InitEv  ita_car.o
    0x0800be34   0x0800be34   0x00000034   Code   RO         1819    .text._ZN11Class_EoCarC2Ev  task.o
    0x0800be68   0x0800be68   0x0000013c   Code   RO         1385    .text._ZN18Class_EncoderMotor21TIM_Encoder_CalculateEv  dvc_encodermotor.o
    0x0800bfa4   0x0800bfa4   0x0000000e   Code   RO         1784    .text._ZN18Class_EncoderMotor26Get_EncoderMotor_PWMOutputEv  ita_car.o
    0x0800bfb2   0x0800bfb2   0x00000002   PAD
    0x0800bfb4   0x0800bfb4   0x00000040   Code   RO         1389    .text._ZN18Class_EncoderMotor35TIM_Calculate_PeriodElapsedCallbackEv  dvc_encodermotor.o
    0x0800bff4   0x0800bff4   0x0000005a   Code   RO         1383    .text._ZN18Class_EncoderMotor4InitEP17TIM_HandleTypeDeftjff  dvc_encodermotor.o
    0x0800c04e   0x0800c04e   0x00000002   PAD
    0x0800c050   0x0800c050   0x0000001a   Code   RO         1821    .text._ZN18Class_EncoderMotorC2Ev  task.o
    0x0800c06a   0x0800c06a   0x00000002   PAD
    0x0800c06c   0x0800c06c   0x00000012   Code   RO         1397    .text._ZN9Class_PID10Set_TargetEf  dvc_encodermotor.o
    0x0800c07e   0x0800c07e   0x00000002   PAD
    0x0800c080   0x0800c080   0x000002b0   Code   RO         1603    .text._ZN9Class_PID32TIM_Adjust_PeriodElapsedCallbackEv  alg_pid.o
    0x0800c330   0x0800c330   0x00000074   Code   RO         1601    .text._ZN9Class_PID4InitEfffffffffff16Enum_PID_D_First  alg_pid.o
    0x0800c3a4   0x0800c3a4   0x0000000e   Code   RO         1401    .text._ZN9Class_PID7Get_OutEv  dvc_encodermotor.o
    0x0800c3b2   0x0800c3b2   0x00000002   PAD
    0x0800c3b4   0x0800c3b4   0x00000012   Code   RO         1399    .text._ZN9Class_PID7Set_NowEf  dvc_encodermotor.o
    0x0800c3c6   0x0800c3c6   0x00000002   PAD
    0x0800c3c8   0x0800c3c8   0x00000030   Code   RO         1823    .text._ZN9Class_PIDC2Ev  task.o
    0x0800c3f8   0x0800c3f8   0x00000014   Code   RO         1421    .text._ZNSt3__26__math4asinB8nn190000Ef  mpu6050.o
    0x0800c40c   0x0800c40c   0x0000001c   Code   RO         1423    .text._ZNSt3__26__math5atan2B8nn190000Eff  mpu6050.o
    0x0800c428   0x0800c428   0x00000030   Code   RO          578    .text.__NVIC_EnableIRQ  stm32f4xx_hal_cortex.o
    0x0800c458   0x0800c458   0x00000010   Code   RO          570    .text.__NVIC_GetPriorityGrouping  stm32f4xx_hal_cortex.o
    0x0800c468   0x0800c468   0x00000042   Code   RO          572    .text.__NVIC_SetPriority  stm32f4xx_hal_cortex.o
    0x0800c4aa   0x0800c4aa   0x00000002   PAD
    0x0800c4ac   0x0800c4ac   0x0000003c   Code   RO          566    .text.__NVIC_SetPriorityGrouping  stm32f4xx_hal_cortex.o
    0x0800c4e8   0x0800c4e8   0x00000010   Code   RO         1787    .text.__cxx_global_var_init  task.o
    0x0800c4f8   0x0800c4f8   0x00000068   Code   RO           11    .text.main          main.o
    0x0800c560   0x0800c560   0x00000026   Code   RO         2112    i.__ARM_fpclassifyf  m_wm.l(fpclassifyf.o)
    0x0800c586   0x0800c586   0x00000002   PAD
    0x0800c588   0x0800c588   0x0000012c   Code   RO         1982    i.__hardfp_asinf    m_wm.l(asinf.o)
    0x0800c6b4   0x0800c6b4   0x000002ac   Code   RO         1994    i.__hardfp_atan2f   m_wm.l(atan2f.o)
    0x0800c960   0x0800c960   0x00000006   Code   RO         2115    i.__mathlib_flt_infnan  m_wm.l(funder.o)
    0x0800c966   0x0800c966   0x00000006   Code   RO         2116    i.__mathlib_flt_infnan2  m_wm.l(funder.o)
    0x0800c96c   0x0800c96c   0x00000010   Code   RO         2117    i.__mathlib_flt_invalid  m_wm.l(funder.o)
    0x0800c97c   0x0800c97c   0x00000010   Code   RO         2120    i.__mathlib_flt_underflow  m_wm.l(funder.o)
    0x0800c98c   0x0800c98c   0x0000003e   Code   RO         2131    i.sqrtf             m_wm.l(sqrtf.o)
    0x0800c9ca   0x0800c9ca   0x00000002   PAD
    0x0800c9cc   0x0800c9cc   0x00000062   Code   RO         1974    x$fpl$d2f           fz_wm.l(d2f.o)
    0x0800ca2e   0x0800ca2e   0x00000002   PAD
    0x0800ca30   0x0800ca30   0x00000154   Code   RO         1978    x$fpl$dmul          fz_wm.l(dmul.o)
    0x0800cb84   0x0800cb84   0x0000009c   Code   RO         2076    x$fpl$dnaninf       fz_wm.l(dnaninf.o)
    0x0800cc20   0x0800cc20   0x0000000c   Code   RO         2078    x$fpl$dretinf       fz_wm.l(dretinf.o)
    0x0800cc2c   0x0800cc2c   0x00000056   Code   RO         1980    x$fpl$f2d           fz_wm.l(f2d.o)
    0x0800cc82   0x0800cc82   0x0000008c   Code   RO         2080    x$fpl$fnaninf       fz_wm.l(fnaninf.o)
    0x0800cd0e   0x0800cd0e   0x0000001a   Code   RO         2161    x$fpl$fpinit        fz_wm.l(fpinit.o)
    0x0800cd28   0x0800cd28   0x0000000a   Code   RO         2082    x$fpl$fretinf       fz_wm.l(fretinf.o)
    0x0800cd32   0x0800cd32   0x00000000   Code   RO         2084    x$fpl$usenofp       fz_wm.l(usenofp.o)
    0x0800cd32   0x0800cd32   0x00000010   Data   RO         1374    .rodata.AHBPrescTable  system_stm32f4xx.o
    0x0800cd42   0x0800cd42   0x00000008   Data   RO         1375    .rodata.APBPrescTable  system_stm32f4xx.o
    0x0800cd4a   0x0800cd4a   0x00000008   Data   RO          496    .rodata.DMA_CalcBaseAndBitshift.flagBitshiftOffset  stm32f4xx_hal_dma.o
    0x0800cd52   0x0800cd52   0x00000bf6   Data   RO         1583    .rodata._ZL10dmp_memory  inv_mpu_dmp_motion_driver.o
    0x0800d948   0x0800d948   0x0000000c   Data   RO         1518    .rodata._ZL2hw      inv_mpu.o
    0x0800d954   0x0800d954   0x0000001e   Data   RO         1517    .rodata._ZL3reg     inv_mpu.o
    0x0800d972   0x0800d972   0x00000002   PAD
    0x0800d974   0x0800d974   0x00000028   Data   RO         1519    .rodata._ZL4test    inv_mpu.o
    0x0800d99c   0x0800d99c   0x00000020   Data   RO         2265    Region$$Table       anon$$obj.o
    0x0800d9bc   0x0800d9bc   0x00000004   Data   RO         1812    .init_array         task.o
    0x0800d9c0   0x0800d9bc   0x00000000   Data   RO         1969    .init_array         c_w.l(init_aeabi.o)


    Execution Region RW_IRAM1 (Exec base: 0x20000000, Load base: 0x0800d9c0, Size: 0x000018e8, Max: 0x0001c000, ABSOLUTE)

    Exec Addr    Load Addr    Size         Type   Attr      Idx    E Section Name        Object

    0x20000000   0x0800d9c0   0x00000004   Data   RW         1373    .data.SystemCoreClock  system_stm32f4xx.o
    0x20000004   0x0800d9c4   0x00000009   Data   RW         1414    .data._ZL16gyro_orientation  mpu6050.o
    0x2000000d   0x0800d9cd   0x00000003   PAD
    0x20000010   0x0800d9d0   0x0000002c   Data   RW         1516    .data._ZL2st        inv_mpu.o
    0x2000003c   0x0800d9fc   0x00000004   Data   RW         1802    .data.mpu6050_init_flag  task.o
    0x20000040   0x0800da00   0x00000001   Data   RW          696    .data.uwTickFreq    stm32f4xx_hal.o
    0x20000041   0x0800da01   0x00000003   PAD
    0x20000044   0x0800da04   0x00000004   Data   RW          695    .data.uwTickPrio    stm32f4xx_hal.o
    0x20000048        -       0x00000060   Zero   RW         2168    .bss                c_w.l(libspace.o)
    0x200000a8        -       0x0000002c   Zero   RW         1691    .bss.CAN1_Manage_Object  drv_can.o
    0x200000d4        -       0x0000002c   Zero   RW         1692    .bss.CAN2_Manage_Object  drv_can.o
    0x20000100        -       0x00000250   Zero   RW         1801    .bss.EoCar          task.o
    0x20000350        -       0x00000008   Zero   RW         1629    .bss.TIM10_Manage_Object  drv_tim.o
    0x20000358        -       0x00000008   Zero   RW         1630    .bss.TIM11_Manage_Object  drv_tim.o
    0x20000360        -       0x00000008   Zero   RW         1631    .bss.TIM12_Manage_Object  drv_tim.o
    0x20000368        -       0x00000008   Zero   RW         1632    .bss.TIM13_Manage_Object  drv_tim.o
    0x20000370        -       0x00000008   Zero   RW         1633    .bss.TIM14_Manage_Object  drv_tim.o
    0x20000378        -       0x00000008   Zero   RW         1620    .bss.TIM1_Manage_Object  drv_tim.o
    0x20000380        -       0x00000008   Zero   RW         1621    .bss.TIM2_Manage_Object  drv_tim.o
    0x20000388        -       0x00000008   Zero   RW         1622    .bss.TIM3_Manage_Object  drv_tim.o
    0x20000390        -       0x00000008   Zero   RW         1623    .bss.TIM4_Manage_Object  drv_tim.o
    0x20000398        -       0x00000008   Zero   RW         1624    .bss.TIM5_Manage_Object  drv_tim.o
    0x200003a0        -       0x00000008   Zero   RW         1625    .bss.TIM6_Manage_Object  drv_tim.o
    0x200003a8        -       0x00000008   Zero   RW         1626    .bss.TIM7_Manage_Object  drv_tim.o
    0x200003b0        -       0x00000008   Zero   RW         1627    .bss.TIM8_Manage_Object  drv_tim.o
    0x200003b8        -       0x00000008   Zero   RW         1628    .bss.TIM9_Manage_Object  drv_tim.o
    0x200003c0        -       0x00000410   Zero   RW         1758    .bss.UART1_Manage_Object  drv_uart.o
    0x200007d0        -       0x00000410   Zero   RW         1763    .bss.UART6_Manage_Object  drv_uart.o
    0x20000be0        -       0x00000010   Zero   RW         1588    .bss._ZL3dmp        inv_mpu_dmp_motion_driver.o
    0x20000bf0        -       0x00000002   Zero   RW         1809    .bss.ax             task.o
    0x20000bf2        -       0x00000002   Zero   RW         1810    .bss.ay             task.o
    0x20000bf4        -       0x00000002   Zero   RW         1811    .bss.az             task.o
    0x20000bf6        -       0x00000002   Zero   RW         1806    .bss.gx             task.o
    0x20000bf8        -       0x00000002   Zero   RW         1807    .bss.gy             task.o
    0x20000bfa        -       0x00000002   Zero   RW         1808    .bss.gz             task.o
    0x20000bfc        -       0x00000028   Zero   RW           39    .bss.hcan1          can.o
    0x20000c24        -       0x00000060   Zero   RW           62    .bss.hdma_i2c2_rx   i2c.o
    0x20000c84        -       0x00000060   Zero   RW           63    .bss.hdma_i2c2_tx   i2c.o
    0x20000ce4        -       0x00000060   Zero   RW          140    .bss.hdma_usart1_rx  usart.o
    0x20000d44        -       0x00000060   Zero   RW          141    .bss.hdma_usart2_rx  usart.o
    0x20000da4        -       0x00000060   Zero   RW          142    .bss.hdma_usart3_rx  usart.o
    0x20000e04        -       0x00000054   Zero   RW           61    .bss.hi2c2          i2c.o
    0x20000e58        -       0x00000048   Zero   RW          103    .bss.htim1          tim.o
    0x20000ea0        -       0x00000048   Zero   RW          111    .bss.htim10         tim.o
    0x20000ee8        -       0x00000048   Zero   RW          112    .bss.htim11         tim.o
    0x20000f30        -       0x00000048   Zero   RW          113    .bss.htim12         tim.o
    0x20000f78        -       0x00000048   Zero   RW          104    .bss.htim2          tim.o
    0x20000fc0        -       0x00000048   Zero   RW          105    .bss.htim3          tim.o
    0x20001008        -       0x00000048   Zero   RW          106    .bss.htim4          tim.o
    0x20001050        -       0x00000048   Zero   RW          107    .bss.htim5          tim.o
    0x20001098        -       0x00000048   Zero   RW          108    .bss.htim7          tim.o
    0x200010e0        -       0x00000048   Zero   RW          109    .bss.htim8          tim.o
    0x20001128        -       0x00000048   Zero   RW          110    .bss.htim9          tim.o
    0x20001170        -       0x00000048   Zero   RW          137    .bss.huart1         usart.o
    0x200011b8        -       0x00000048   Zero   RW          138    .bss.huart2         usart.o
    0x20001200        -       0x00000048   Zero   RW          139    .bss.huart3         usart.o
    0x20001248        -       0x00000048   Zero   RW          135    .bss.huart4         usart.o
    0x20001290        -       0x00000048   Zero   RW          136    .bss.huart5         usart.o
    0x200012d8        -       0x00000004   Zero   RW         1803    .bss.pitch          task.o
    0x200012dc        -       0x00000004   Zero   RW         1804    .bss.roll           task.o
    0x200012e0        -       0x00000004   Zero   RW          697    .bss.uwTick         stm32f4xx_hal.o
    0x200012e4        -       0x00000004   Zero   RW         1805    .bss.yaw            task.o
    0x200012e8        -       0x00000200   Zero   RW            2    HEAP                startup_stm32f407xx.o
    0x200014e8        -       0x00000400   Zero   RW            1    STACK               startup_stm32f407xx.o


    Execution Region RW_IRAM2 (Exec base: 0x2001c000, Load base: 0x0800da08, Size: 0x00000000, Max: 0x00004000, ABSOLUTE)

    **** No section assigned to this execution region ****


==============================================================================

Image component sizes


      Code (inc. data)   RO Data    RW Data    ZI Data      Debug   Object Name

       936          0          0          0          0      17741   alg_pid.o
       258          0          0          0         40       5977   can.o
       168          0          0          0          0       3358   dma.o
       560          0          0          0         88      12536   drv_can.o
      1008          0          0          0        112       4901   drv_tim.o
       290          0          0          0       2080       6608   drv_uart.o
       520         12          0          0          0      20258   dvc_encodermotor.o
       386          0          0          0          0       2266   gpio.o
       386          0          0          0        276       5256   i2c.o
      9946         56         82         44          0      35698   inv_mpu.o
      3962         52       3062          0         16      26055   inv_mpu_dmp_motion_driver.o
       808         32          0          0          0      20120   ita_car.o
       298          0          0          0          0       2821   main.o
      1266         12          0          9          0      14852   mpu6050.o
        64         26        392          0       1536        872   startup_stm32f407xx.o
       270          0          0          5          4       7138   stm32f4xx_hal.o
      2740          0          0          0          0      11578   stm32f4xx_hal_can.o
       482          0          0          0          0       9749   stm32f4xx_hal_cortex.o
      2068          8          8          0          0       8527   stm32f4xx_hal_dma.o
       996          0          0          0          0       5123   stm32f4xx_hal_gpio.o
      4364          0          0          0          0      37712   stm32f4xx_hal_i2c.o
        74          0          0          0          0       1505   stm32f4xx_hal_msp.o
      2646          0          0          0          0       7627   stm32f4xx_hal_rcc.o
      4884         28          0          0          0      36032   stm32f4xx_hal_tim.o
       484          0          0          0          0      15363   stm32f4xx_hal_tim_ex.o
      3304          0          0          0          0      20458   stm32f4xx_hal_uart.o
       286          0          0          0          0       2499   stm32f4xx_it.o
        18          0         24          4          0       2534   system_stm32f4xx.o
       504          0          4          4        616      19718   task.o
      3682          0          0          0        792      12881   tim.o
      1362          0          0          0        648       8358   usart.o

    ----------------------------------------------------------------------
     49208        226       3606         72       6208     386121   Object Totals
         0          0         32          0          0          0   (incl. Generated)
       188          0          2          6          0          0   (incl. Padding)

    ----------------------------------------------------------------------

      Code (inc. data)   RO Data    RW Data    ZI Data      Debug   Library Member Name

         8          0          0          0          0         68   __main.o
         0          0          0          0          0          0   __rtentry.o
        12          0          0          0          0          0   __rtentry2.o
         6          0          0          0          0          0   __rtentry4.o
        94          8          0          0          0          0   __scatter.o
        26          0          0          0          0          0   __scatter_copy.o
        28          0          0          0          0          0   __scatter_zi.o
        22          0          0          0          0        100   _rserrno.o
        18          0          0          0          0         80   exit.o
         6          0          0          0          0        152   heapauxi.o
         0          0          0          0          0          0   indicate_semi.o
        44          8          0          0          0         80   init_aeabi.o
         2          0          0          0          0          0   libinit.o
        10          0          0          0          0          0   libinit2.o
         2          0          0          0          0          0   libshutdown.o
         2          0          0          0          0          0   libshutdown2.o
         8          4          0          0         96         68   libspace.o
       116          0          0          0          0         84   llsdiv.o
       240          0          0          0          0        100   lludivv7m.o
        88          0          0          0          0         76   memcmp.o
         8          4          0          0          0         68   rt_errno_addr_intlibspace.o
        78          0          0          0          0         80   rt_memclr_w.o
         2          0          0          0          0          0   rtexit.o
        10          0          0          0          0          0   rtexit2.o
        12          4          0          0          0         68   sys_exit.o
        74          0          0          0          0         80   sys_stackheap_outer.o
         2          0          0          0          0         68   use_no_semi.o
        98          4          0          0          0        140   d2f.o
       340         12          0          0          0        152   dmul.o
       156          4          0          0          0        140   dnaninf.o
        12          0          0          0          0        116   dretinf.o
        86          4          0          0          0        132   f2d.o
       140          4          0          0          0        132   fnaninf.o
        26          0          0          0          0        116   fpinit.o
        10          0          0          0          0        116   fretinf.o
         0          0          0          0          0          0   usenofp.o
       300         42          0          0          0        176   asinf.o
       684         90          0          0          0        208   atan2f.o
        38          0          0          0          0        116   fpclassifyf.o
        44         12          0          0          0        464   funder.o
        62          0          0          0          0        136   sqrtf.o

    ----------------------------------------------------------------------
      2930        200          0          0         96       3316   Library Totals
        16          0          0          0          0          0   (incl. Padding)

    ----------------------------------------------------------------------

      Code (inc. data)   RO Data    RW Data    ZI Data      Debug   Library Name

       918         28          0          0         96       1172   c_w.l
       868         28          0          0          0       1044   fz_wm.l
      1128        144          0          0          0       1100   m_wm.l

    ----------------------------------------------------------------------
      2930        200          0          0         96       3316   Library Totals

    ----------------------------------------------------------------------

==============================================================================


      Code (inc. data)   RO Data    RW Data    ZI Data      Debug   

     52138        426       3606         72       6304     387005   Grand Totals
     52138        426       3606         72       6304     387005   ELF Image Totals
     52138        426       3606         72          0          0   ROM Totals

==============================================================================

    Total RO  Size (Code + RO Data)                55744 (  54.44kB)
    Total RW  Size (RW Data + ZI Data)              6376 (   6.23kB)
    Total ROM Size (Code + RO Data + RW Data)      55816 (  54.51kB)

==============================================================================

