Component: Arm Compiler for Embedded 6.22 Tool: armlink [5ee90200]

==============================================================================

Section Cross References

    startup_stm32f407xx.o(STACK) refers (Special) to heapauxi.o(.text) for __use_two_region_memory
    startup_stm32f407xx.o(HEAP) refers (Special) to heapauxi.o(.text) for __use_two_region_memory
    startup_stm32f407xx.o(RESET) refers (Special) to heapauxi.o(.text) for __use_two_region_memory
    startup_stm32f407xx.o(RESET) refers to startup_stm32f407xx.o(STACK) for __initial_sp
    startup_stm32f407xx.o(RESET) refers to startup_stm32f407xx.o(.text) for Reset_Handler
    startup_stm32f407xx.o(RESET) refers to stm32f4xx_it.o(.text.NMI_Handler) for NMI_Handler
    startup_stm32f407xx.o(RESET) refers to stm32f4xx_it.o(.text.HardFault_Handler) for HardFault_Handler
    startup_stm32f407xx.o(RESET) refers to stm32f4xx_it.o(.text.MemManage_Handler) for MemManage_Handler
    startup_stm32f407xx.o(RESET) refers to stm32f4xx_it.o(.text.BusFault_Handler) for BusFault_Handler
    startup_stm32f407xx.o(RESET) refers to stm32f4xx_it.o(.text.UsageFault_Handler) for UsageFault_Handler
    startup_stm32f407xx.o(RESET) refers to stm32f4xx_it.o(.text.SVC_Handler) for SVC_Handler
    startup_stm32f407xx.o(RESET) refers to stm32f4xx_it.o(.text.DebugMon_Handler) for DebugMon_Handler
    startup_stm32f407xx.o(RESET) refers to stm32f4xx_it.o(.text.PendSV_Handler) for PendSV_Handler
    startup_stm32f407xx.o(RESET) refers to stm32f4xx_it.o(.text.SysTick_Handler) for SysTick_Handler
    startup_stm32f407xx.o(RESET) refers to stm32f4xx_it.o(.text.DMA1_Stream1_IRQHandler) for DMA1_Stream1_IRQHandler
    startup_stm32f407xx.o(RESET) refers to stm32f4xx_it.o(.text.DMA1_Stream2_IRQHandler) for DMA1_Stream2_IRQHandler
    startup_stm32f407xx.o(RESET) refers to stm32f4xx_it.o(.text.DMA1_Stream3_IRQHandler) for DMA1_Stream3_IRQHandler
    startup_stm32f407xx.o(RESET) refers to stm32f4xx_it.o(.text.DMA1_Stream4_IRQHandler) for DMA1_Stream4_IRQHandler
    startup_stm32f407xx.o(RESET) refers to stm32f4xx_it.o(.text.CAN1_RX0_IRQHandler) for CAN1_RX0_IRQHandler
    startup_stm32f407xx.o(RESET) refers to stm32f4xx_it.o(.text.CAN1_RX1_IRQHandler) for CAN1_RX1_IRQHandler
    startup_stm32f407xx.o(RESET) refers to stm32f4xx_it.o(.text.USART1_IRQHandler) for USART1_IRQHandler
    startup_stm32f407xx.o(RESET) refers to stm32f4xx_it.o(.text.USART2_IRQHandler) for USART2_IRQHandler
    startup_stm32f407xx.o(RESET) refers to stm32f4xx_it.o(.text.USART3_IRQHandler) for USART3_IRQHandler
    startup_stm32f407xx.o(RESET) refers to stm32f4xx_it.o(.text.UART4_IRQHandler) for UART4_IRQHandler
    startup_stm32f407xx.o(RESET) refers to stm32f4xx_it.o(.text.TIM6_DAC_IRQHandler) for TIM6_DAC_IRQHandler
    startup_stm32f407xx.o(RESET) refers to stm32f4xx_it.o(.text.DMA2_Stream1_IRQHandler) for DMA2_Stream1_IRQHandler
    startup_stm32f407xx.o(RESET) refers to stm32f4xx_it.o(.text.DMA2_Stream2_IRQHandler) for DMA2_Stream2_IRQHandler
    startup_stm32f407xx.o(RESET) refers to stm32f4xx_it.o(.text.DMA2_Stream3_IRQHandler) for DMA2_Stream3_IRQHandler
    startup_stm32f407xx.o(RESET) refers to stm32f4xx_it.o(.text.USART6_IRQHandler) for USART6_IRQHandler
    startup_stm32f407xx.o(.text) refers (Special) to heapauxi.o(.text) for __use_two_region_memory
    startup_stm32f407xx.o(.text) refers to system_stm32f4xx.o(.text.SystemInit) for SystemInit
    startup_stm32f407xx.o(.text) refers to __main.o(!!!main) for __main
    startup_stm32f407xx.o(.text) refers to startup_stm32f407xx.o(HEAP) for Heap_Mem
    startup_stm32f407xx.o(.text) refers to startup_stm32f407xx.o(STACK) for Stack_Mem
    main.o(.text.main) refers to stm32f4xx_hal.o(.text.HAL_Init) for HAL_Init
    main.o(.text.main) refers to main.o(.text.SystemClock_Config) for SystemClock_Config
    main.o(.text.main) refers to gpio.o(.text.MX_GPIO_Init) for MX_GPIO_Init
    main.o(.text.main) refers to dma.o(.text.MX_DMA_Init) for MX_DMA_Init
    main.o(.text.main) refers to tim.o(.text.MX_TIM1_Init) for MX_TIM1_Init
    main.o(.text.main) refers to tim.o(.text.MX_TIM2_Init) for MX_TIM2_Init
    main.o(.text.main) refers to tim.o(.text.MX_TIM3_Init) for MX_TIM3_Init
    main.o(.text.main) refers to tim.o(.text.MX_TIM4_Init) for MX_TIM4_Init
    main.o(.text.main) refers to tim.o(.text.MX_TIM5_Init) for MX_TIM5_Init
    main.o(.text.main) refers to can.o(.text.MX_CAN1_Init) for MX_CAN1_Init
    main.o(.text.main) refers to usart.o(.text.MX_USART3_UART_Init) for MX_USART3_UART_Init
    main.o(.text.main) refers to tim.o(.text.MX_TIM9_Init) for MX_TIM9_Init
    main.o(.text.main) refers to tim.o(.text.MX_TIM10_Init) for MX_TIM10_Init
    main.o(.text.main) refers to tim.o(.text.MX_TIM11_Init) for MX_TIM11_Init
    main.o(.text.main) refers to usart.o(.text.MX_USART1_UART_Init) for MX_USART1_UART_Init
    main.o(.text.main) refers to tim.o(.text.MX_TIM8_Init) for MX_TIM8_Init
[...]
    DMA2_Stream1_IRQHandler                  0x08000781   Thumb Code    16  stm32f4xx_it.o(.text.DMA2_Stream1_IRQHandler)
    DMA2_Stream2_IRQHandler                  0x08000791   Thumb Code    16  stm32f4xx_it.o(.text.DMA2_Stream2_IRQHandler)
    DMA2_Stream3_IRQHandler                  0x080007a1   Thumb Code    16  stm32f4xx_it.o(.text.DMA2_Stream3_IRQHandler)
    DebugMon_Handler                         0x08000949   Thumb Code     2  stm32f4xx_it.o(.text.DebugMon_Handler)
    Error_Handler                            0x0800094d   Thumb Code     6  main.o(.text.Error_Handler)
    HAL_ADC_ConfigChannel                    0x08000955   Thumb Code   536  stm32f4xx_hal_adc.o(.text.HAL_ADC_ConfigChannel)
    HAL_ADC_ConvCpltCallback                 0x08000b6d   Thumb Code     8  stm32f4xx_hal_adc.o(.text.HAL_ADC_ConvCpltCallback)
    HAL_ADC_ConvHalfCpltCallback             0x08000b75   Thumb Code     8  stm32f4xx_hal_adc.o(.text.HAL_ADC_ConvHalfCpltCallback)
    HAL_ADC_ErrorCallback                    0x08000b7d   Thumb Code     8  stm32f4xx_hal_adc.o(.text.HAL_ADC_ErrorCallback)
    HAL_ADC_Init                             0x08000b85   Thumb Code   168  stm32f4xx_hal_adc.o(.text.HAL_ADC_Init)
    HAL_ADC_MspInit                          0x08000c2d   Thumb Code   232  adc.o(.text.HAL_ADC_MspInit)
    HAL_ADC_Start_DMA                        0x08000d15   Thumb Code   594  stm32f4xx_hal_adc.o(.text.HAL_ADC_Start_DMA)
    HAL_CAN_ActivateNotification             0x08000f69   Thumb Code    82  stm32f4xx_hal_can.o(.text.HAL_CAN_ActivateNotification)
    HAL_CAN_ConfigFilter                     0x08000fbd   Thumb Code   414  stm32f4xx_hal_can.o(.text.HAL_CAN_ConfigFilter)
    HAL_CAN_ErrorCallback                    0x0800115d   Thumb Code     8  stm32f4xx_hal_can.o(.text.HAL_CAN_ErrorCallback)
    HAL_CAN_GetRxMessage                     0x08001165   Thumb Code   530  stm32f4xx_hal_can.o(.text.HAL_CAN_GetRxMessage)
    HAL_CAN_IRQHandler                       0x08001379   Thumb Code  1010  stm32f4xx_hal_can.o(.text.HAL_CAN_IRQHandler)
    HAL_CAN_Init                             0x0800176d   Thumb Code   478  stm32f4xx_hal_can.o(.text.HAL_CAN_Init)
    HAL_CAN_MspInit                          0x0800194d   Thumb Code   180  can.o(.text.HAL_CAN_MspInit)
    HAL_CAN_RxFifo0FullCallback              0x08001a01   Thumb Code     8  stm32f4xx_hal_can.o(.text.HAL_CAN_RxFifo0FullCallback)
    HAL_CAN_RxFifo0MsgPendingCallback        0x08001a09   Thumb Code   120  drv_can.o(.text.HAL_CAN_RxFifo0MsgPendingCallback)
    HAL_CAN_RxFifo1FullCallback              0x08001a81   Thumb Code     8  stm32f4xx_hal_can.o(.text.HAL_CAN_RxFifo1FullCallback)
    HAL_CAN_RxFifo1MsgPendingCallback        0x08001a89   Thumb Code   120  drv_can.o(.text.HAL_CAN_RxFifo1MsgPendingCallback)
    HAL_CAN_SleepCallback                    0x08001b01   Thumb Code     8  stm32f4xx_hal_can.o(.text.HAL_CAN_SleepCallback)
    HAL_CAN_Start                            0x08001b09   Thumb Code   138  stm32f4xx_hal_can.o(.text.HAL_CAN_Start)
    HAL_CAN_TxMailbox0AbortCallback          0x08001b95   Thumb Code     8  stm32f4xx_hal_can.o(.text.HAL_CAN_TxMailbox0AbortCallback)
    HAL_CAN_TxMailbox0CompleteCallback       0x08001b9d   Thumb Code     8  stm32f4xx_hal_can.o(.text.HAL_CAN_TxMailbox0CompleteCallback)
    HAL_CAN_TxMailbox1AbortCallback          0x08001ba5   Thumb Code     8  stm32f4xx_hal_can.o(.text.HAL_CAN_TxMailbox1AbortCallback)
    HAL_CAN_TxMailbox1CompleteCallback       0x08001bad   Thumb Code     8  stm32f4xx_hal_can.o(.text.HAL_CAN_TxMailbox1CompleteCallback)
    HAL_CAN_TxMailbox2AbortCallback          0x08001bb5   Thumb Code     8  stm32f4xx_hal_can.o(.text.HAL_CAN_TxMailbox2AbortCallback)
    HAL_CAN_TxMailbox2CompleteCallback       0x08001bbd   Thumb Code     8  stm32f4xx_hal_can.o(.text.HAL_CAN_TxMailbox2CompleteCallback)
    HAL_CAN_WakeUpFromRxMsgCallback          0x08001bc5   Thumb Code     8  stm32f4xx_hal_can.o(.text.HAL_CAN_WakeUpFromRxMsgCallback)
    HAL_DMA_Abort                            0x08001bcd   Thumb Code   236  stm32f4xx_hal_dma.o(.text.HAL_DMA_Abort)
    HAL_DMA_Abort_IT                         0x08001cb9   Thumb Code    68  stm32f4xx_hal_dma.o(.text.HAL_DMA_Abort_IT)
    HAL_DMA_IRQHandler                       0x08001cfd   Thumb Code   798  stm32f4xx_hal_dma.o(.text.HAL_DMA_IRQHandler)
    HAL_DMA_Init                             0x0800201d   Thumb Code   366  stm32f4xx_hal_dma.o(.text.HAL_DMA_Init)
    HAL_DMA_Start_IT                         0x0800218d   Thumb Code   194  stm32f4xx_hal_dma.o(.text.HAL_DMA_Start_IT)
    HAL_Delay                                0x08002251   Thumb Code    66  stm32f4xx_hal.o(.text.HAL_Delay)
    HAL_GPIO_Init                            0x08002295   Thumb Code   950  stm32f4xx_hal_gpio.o(.text.HAL_GPIO_Init)
    HAL_GPIO_WritePin                        0x0800264d   Thumb Code    46  stm32f4xx_hal_gpio.o(.text.HAL_GPIO_WritePin)
    HAL_GetTick                              0x0800267d   Thumb Code    12  stm32f4xx_hal.o(.text.HAL_GetTick)
    HAL_I2C_Init                             0x08002689   Thumb Code   676  stm32f4xx_hal_i2c.o(.text.HAL_I2C_Init)
    HAL_I2C_MspInit                          0x0800292d   Thumb Code   146  i2c.o(.text.HAL_I2C_MspInit)
    HAL_IncTick                              0x080029c1   Thumb Code    26  stm32f4xx_hal.o(.text.HAL_IncTick)
    HAL_Init                                 0x080029dd   Thumb Code    60  stm32f4xx_hal.o(.text.HAL_Init)
    HAL_InitTick                             0x08002a19   Thumb Code   112  stm32f4xx_hal.o(.text.HAL_InitTick)
    HAL_MspInit                              0x08002a89   Thumb Code    82  stm32f4xx_hal_msp.o(.text.HAL_MspInit)
    HAL_NVIC_EnableIRQ                       0x08002add   Thumb Code    20  stm32f4xx_hal_cortex.o(.text.HAL_NVIC_EnableIRQ)
    HAL_NVIC_SetPriority                     0x08002af1   Thumb Code    50  stm32f4xx_hal_cortex.o(.text.HAL_NVIC_SetPriority)
    HAL_NVIC_SetPriorityGrouping             0x08002b25   Thumb Code    16  stm32f4xx_hal_cortex.o(.text.HAL_NVIC_SetPriorityGrouping)
    HAL_RCC_ClockConfig                      0x08002b35   Thumb Code   610  stm32f4xx_hal_rcc.o(.text.HAL_RCC_ClockConfig)
    HAL_RCC_GetHCLKFreq                      0x08002d99   Thumb Code    12  stm32f4xx_hal_rcc.o(.text.HAL_RCC_GetHCLKFreq)
    HAL_RCC_GetPCLK1Freq                     0x08002da5   Thumb Code    34  stm32f4xx_hal_rcc.o(.text.HAL_RCC_GetPCLK1Freq)
    HAL_RCC_GetPCLK2Freq                     0x08002dc9   Thumb Code    34  stm32f4xx_hal_rcc.o(.text.HAL_RCC_GetPCLK2Freq)
    HAL_RCC_GetSysClockFreq                  0x08002ded   Thumb Code   230  stm32f4xx_hal_rcc.o(.text.HAL_RCC_GetSysClockFreq)
    HAL_RCC_OscConfig                        0x08002ed5   Thumb Code  1726  stm32f4xx_hal_rcc.o(.text.HAL_RCC_OscConfig)
    HAL_SYSTICK_Config                       0x08003595   Thumb Code    16  stm32f4xx_hal_cortex.o(.text.HAL_SYSTICK_Config)
    HAL_TIMEx_BreakCallback                  0x080035a5   Thumb Code     8  stm32f4xx_hal_tim_ex.o(.text.HAL_TIMEx_BreakCallback)
    HAL_TIMEx_CommutCallback                 0x080035ad   Thumb Code     8  stm32f4xx_hal_tim_ex.o(.text.HAL_TIMEx_CommutCallback)
    HAL_TIMEx_ConfigBreakDeadTime            0x080035b5   Thumb Code   178  stm32f4xx_hal_tim_ex.o(.text.HAL_TIMEx_ConfigBreakDeadTime)
    HAL_TIMEx_MasterConfigSynchronization    0x08003669   Thumb Code   290  stm32f4xx_hal_tim_ex.o(.text.HAL_TIMEx_MasterConfigSynchronization)
    HAL_TIM_Base_Init                        0x0800378d   Thumb Code   156  stm32f4xx_hal_tim.o(.text.HAL_TIM_Base_Init)
    HAL_TIM_Base_MspInit                     0x08003829   Thumb Code   360  tim.o(.text.HAL_TIM_Base_MspInit)
    HAL_TIM_Base_Start_IT                    0x08003991   Thumb Code   246  stm32f4xx_hal_tim.o(.text.HAL_TIM_Base_Start_IT)
    HAL_TIM_ConfigClockSource                0x08003a89   Thumb Code   388  stm32f4xx_hal_tim.o(.text.HAL_TIM_ConfigClockSource)
    HAL_TIM_Encoder_Init                     0x08003c0d   Thumb Code   304  stm32f4xx_hal_tim.o(.text.HAL_TIM_Encoder_Init)
    HAL_TIM_Encoder_MspInit                  0x08003d3d   Thumb Code   572  tim.o(.text.HAL_TIM_Encoder_MspInit)
    HAL_TIM_Encoder_Start                    0x08003f79   Thumb Code   334  stm32f4xx_hal_tim.o(.text.HAL_TIM_Encoder_Start)
    HAL_TIM_IC_CaptureCallback               0x080040c9   Thumb Code     8  stm32f4xx_hal_tim.o(.text.HAL_TIM_IC_CaptureCallback)
    HAL_TIM_IRQHandler                       0x080040d1   Thumb Code   538  stm32f4xx_hal_tim.o(.text.HAL_TIM_IRQHandler)
    HAL_TIM_MspPostInit                      0x080042ed   Thumb Code   464  tim.o(.text.HAL_TIM_MspPostInit)
    HAL_TIM_OC_DelayElapsedCallback          0x080044bd   Thumb Code     8  stm32f4xx_hal_tim.o(.text.HAL_TIM_OC_DelayElapsedCallback)
    HAL_TIM_PWM_ConfigChannel                0x080044c5   Thumb Code   322  stm32f4xx_hal_tim.o(.text.HAL_TIM_PWM_ConfigChannel)
    HAL_TIM_PWM_Init                         0x08004609   Thumb Code   156  stm32f4xx_hal_tim.o(.text.HAL_TIM_PWM_Init)
    HAL_TIM_PWM_MspInit                      0x080046a5   Thumb Code     8  stm32f4xx_hal_tim.o(.text.HAL_TIM_PWM_MspInit)
    HAL_TIM_PWM_PulseFinishedCallback        0x080046ad   Thumb Code     8  stm32f4xx_hal_tim.o(.text.HAL_TIM_PWM_PulseFinishedCallback)
    HAL_TIM_PWM_Start                        0x080046b5   Thumb Code   458  stm32f4xx_hal_tim.o(.text.HAL_TIM_PWM_Start)
    HAL_TIM_PeriodElapsedCallback            0x08004881   Thumb Code   476  drv_tim.o(.text.HAL_TIM_PeriodElapsedCallback)
    HAL_TIM_TriggerCallback                  0x08004a5d   Thumb Code     8  stm32f4xx_hal_tim.o(.text.HAL_TIM_TriggerCallback)
    HAL_UARTEx_ReceiveToIdle_DMA             0x08004a65   Thumb Code   184  stm32f4xx_hal_uart.o(.text.HAL_UARTEx_ReceiveToIdle_DMA)
    HAL_UARTEx_RxEventCallback               0x08004b1d   Thumb Code   374  drv_uart.o(.text.HAL_UARTEx_RxEventCallback)
    HAL_UART_DMAStop                         0x08004c95   Thumb Code   204  stm32f4xx_hal_uart.o(.text.HAL_UART_DMAStop)
    HAL_UART_ErrorCallback                   0x08004d61   Thumb Code     8  stm32f4xx_hal_uart.o(.text.HAL_UART_ErrorCallback)
    HAL_UART_IRQHandler                      0x08004d69   Thumb Code  1116  stm32f4xx_hal_uart.o(.text.HAL_UART_IRQHandler)
    HAL_UART_Init                            0x080051c5   Thumb Code   158  stm32f4xx_hal_uart.o(.text.HAL_UART_Init)
    HAL_UART_MspInit                         0x08005265   Thumb Code  1296  usart.o(.text.HAL_UART_MspInit)
    HAL_UART_Receive_IT                      0x08005775   Thumb Code    86  stm32f4xx_hal_uart.o(.text.HAL_UART_Receive_IT)
    HAL_UART_RxCpltCallback                  0x080057cd   Thumb Code    50  task.o(.text.HAL_UART_RxCpltCallback)
    HAL_UART_RxHalfCpltCallback              0x08005801   Thumb Code     8  stm32f4xx_hal_uart.o(.text.HAL_UART_RxHalfCpltCallback)
    HAL_UART_TxCpltCallback                  0x08005809   Thumb Code     8  stm32f4xx_hal_uart.o(.text.HAL_UART_TxCpltCallback)
    HardFault_Handler                        0x08005811   Thumb Code     4  stm32f4xx_it.o(.text.HardFault_Handler)
    MX_ADC2_Init                             0x08005815   Thumb Code   128  adc.o(.text.MX_ADC2_Init)
    MX_CAN1_Init                             0x08005895   Thumb Code    78  can.o(.text.MX_CAN1_Init)
    MX_DMA_Init                              0x080058e5   Thumb Code   204  dma.o(.text.MX_DMA_Init)
    MX_GPIO_Init                             0x080059b1   Thumb Code   392  gpio.o(.text.MX_GPIO_Init)
    MX_I2C2_Init                             0x08005b39   Thumb Code    72  i2c.o(.text.MX_I2C2_Init)
    MX_TIM10_Init                            0x08005b81   Thumb Code   144  tim.o(.text.MX_TIM10_Init)
    MX_TIM11_Init                            0x08005c11   Thumb Code   144  tim.o(.text.MX_TIM11_Init)
    MX_TIM1_Init                             0x08005ca1   Thumb Code   362  tim.o(.text.MX_TIM1_Init)
    MX_TIM2_Init                             0x08005e0d   Thumb Code   122  tim.o(.text.MX_TIM2_Init)
    MX_TIM3_Init                             0x08005e89   Thumb Code   126  tim.o(.text.MX_TIM3_Init)
    MX_TIM4_Init                             0x08005f09   Thumb Code   126  tim.o(.text.MX_TIM4_Init)
    MX_TIM5_Init                             0x08005f89   Thumb Code   126  tim.o(.text.MX_TIM5_Init)
    MX_TIM6_Init                             0x08006009   Thumb Code    92  tim.o(.text.MX_TIM6_Init)
    MX_TIM8_Init                             0x08006065   Thumb Code   322  tim.o(.text.MX_TIM8_Init)
    MX_TIM9_Init                             0x080061a9   Thumb Code   208  tim.o(.text.MX_TIM9_Init)
    MX_UART4_Init                            0x08006279   Thumb Code    64  usart.o(.text.MX_UART4_Init)
    MX_USART1_UART_Init                      0x080062b9   Thumb Code    64  usart.o(.text.MX_USART1_UART_Init)
    MX_USART2_UART_Init                      0x080062f9   Thumb Code    64  usart.o(.text.MX_USART2_UART_Init)
    MX_USART3_UART_Init                      0x08006339   Thumb Code    64  usart.o(.text.MX_USART3_UART_Init)
    MX_USART6_UART_Init                      0x08006379   Thumb Code    64  usart.o(.text.MX_USART6_UART_Init)
    MemManage_Handler                        0x080063b9   Thumb Code     4  stm32f4xx_it.o(.text.MemManage_Handler)
    NMI_Handler                              0x080063bd   Thumb Code     4  stm32f4xx_it.o(.text.NMI_Handler)
    PendSV_Handler                           0x0800642d   Thumb Code     2  stm32f4xx_it.o(.text.PendSV_Handler)
    SVC_Handler                              0x08006431   Thumb Code     2  stm32f4xx_it.o(.text.SVC_Handler)
    SysTick_Handler                          0x08006489   Thumb Code     8  stm32f4xx_it.o(.text.SysTick_Handler)
    SystemClock_Config                       0x08006491   Thumb Code   186  main.o(.text.SystemClock_Config)
    SystemInit                               0x0800654d   Thumb Code    18  system_stm32f4xx.o(.text.SystemInit)
    TIM6_DAC_IRQHandler                      0x08006561   Thumb Code    16  stm32f4xx_it.o(.text.TIM6_DAC_IRQHandler)
    TIM_Base_SetConfig                       0x08006571   Thumb Code   420  stm32f4xx_hal_tim.o(.text.TIM_Base_SetConfig)
    TIM_CCxChannelCmd                        0x08006715   Thumb Code    54  stm32f4xx_hal_tim.o(.text.TIM_CCxChannelCmd)
    TIM_ETR_SetConfig                        0x0800674d   Thumb Code    52  stm32f4xx_hal_tim.o(.text.TIM_ETR_SetConfig)
    TIM_Init                                 0x080067ad   Thumb Code   532  drv_tim.o(.text.TIM_Init)
    TIM_OC2_SetConfig                        0x08006aad   Thumb Code   244  stm32f4xx_hal_tim.o(.text.TIM_OC2_SetConfig)
    Task_Init                                0x08006ddd   Thumb Code   272  task.o(.text.Task_Init)
    Task_Loop                                0x08006eed   Thumb Code   108  task.o(.text.Task_Loop)
    UART4_IRQHandler                         0x08006f6d   Thumb Code    16  stm32f4xx_it.o(.text.UART4_IRQHandler)
    UART_Init                                0x08007231   Thumb Code   324  drv_uart.o(.text.UART_Init)
    UART_Start_Receive_DMA                   0x08007619   Thumb Code   304  stm32f4xx_hal_uart.o(.text.UART_Start_Receive_DMA)
    UART_Start_Receive_IT                    0x08007749   Thumb Code    98  stm32f4xx_hal_uart.o(.text.UART_Start_Receive_IT)
    USART1_IRQHandler                        0x08007841   Thumb Code    16  stm32f4xx_it.o(.text.USART1_IRQHandler)
    USART2_IRQHandler                        0x08007851   Thumb Code    16  stm32f4xx_it.o(.text.USART2_IRQHandler)
    USART3_IRQHandler                        0x08007861   Thumb Code    16  stm32f4xx_it.o(.text.USART3_IRQHandler)
    USART6_IRQHandler                        0x08007871   Thumb Code    16  stm32f4xx_it.o(.text.USART6_IRQHandler)
    UsageFault_Handler                       0x08007881   Thumb Code     4  stm32f4xx_it.o(.text.UsageFault_Handler)
    Unlock_task()                            0x08007891   Thumb Code   392  task.o(.text._Z11Unlock_taskv)
    void Math_Constrain<float>(float*, float, float) 0x08007a45   Thumb Code    78  alg_pid.o(.text._Z14Math_ConstrainIfEvPT_S0_S0_)
    GetCCRFromAngle(float, float)            0x08007a95   Thumb Code    60  task.o(.text._Z15GetCCRFromAngleff)
    Task_UART4_Callback(unsigned char*, unsigned short) 0x08007ad9   Thumb Code    70  task.o(.text._Z19Task_UART4_CallbackPht)
    Task_UART6_Callback(unsigned char*, unsigned short) 0x08007b21   Thumb Code   132  task.o(.text._Z19Task_UART6_CallbackPht)
    Task2ms_TIM6_Callback()                  0x08007ba9   Thumb Code   824  task.o(.text._Z21Task2ms_TIM6_Callbackv)
    can_filter_mask_config(CAN_HandleTypeDef*, unsigned char, unsigned int, unsigned int) 0x08007ef1   Thumb Code   158  drv_can.o(.text._Z22can_filter_mask_configP17CAN_HandleTypeDefhjj)
    Chassis_Device_CAN1_Callback(Struct_CAN_Rx_Buffer*) 0x08007f91   Thumb Code    24  task.o(.text._Z28Chassis_Device_CAN1_CallbackP20Struct_CAN_Rx_Buffer)
    ADC_Init(ADC_HandleTypeDef*, unsigned short) 0x08007fa9   Thumb Code   150  drv_adc.o(.text._Z8ADC_InitP17ADC_HandleTypeDeft)
    CAN_Init(CAN_HandleTypeDef*, void (*)(Struct_CAN_Rx_Buffer*)) 0x08008041   Thumb Code   162  drv_can.o(.text._Z8CAN_InitP17CAN_HandleTypeDefPFvP20Struct_CAN_Rx_BufferE)
    float Math_Abs<float>(float)             0x080080e5   Thumb Code    54  alg_pid.o(.text._Z8Math_AbsIfET_S0_)
    Class_OLED::OLED_Clear()                 0x0800811d   Thumb Code   102  dvc_oled.o(.text._ZN10Class_OLED10OLED_ClearEv)
    Class_OLED::OLED_WR_Byte(unsigned char, unsigned char) 0x08008185   Thumb Code   214  dvc_oled.o(.text._ZN10Class_OLED12OLED_WR_ByteEhh)
    Class_OLED::OLED_ShowChar(unsigned char, unsigned char, unsigned char, unsigned char, unsigned char) 0x0800825d   Thumb Code   318  dvc_oled.o(.text._ZN10Class_OLED13OLED_ShowCharEhhhhh)
    Class_OLED::OLED_DrawPoint(unsigned char, unsigned char, unsigned char) 0x0800839d   Thumb Code   154  dvc_oled.o(.text._ZN10Class_OLED14OLED_DrawPointEhhh)
    Class_OLED::OLED_ShowString(unsigned char, unsigned char, unsigned char const*) 0x08008439   Thumb Code   164  dvc_oled.o(.text._ZN10Class_OLED15OLED_ShowStringEhhPKh)
    Class_OLED::OLED_Refresh_Gram()          0x080084dd   Thumb Code   138  dvc_oled.o(.text._ZN10Class_OLED17OLED_Refresh_GramEv)
    Class_OLED::TIM_Process_PeriodElapsedCallback() 0x08008569   Thumb Code    94  dvc_oled.o(.text._ZN10Class_OLED33TIM_Process_PeriodElapsedCallbackEv)
    Class_OLED::Init()                       0x080085c9   Thumb Code   310  dvc_oled.o(.text._ZN10Class_OLED4InitEv)
    Class_EoCar::TIM_Calculate_PeriodElapsedCallback() 0x08008701   Thumb Code    20  ita_car.o(.text._ZN11Class_EoCar35TIM_Calculate_PeriodElapsedCallbackEv)
    Class_EoCar::Init()                      0x08008715   Thumb Code    92  ita_car.o(.text._ZN11Class_EoCar4InitEv)
    Class_EoCar::Class_EoCar__sub_object()   0x08008775   Thumb Code    46  task.o(.text._ZN11Class_EoCarC2Ev)
    Class_Slope::Set_Target(float)           0x080087a5   Thumb Code    18  task.o(.text._ZN11Class_Slope10Set_TargetEf)
    Class_Slope::TIM_Calculate_PeriodElapsedCallback() 0x080087b9   Thumb Code   596  alg_slope.o(.text._ZN11Class_Slope35TIM_Calculate_PeriodElapsedCallbackEv)
    Class_Slope::Init(float, float)          0x08008a0d   Thumb Code    34  alg_slope.o(.text._ZN11Class_Slope4InitEff)
    Class_Slope::Get_Out()                   0x08008a31   Thumb Code    14  task.o(.text._ZN11Class_Slope7Get_OutEv)
    Class_Slope::Class_Slope__sub_object()   0x08008a41   Thumb Code    18  task.o(.text._ZN11Class_SlopeC2Ev)
    Class_Minipc::Get_Flag_1()               0x08008a55   Thumb Code    16  task.o(.text._ZN12Class_Minipc10Get_Flag_1Ev)
    Class_Minipc::Get_Flag_2()               0x08008a65   Thumb Code    16  task.o(.text._ZN12Class_Minipc10Get_Flag_2Ev)
    Class_Minipc::Get_Flag_3()               0x08008a75   Thumb Code    16  task.o(.text._ZN12Class_Minipc10Get_Flag_3Ev)
    Class_Minipc::Get_Win_Flag()             0x08008a85   Thumb Code    16  task.o(.text._ZN12Class_Minipc12Get_Win_FlagEv)
    Class_Minipc::Get_Velocity_X()           0x08008a95   Thumb Code    18  task.o(.text._ZN12Class_Minipc14Get_Velocity_XEv)
    Class_Minipc::Get_Velocity_Y()           0x08008aa9   Thumb Code    18  task.o(.text._ZN12Class_Minipc14Get_Velocity_YEv)
    Class_Minipc::Get_Velocity_Z()           0x08008abd   Thumb Code    18  task.o(.text._ZN12Class_Minipc14Get_Velocity_ZEv)
    Class_Minipc::Get_CRC16_Check_Sum(unsigned char const*, unsigned int, unsigned short) 0x08008ad1   Thumb Code   104  dvc_minipc.o(.text._ZN12Class_Minipc19Get_CRC16_Check_SumEPKhjt)
    Class_Minipc::MiniPc_Data_Process()      0x08008b39   Thumb Code   148  dvc_minipc.o(.text._ZN12Class_Minipc19MiniPc_Data_ProcessEv)
    Class_Minipc::Get_Pixel_difference_X()   0x08008bcd   Thumb Code    22  task.o(.text._ZN12Class_Minipc22Get_Pixel_difference_XEv)
    Class_Minipc::Get_Pixel_difference_Y()   0x08008be5   Thumb Code    22  task.o(.text._ZN12Class_Minipc22Get_Pixel_difference_YEv)
    Class_Minipc::Verify_CRC16_Check_Sum(unsigned char const*, unsigned int) 0x08008bfd   Thumb Code   132  dvc_minipc.o(.text._ZN12Class_Minipc22Verify_CRC16_Check_SumEPKhj)
    Class_Minipc::MiniPc_UART_RxCpltCallback(unsigned char*) 0x08008c81   Thumb Code    18  dvc_minipc.o(.text._ZN12Class_Minipc26MiniPc_UART_RxCpltCallbackEPh)
    Class_Minipc::TIM1msMod50_Alive_PeriodElapsedCallback() 0x08008c95   Thumb Code    48  dvc_minipc.o(.text._ZN12Class_Minipc39TIM1msMod50_Alive_PeriodElapsedCallbackEv)
    Class_Minipc::Init(__UART_HandleTypeDef*) 0x08008cc5   Thumb Code   216  dvc_minipc.o(.text._ZN12Class_Minipc4InitEP20__UART_HandleTypeDef)
    Class_Minipc::Class_Minipc__sub_object() 0x08008d9d   Thumb Code    42  task.o(.text._ZN12Class_MinipcC2Ev)
    Struct_Send_Data::Struct_Send_Data__sub_object() 0x08008dc9   Thumb Code    22  task.o(.text._ZN16Struct_Send_DataC2Ev)
    Class_EncoderMotor::Get_Now_Velocity()   0x08008de1   Thumb Code    14  crt_chassis.o(.text._ZN18Class_EncoderMotor16Get_Now_VelocityEv)
    Class_EncoderMotor::TIM_Encoder_Calculate() 0x08008df1   Thumb Code   360  dvc_encodermotor.o(.text._ZN18Class_EncoderMotor21TIM_Encoder_CalculateEv)
    Class_EncoderMotor::Get_EncoderMotor_PWMOutput() 0x08008f71   Thumb Code    14  crt_chassis.o(.text._ZN18Class_EncoderMotor26Get_EncoderMotor_PWMOutputEv)
    Class_EncoderMotor::Set_EncoderMotor_PWMOutput(short) 0x08008f81   Thumb Code    22  crt_chassis.o(.text._ZN18Class_EncoderMotor26Set_EncoderMotor_PWMOutputEs)
    Class_EncoderMotor::Set_EncoderMotor_Target_Velocity(float) 0x08008f99   Thumb Code    20  crt_chassis.o(.text._ZN18Class_EncoderMotor32Set_EncoderMotor_Target_VelocityEf)
    Class_EncoderMotor::TIM_Calculate_PeriodElapsedCallback() 0x08008fad   Thumb Code    64  dvc_encodermotor.o(.text._ZN18Class_EncoderMotor35TIM_Calculate_PeriodElapsedCallbackEv)
    Class_EncoderMotor::Init(TIM_HandleTypeDef*, unsigned short, unsigned int, float, float) 0x08008fed   Thumb Code    90  dvc_encodermotor.o(.text._ZN18Class_EncoderMotor4InitEP17TIM_HandleTypeDeftjff)
    Class_EncoderMotor::Class_EncoderMotor__sub_object() 0x08009049   Thumb Code    26  task.o(.text._ZN18Class_EncoderMotorC2Ev)
    Struct_MiniPc_Data::Struct_MiniPc_Data__sub_object() 0x08009065   Thumb Code    20  task.o(.text._ZN18Struct_MiniPc_DataC2Ev)
    Class_Tricycle_Chassis::Speed_Resolution() 0x08009079   Thumb Code  1728  crt_chassis.o(.text._ZN22Class_Tricycle_Chassis16Speed_ResolutionEv)
    Class_Tricycle_Chassis::TIM_Calculate_PeriodElapsedCallback() 0x08009745   Thumb Code   420  crt_chassis.o(.text._ZN22Class_Tricycle_Chassis35TIM_Calculate_PeriodElapsedCallbackEv)
    Class_Tricycle_Chassis::Init(float, float, float) 0x080098ed   Thumb Code   420  crt_chassis.o(.text._ZN22Class_Tricycle_Chassis4InitEfff)
    Class_Tricycle_Chassis::Class_Tricycle_Chassis__sub_object() 0x08009aad   Thumb Code    88  task.o(.text._ZN22Class_Tricycle_ChassisC2Ev)
    Class_PID::Set_Target(float)             0x08009b05   Thumb Code    18  dvc_encodermotor.o(.text._ZN9Class_PID10Set_TargetEf)
    Class_PID::TIM_Adjust_PeriodElapsedCallback() 0x08009b19   Thumb Code   688  alg_pid.o(.text._ZN9Class_PID32TIM_Adjust_PeriodElapsedCallbackEv)
    Class_PID::Init(float, float, float, float, float, float, float, float, float, float, float, Enum_PID_D_First) 0x08009dc9   Thumb Code   116  alg_pid.o(.text._ZN9Class_PID4InitEfffffffffff16Enum_PID_D_First)
    Class_PID::Get_Out()                     0x08009e3d   Thumb Code    14  dvc_encodermotor.o(.text._ZN9Class_PID7Get_OutEv)
    Class_PID::Set_Now(float)                0x08009e4d   Thumb Code    18  dvc_encodermotor.o(.text._ZN9Class_PID7Set_NowEf)
    Class_PID::Class_PID__sub_object()       0x08009e61   Thumb Code    48  task.o(.text._ZN9Class_PIDC2Ev)
    double std::__2::__math::sqrt[abi:nn190000]<int, 0>(int) 0x08009e91   Thumb Code    24  crt_chassis.o(.text._ZNSt3__26__math4sqrtB8nn190000IiTnNS_9enable_ifIXsr11is_integralIT_EE5valueEiE4typeELi0EEEdS3_)
    main                                     0x08009f79   Thumb Code   108  main.o(.text.main)
    __hardfp_sqrt                            0x08009fe5   Thumb Code   122  sqrt.o(i.__hardfp_sqrt)
    __aeabi_d2f                              0x0800a061   Thumb Code     0  d2f.o(x$fpl$d2f)
    _d2f                                     0x0800a061   Thumb Code    98  d2f.o(x$fpl$d2f)
    __aeabi_dadd                             0x0800a0c5   Thumb Code     0  daddsub_clz.o(x$fpl$dadd)
    _dadd                                    0x0800a0c5   Thumb Code   332  daddsub_clz.o(x$fpl$dadd)
    __aeabi_ddiv                             0x0800a215   Thumb Code     0  ddiv.o(x$fpl$ddiv)
    _ddiv                                    0x0800a215   Thumb Code   560  ddiv.o(x$fpl$ddiv)
    __aeabi_i2d                              0x0800a4cd   Thumb Code     0  dflt_clz.o(x$fpl$dflt)
    _dflt                                    0x0800a4cd   Thumb Code    46  dflt_clz.o(x$fpl$dflt)
    __aeabi_dmul                             0x0800a4fd   Thumb Code     0  dmul.o(x$fpl$dmul)
    _dmul                                    0x0800a4fd   Thumb Code   332  dmul.o(x$fpl$dmul)
    __fpl_dnaninf                            0x0800a651   Thumb Code   156  dnaninf.o(x$fpl$dnaninf)
    __fpl_dretinf                            0x0800a6ed   Thumb Code    12  dretinf.o(x$fpl$dretinf)
    _dsqrt                                   0x0800a6f9   Thumb Code   404  dsqrt_umaal.o(x$fpl$dsqrt)
    __aeabi_dsub                             0x0800a891   Thumb Code     0  daddsub_clz.o(x$fpl$dsub)
    _dsub                                    0x0800a891   Thumb Code   472  daddsub_clz.o(x$fpl$dsub)
    __aeabi_f2d                              0x0800aa6d   Thumb Code     0  f2d.o(x$fpl$f2d)
    _f2d                                     0x0800aa6d   Thumb Code    86  f2d.o(x$fpl$f2d)
    __fpl_fnaninf                            0x0800aac3   Thumb Code   140  fnaninf.o(x$fpl$fnaninf)
    _fp_init                                 0x0800ab4f   Thumb Code    26  fpinit.o(x$fpl$fpinit)
    __fplib_config_fpu_vfp                   0x0800ab67   Thumb Code     0  fpinit.o(x$fpl$fpinit)
    __fplib_config_pureend_doubles           0x0800ab67   Thumb Code     0  fpinit.o(x$fpl$fpinit)
    __fpl_fretinf                            0x0800ab69   Thumb Code    10  fretinf.o(x$fpl$fretinf)
    AHBPrescTable                            0x0800ab72   Data          16  system_stm32f4xx.o(.rodata.AHBPrescTable)
    __I$use$fp                               0x0800ab72   Number         0  usenofp.o(x$fpl$usenofp)
    APBPrescTable                            0x0800ab82   Data           8  system_stm32f4xx.o(.rodata.APBPrescTable)
    Region$$Table$$Base                      0x0800b808   Number         0  anon$$obj.o(Region$$Table)
    Region$$Table$$Limit                     0x0800b828   Number         0  anon$$obj.o(Region$$Table)
    SHT$$INIT_ARRAY$$Base                    0x0800b828   Number         0  task.o(.init_array)
    SHT$$INIT_ARRAY$$Limit                   0x0800b82c   Number         0  init_aeabi.o(.init_array)
    ByteRecv                                 0x20000000   Data           1  task.o(.data.ByteRecv)
    SystemCoreClock                          0x20000004   Data           4  system_stm32f4xx.o(.data.SystemCoreClock)
    k_p_pitch                                0x20000008   Data           4  task.o(.data.k_p_pitch)
    k_p_yaw                                  0x2000000c   Data           4  task.o(.data.k_p_yaw)
    pitch                                    0x20000010   Data           4  task.o(.data.pitch)
    pitch_slope                              0x20000014   Data           4  task.o(.data.pitch_slope)
    uwTickFreq                               0x20000018   Data           1  stm32f4xx_hal.o(.data.uwTickFreq)
    uwTickPrio                               0x2000001c   Data           4  stm32f4xx_hal.o(.data.uwTickPrio)
    yaw                                      0x20000020   Data           4  task.o(.data.yaw)
    yaw_slope                                0x20000024   Data           4  task.o(.data.yaw_slope)
    __libspace_start                         0x20000028   Data          96  libspace.o(.bss)
    ADC1_Manage_Object                       0x20000088   Data          12  drv_adc.o(.bss.ADC1_Manage_Object)
    __temporary_stack_top$libspace           0x20000088   Data           0  libspace.o(.bss)
    ADC2_Manage_Object                       0x20000094   Data          12  drv_adc.o(.bss.ADC2_Manage_Object)
    ADC3_Manage_Object                       0x200000a0   Data          12  drv_adc.o(.bss.ADC3_Manage_Object)
    CAN1_Manage_Object                       0x200000ac   Data          44  drv_can.o(.bss.CAN1_Manage_Object)
    CAN2_Manage_Object                       0x200000d8   Data          44  drv_can.o(.bss.CAN2_Manage_Object)
    ESP32_Data                               0x20000104   Data           6  task.o(.bss.ESP32_Data)
    ESP32_Online_flag                        0x2000010a   Data           2  task.o(.bss.ESP32_Online_flag)
    EoCar                                    0x2000010c   Data        1828  task.o(.bss.EoCar)
    TIM10_Manage_Object                      0x20000830   Data           8  drv_tim.o(.bss.TIM10_Manage_Object)
    TIM11_Manage_Object                      0x20000838   Data           8  drv_tim.o(.bss.TIM11_Manage_Object)
    TIM12_Manage_Object                      0x20000840   Data           8  drv_tim.o(.bss.TIM12_Manage_Object)
    TIM13_Manage_Object                      0x20000848   Data           8  drv_tim.o(.bss.TIM13_Manage_Object)
    TIM14_Manage_Object                      0x20000850   Data           8  drv_tim.o(.bss.TIM14_Manage_Object)
    TIM1_Manage_Object                       0x20000858   Data           8  drv_tim.o(.bss.TIM1_Manage_Object)
    TIM2_Manage_Object                       0x20000860   Data           8  drv_tim.o(.bss.TIM2_Manage_Object)
    TIM3_Manage_Object                       0x20000868   Data           8  drv_tim.o(.bss.TIM3_Manage_Object)
    TIM4_Manage_Object                       0x20000870   Data           8  drv_tim.o(.bss.TIM4_Manage_Object)
    TIM5_Manage_Object                       0x20000878   Data           8  drv_tim.o(.bss.TIM5_Manage_Object)
    TIM6_Manage_Object                       0x20000880   Data           8  drv_tim.o(.bss.TIM6_Manage_Object)
    TIM7_Manage_Object                       0x20000888   Data           8  drv_tim.o(.bss.TIM7_Manage_Object)
    TIM8_Manage_Object                       0x20000890   Data           8  drv_tim.o(.bss.TIM8_Manage_Object)
    TIM9_Manage_Object                       0x20000898   Data           8  drv_tim.o(.bss.TIM9_Manage_Object)
    UART1_Manage_Object                      0x200008a0   Data        1040  drv_uart.o(.bss.UART1_Manage_Object)
    UART2_Manage_Object                      0x20000cb0   Data        1040  drv_uart.o(.bss.UART2_Manage_Object)
    UART3_Manage_Object                      0x200010c0   Data        1040  drv_uart.o(.bss.UART3_Manage_Object)
    UART4_Manage_Object                      0x200014d0   Data        1040  drv_uart.o(.bss.UART4_Manage_Object)
    UART5_Manage_Object                      0x200018e0   Data        1040  drv_uart.o(.bss.UART5_Manage_Object)
    UART6_Manage_Object                      0x20001cf0   Data        1040  drv_uart.o(.bss.UART6_Manage_Object)
    hadc2                                    0x20002104   Data          72  adc.o(.bss.hadc2)
    hcan1                                    0x2000214c   Data          40  can.o(.bss.hcan1)
    hdma_adc2                                0x20002174   Data          96  adc.o(.bss.hdma_adc2)
    hdma_uart4_rx                            0x200021d4   Data          96  usart.o(.bss.hdma_uart4_rx)
    hdma_uart4_tx                            0x20002234   Data          96  usart.o(.bss.hdma_uart4_tx)
    hdma_usart1_rx                           0x20002294   Data          96  usart.o(.bss.hdma_usart1_rx)
    hdma_usart3_rx                           0x200022f4   Data          96  usart.o(.bss.hdma_usart3_rx)
    hdma_usart3_tx                           0x20002354   Data          96  usart.o(.bss.hdma_usart3_tx)
    hdma_usart6_rx                           0x200023b4   Data          96  usart.o(.bss.hdma_usart6_rx)
    hi2c2                                    0x20002414   Data          84  i2c.o(.bss.hi2c2)
    htim1                                    0x20002468   Data          72  tim.o(.bss.htim1)
    htim10                                   0x200024b0   Data          72  tim.o(.bss.htim10)
    htim11                                   0x200024f8   Data          72  tim.o(.bss.htim11)
    htim2                                    0x20002540   Data          72  tim.o(.bss.htim2)
    htim3                                    0x20002588   Data          72  tim.o(.bss.htim3)
    htim4                                    0x200025d0   Data          72  tim.o(.bss.htim4)
    htim5                                    0x20002618   Data          72  tim.o(.bss.htim5)
    htim6                                    0x20002660   Data          72  tim.o(.bss.htim6)
    htim8                                    0x200026a8   Data          72  tim.o(.bss.htim8)
    htim9                                    0x200026f0   Data          72  tim.o(.bss.htim9)
    huart1                                   0x20002738   Data          72  usart.o(.bss.huart1)
    huart2                                   0x20002780   Data          72  usart.o(.bss.huart2)
    huart3                                   0x200027c8   Data          72  usart.o(.bss.huart3)
    huart4                                   0x20002810   Data          72  usart.o(.bss.huart4)
    huart6                                   0x20002858   Data          72  usart.o(.bss.huart6)
    mod10                                    0x200028a0   Data           1  task.o(.bss.mod10)
    mod50                                    0x200028a1   Data           1  task.o(.bss.mod50)
    mod_2s                                   0x200028a2   Data           2  task.o(.bss.mod_2s)
    start_flag                               0x200028a4   Data           1  task.o(.bss.start_flag)
    uwTick                                   0x200028a8   Data           4  stm32f4xx_hal.o(.bss.uwTick)



==============================================================================

Memory Map of the image

  Image Entry point : 0x08000189

  Load Region LR_IROM1 (Base: 0x08000000, Size: 0x0000b858, Max: 0x00080000, ABSOLUTE)

    Execution Region ER_IROM1 (Exec base: 0x08000000, Load base: 0x08000000, Size: 0x0000b82c, Max: 0x00080000, ABSOLUTE)

    Exec Addr    Load Addr    Size         Type   Attr      Idx    E Section Name        Object

    0x08000000   0x08000000   0x00000188   Data   RO            3    RESET               startup_stm32f407xx.o
    0x08000188   0x08000188   0x00000008   Code   RO         2071  * !!!main             c_w.l(__main.o)
    0x08000190   0x08000190   0x0000005c   Code   RO         2351    !!!scatter          c_w.l(__scatter.o)
    0x080001ec   0x080001ec   0x0000001a   Code   RO         2355    !!handler_copy      c_w.l(__scatter_copy.o)
    0x08000206   0x08000206   0x00000002   PAD
    0x08000208   0x08000208   0x00000002   Code   RO         2352    !!handler_null      c_w.l(__scatter.o)
    0x0800020a   0x0800020a   0x00000002   PAD
    0x0800020c   0x0800020c   0x0000001c   Code   RO         2357    !!handler_zi        c_w.l(__scatter_zi.o)
    0x08000228   0x08000228   0x00000002   Code   RO         2272    .ARM.Collect$$libinit$$00000000  c_w.l(libinit.o)
    0x0800022a   0x0800022a   0x00000004   Code   RO         2122    .ARM.Collect$$libinit$$00000001  c_w.l(libinit2.o)
    0x0800022e   0x0800022e   0x00000000   Code   RO         2125    .ARM.Collect$$libinit$$00000004  c_w.l(libinit2.o)
    0x0800022e   0x0800022e   0x00000000   Code   RO         2127    .ARM.Collect$$libinit$$00000006  c_w.l(libinit2.o)
    0x0800022e   0x0800022e   0x00000000   Code   RO         2130    .ARM.Collect$$libinit$$0000000C  c_w.l(libinit2.o)
    0x0800022e   0x0800022e   0x00000000   Code   RO         2132    .ARM.Collect$$libinit$$0000000E  c_w.l(libinit2.o)
    0x0800022e   0x0800022e   0x00000000   Code   RO         2134    .ARM.Collect$$libinit$$00000010  c_w.l(libinit2.o)
    0x0800022e   0x0800022e   0x00000000   Code   RO         2137    .ARM.Collect$$libinit$$00000013  c_w.l(libinit2.o)
    0x0800022e   0x0800022e   0x00000000   Code   RO         2139    .ARM.Collect$$libinit$$00000015  c_w.l(libinit2.o)
    0x0800022e   0x0800022e   0x00000000   Code   RO         2141    .ARM.Collect$$libinit$$00000017  c_w.l(libinit2.o)
    0x0800022e   0x0800022e   0x00000000   Code   RO         2143    .ARM.Collect$$libinit$$00000019  c_w.l(libinit2.o)
    0x0800022e   0x0800022e   0x00000000   Code   RO         2145    .ARM.Collect$$libinit$$0000001B  c_w.l(libinit2.o)
    0x0800022e   0x0800022e   0x00000000   Code   RO         2147    .ARM.Collect$$libinit$$0000001D  c_w.l(libinit2.o)
    0x0800022e   0x0800022e   0x00000000   Code   RO         2149    .ARM.Collect$$libinit$$0000001F  c_w.l(libinit2.o)
    0x0800022e   0x0800022e   0x00000000   Code   RO         2151    .ARM.Collect$$libinit$$00000021  c_w.l(libinit2.o)
    0x0800022e   0x0800022e   0x00000000   Code   RO         2153    .ARM.Collect$$libinit$$00000023  c_w.l(libinit2.o)
    0x0800022e   0x0800022e   0x00000000   Code   RO         2155    .ARM.Collect$$libinit$$00000025  c_w.l(libinit2.o)
    0x0800022e   0x0800022e   0x00000000   Code   RO         2157    .ARM.Collect$$libinit$$00000027  c_w.l(libinit2.o)
    0x0800022e   0x0800022e   0x00000000   Code   RO         2161    .ARM.Collect$$libinit$$0000002E  c_w.l(libinit2.o)
    0x0800022e   0x0800022e   0x00000000   Code   RO         2163    .ARM.Collect$$libinit$$00000030  c_w.l(libinit2.o)
    0x0800022e   0x0800022e   0x00000000   Code   RO         2165    .ARM.Collect$$libinit$$00000032  c_w.l(libinit2.o)
    0x0800022e   0x0800022e   0x00000004   Code   RO         2166    .ARM.Collect$$libinit$$00000033  c_w.l(libinit2.o)
    0x08000232   0x08000232   0x00000000   Code   RO         2167    .ARM.Collect$$libinit$$00000034  c_w.l(libinit2.o)
    0x08000232   0x08000232   0x00000002   Code   RO         2168    .ARM.Collect$$libinit$$00000035  c_w.l(libinit2.o)
    0x08000234   0x08000234   0x00000002   Code   RO         2319    .ARM.Collect$$libshutdown$$00000000  c_w.l(libshutdown.o)
    0x08000236   0x08000236   0x00000000   Code   RO         2335    .ARM.Collect$$libshutdown$$00000002  c_w.l(libshutdown2.o)
    0x08000236   0x08000236   0x00000000   Code   RO         2337    .ARM.Collect$$libshutdown$$00000004  c_w.l(libshutdown2.o)
    0x08000236   0x08000236   0x00000000   Code   RO         2340    .ARM.Collect$$libshutdown$$00000007  c_w.l(libshutdown2.o)
    0x08000236   0x08000236   0x00000000   Code   RO         2343    .ARM.Collect$$libshutdown$$0000000A  c_w.l(libshutdown2.o)
    0x08000236   0x08000236   0x00000000   Code   RO         2345    .ARM.Collect$$libshutdown$$0000000C  c_w.l(libshutdown2.o)
    0x08000236   0x08000236   0x00000000   Code   RO         2348    .ARM.Collect$$libshutdown$$0000000F  c_w.l(libshutdown2.o)
    0x08000236   0x08000236   0x00000002   Code   RO         2349    .ARM.Collect$$libshutdown$$00000010  c_w.l(libshutdown2.o)
    0x08000238   0x08000238   0x00000000   Code   RO         2115    .ARM.Collect$$rtentry$$00000000  c_w.l(__rtentry.o)
    0x08000238   0x08000238   0x00000000   Code   RO         2221    .ARM.Collect$$rtentry$$00000002  c_w.l(__rtentry2.o)
    0x08000238   0x08000238   0x00000006   Code   RO         2233    .ARM.Collect$$rtentry$$00000004  c_w.l(__rtentry4.o)
    0x0800023e   0x0800023e   0x00000000   Code   RO         2223    .ARM.Collect$$rtentry$$00000009  c_w.l(__rtentry2.o)
    0x0800023e   0x0800023e   0x00000004   Code   RO         2224    .ARM.Collect$$rtentry$$0000000A  c_w.l(__rtentry2.o)
    0x08000242   0x08000242   0x00000000   Code   RO         2226    .ARM.Collect$$rtentry$$0000000C  c_w.l(__rtentry2.o)
    0x08000242   0x08000242   0x00000008   Code   RO         2227    .ARM.Collect$$rtentry$$0000000D  c_w.l(__rtentry2.o)
    0x0800024a   0x0800024a   0x00000002   Code   RO         2277    .ARM.Collect$$rtexit$$00000000  c_w.l(rtexit.o)
    0x0800024c   0x0800024c   0x00000000   Code   RO         2299    .ARM.Collect$$rtexit$$00000002  c_w.l(rtexit2.o)
    0x0800024c   0x0800024c   0x00000004   Code   RO         2300    .ARM.Collect$$rtexit$$00000003  c_w.l(rtexit2.o)
    0x08000250   0x08000250   0x00000006   Code   RO         2301    .ARM.Collect$$rtexit$$00000004  c_w.l(rtexit2.o)
    0x08000256   0x08000256   0x00000002   PAD
    0x08000258   0x08000258   0x00000040   Code   RO            4    .text               startup_stm32f407xx.o
    0x08000298   0x08000298   0x000000f0   Code   RO         2065    .text               c_w.l(lludivv7m.o)
    0x08000388   0x08000388   0x0000004e   Code   RO         2067    .text               c_w.l(rt_memclr_w.o)
    0x080003d6   0x080003d6   0x00000006   Code   RO         2069    .text               c_w.l(heapauxi.o)
    0x080003dc   0x080003dc   0x0000002c   Code   RO         2076    .text               c_w.l(init_aeabi.o)
    0x08000408   0x08000408   0x00000016   Code   RO         2120    .text               c_w.l(_rserrno.o)
    0x0800041e   0x0800041e   0x00000002   PAD
    0x08000420   0x08000420   0x00000008   Code   RO         2240    .text               c_w.l(rt_errno_addr_intlibspace.o)
    0x08000428   0x08000428   0x00000008   Code   RO         2252    .text               c_w.l(libspace.o)
    0x08000430   0x08000430   0x0000004a   Code   RO         2255    .text               c_w.l(sys_stackheap_outer.o)
    0x0800047a   0x0800047a   0x00000012   Code   RO         2257    .text               c_w.l(exit.o)
    0x0800048c   0x0800048c   0x0000000c   Code   RO         2291    .text               c_w.l(sys_exit.o)
    0x08000498   0x08000498   0x00000002   Code   RO         2295    .text               c_w.l(use_no_semi.o)
    0x0800049a   0x0800049a   0x00000000   Code   RO         2297    .text               c_w.l(indicate_semi.o)
    0x0800049a   0x0800049a   0x00000002   PAD
    0x0800049c   0x0800049c   0x000000b2   Code   RO          258    .text.ADC_DMAConvCplt  stm32f4xx_hal_adc.o
    0x0800054e   0x0800054e   0x00000002   PAD
    0x08000550   0x08000550   0x00000026   Code   RO          262    .text.ADC_DMAError  stm32f4xx_hal_adc.o
    0x08000576   0x08000576   0x00000002   PAD
    0x08000578   0x08000578   0x00000016   Code   RO          260    .text.ADC_DMAHalfConvCplt  stm32f4xx_hal_adc.o
    0x0800058e   0x0800058e   0x00000002   PAD
    0x08000590   0x08000590   0x0000018a   Code   RO          230    .text.ADC_Init      stm32f4xx_hal_adc.o
    0x0800071a   0x0800071a   0x00000002   PAD
    0x0800071c   0x0800071c   0x00000004   Code   RO          169    .text.BusFault_Handler  stm32f4xx_it.o
    0x08000720   0x08000720   0x00000010   Code   RO          189    .text.CAN1_RX0_IRQHandler  stm32f4xx_it.o
    0x08000730   0x08000730   0x00000010   Code   RO          191    .text.CAN1_RX1_IRQHandler  stm32f4xx_it.o
    0x08000740   0x08000740   0x00000010   Code   RO          181    .text.DMA1_Stream1_IRQHandler  stm32f4xx_it.o
    0x08000750   0x08000750   0x00000010   Code   RO          183    .text.DMA1_Stream2_IRQHandler  stm32f4xx_it.o
    0x08000760   0x08000760   0x00000010   Code   RO          185    .text.DMA1_Stream3_IRQHandler  stm32f4xx_it.o
    0x08000770   0x08000770   0x00000010   Code   RO          187    .text.DMA1_Stream4_IRQHandler  stm32f4xx_it.o
    0x08000780   0x08000780   0x00000010   Code   RO          203    .text.DMA2_Stream1_IRQHandler  stm32f4xx_it.o
    0x08000790   0x08000790   0x00000010   Code   RO          205    .text.DMA2_Stream2_IRQHandler  stm32f4xx_it.o
    0x080007a0   0x080007a0   0x00000010   Code   RO          207    .text.DMA2_Stream3_IRQHandler  stm32f4xx_it.o
    0x080007b0   0x080007b0   0x00000056   Code   RO          501    .text.DMA_CalcBaseAndBitshift  stm32f4xx_hal_dma.o
    0x08000806   0x08000806   0x00000002   PAD
    0x08000808   0x08000808   0x000000f0   Code   RO          499    .text.DMA_CheckFifoParam  stm32f4xx_hal_dma.o
    0x080008f8   0x080008f8   0x00000050   Code   RO          507    .text.DMA_SetConfig  stm32f4xx_hal_dma.o
    0x08000948   0x08000948   0x00000002   Code   RO          175    .text.DebugMon_Handler  stm32f4xx_it.o
    0x0800094a   0x0800094a   0x00000002   PAD
    0x0800094c   0x0800094c   0x00000006   Code   RO           15    .text.Error_Handler  main.o
    0x08000952   0x08000952   0x00000002   PAD
    0x08000954   0x08000954   0x00000218   Code   RO          270    .text.HAL_ADC_ConfigChannel  stm32f4xx_hal_adc.o
    0x08000b6c   0x08000b6c   0x00000008   Code   RO          250    .text.HAL_ADC_ConvCpltCallback  stm32f4xx_hal_adc.o
    0x08000b74   0x08000b74   0x00000008   Code   RO          268    .text.HAL_ADC_ConvHalfCpltCallback  stm32f4xx_hal_adc.o
    0x08000b7c   0x08000b7c   0x00000008   Code   RO          254    .text.HAL_ADC_ErrorCallback  stm32f4xx_hal_adc.o
    0x08000b84   0x08000b84   0x000000a8   Code   RO          226    .text.HAL_ADC_Init  stm32f4xx_hal_adc.o
    0x08000c2c   0x08000c2c   0x000000e8   Code   RO           35    .text.HAL_ADC_MspInit  adc.o
    0x08000d14   0x08000d14   0x00000252   Code   RO          256    .text.HAL_ADC_Start_DMA  stm32f4xx_hal_adc.o
    0x08000f66   0x08000f66   0x00000002   PAD
    0x08000f68   0x08000f68   0x00000052   Code   RO          795    .text.HAL_CAN_ActivateNotification  stm32f4xx_hal_can.o
    0x08000fba   0x08000fba   0x00000002   PAD
    0x08000fbc   0x08000fbc   0x0000019e   Code   RO          771    .text.HAL_CAN_ConfigFilter  stm32f4xx_hal_can.o
    0x0800115a   0x0800115a   0x00000002   PAD
    0x0800115c   0x0800115c   0x00000008   Code   RO          825    .text.HAL_CAN_ErrorCallback  stm32f4xx_hal_can.o
    0x08001164   0x08001164   0x00000212   Code   RO          791    .text.HAL_CAN_GetRxMessage  stm32f4xx_hal_can.o
    0x08001376   0x08001376   0x00000002   PAD
    0x08001378   0x08001378   0x000003f2   Code   RO          799    .text.HAL_CAN_IRQHandler  stm32f4xx_hal_can.o
    0x0800176a   0x0800176a   0x00000002   PAD
    0x0800176c   0x0800176c   0x000001de   Code   RO          761    .text.HAL_CAN_Init  stm32f4xx_hal_can.o
    0x0800194a   0x0800194a   0x00000002   PAD
    0x0800194c   0x0800194c   0x000000b4   Code   RO           50    .text.HAL_CAN_MspInit  can.o
    0x08001a00   0x08001a00   0x00000008   Code   RO          813    .text.HAL_CAN_RxFifo0FullCallback  stm32f4xx_hal_can.o
    0x08001a08   0x08001a08   0x00000078   Code   RO         1690    .text.HAL_CAN_RxFifo0MsgPendingCallback  drv_can.o
    0x08001a80   0x08001a80   0x00000008   Code   RO          817    .text.HAL_CAN_RxFifo1FullCallback  stm32f4xx_hal_can.o
    0x08001a88   0x08001a88   0x00000078   Code   RO         1692    .text.HAL_CAN_RxFifo1MsgPendingCallback  drv_can.o
    0x08001b00   0x08001b00   0x00000008   Code   RO          821    .text.HAL_CAN_SleepCallback  stm32f4xx_hal_can.o
    0x08001b08   0x08001b08   0x0000008a   Code   RO          773    .text.HAL_CAN_Start  stm32f4xx_hal_can.o
    0x08001b92   0x08001b92   0x00000002   PAD
    0x08001b94   0x08001b94   0x00000008   Code   RO          803    .text.HAL_CAN_TxMailbox0AbortCallback  stm32f4xx_hal_can.o
    0x08001b9c   0x08001b9c   0x00000008   Code   RO          801    .text.HAL_CAN_TxMailbox0CompleteCallback  stm32f4xx_hal_can.o
    0x08001ba4   0x08001ba4   0x00000008   Code   RO          807    .text.HAL_CAN_TxMailbox1AbortCallback  stm32f4xx_hal_can.o
    0x08001bac   0x08001bac   0x00000008   Code   RO          805    .text.HAL_CAN_TxMailbox1CompleteCallback  stm32f4xx_hal_can.o
    0x08001bb4   0x08001bb4   0x00000008   Code   RO          811    .text.HAL_CAN_TxMailbox2AbortCallback  stm32f4xx_hal_can.o
    0x08001bbc   0x08001bbc   0x00000008   Code   RO          809    .text.HAL_CAN_TxMailbox2CompleteCallback  stm32f4xx_hal_can.o
    0x08001bc4   0x08001bc4   0x00000008   Code   RO          823    .text.HAL_CAN_WakeUpFromRxMsgCallback  stm32f4xx_hal_can.o
    0x08001bcc   0x08001bcc   0x000000ec   Code   RO          511    .text.HAL_DMA_Abort  stm32f4xx_hal_dma.o
    0x08001cb8   0x08001cb8   0x00000044   Code   RO          513    .text.HAL_DMA_Abort_IT  stm32f4xx_hal_dma.o
    0x08001cfc   0x08001cfc   0x0000031e   Code   RO          517    .text.HAL_DMA_IRQHandler  stm32f4xx_hal_dma.o
    0x0800201a   0x0800201a   0x00000002   PAD
    0x0800201c   0x0800201c   0x0000016e   Code   RO          497    .text.HAL_DMA_Init  stm32f4xx_hal_dma.o
    0x0800218a   0x0800218a   0x00000002   PAD
    0x0800218c   0x0800218c   0x000000c2   Code   RO          509    .text.HAL_DMA_Start_IT  stm32f4xx_hal_dma.o
    0x0800224e   0x0800224e   0x00000002   PAD
    0x08002250   0x08002250   0x00000042   Code   RO          692    .text.HAL_Delay     stm32f4xx_hal.o
    0x08002292   0x08002292   0x00000002   PAD
    0x08002294   0x08002294   0x000003b6   Code   RO          459    .text.HAL_GPIO_Init  stm32f4xx_hal_gpio.o
    0x0800264a   0x0800264a   0x00000002   PAD
    0x0800264c   0x0800264c   0x0000002e   Code   RO          465    .text.HAL_GPIO_WritePin  stm32f4xx_hal_gpio.o
    0x0800267a   0x0800267a   0x00000002   PAD
    0x0800267c   0x0800267c   0x0000000c   Code   RO          684    .text.HAL_GetTick   stm32f4xx_hal.o
    0x08002688   0x08002688   0x000002a4   Code   RO          840    .text.HAL_I2C_Init  stm32f4xx_hal_i2c.o
    0x0800292c   0x0800292c   0x00000092   Code   RO           72    .text.HAL_I2C_MspInit  i2c.o
    0x080029be   0x080029be   0x00000002   PAD
    0x080029c0   0x080029c0   0x0000001a   Code   RO          682    .text.HAL_IncTick   stm32f4xx_hal.o
    0x080029da   0x080029da   0x00000002   PAD
    0x080029dc   0x080029dc   0x0000003c   Code   RO          672    .text.HAL_Init      stm32f4xx_hal.o
    0x08002a18   0x08002a18   0x00000070   Code   RO          674    .text.HAL_InitTick  stm32f4xx_hal.o
    0x08002a88   0x08002a88   0x00000052   Code   RO          218    .text.HAL_MspInit   stm32f4xx_hal_msp.o
    0x08002ada   0x08002ada   0x00000002   PAD
    0x08002adc   0x08002adc   0x00000014   Code   RO          607    .text.HAL_NVIC_EnableIRQ  stm32f4xx_hal_cortex.o
    0x08002af0   0x08002af0   0x00000032   Code   RO          599    .text.HAL_NVIC_SetPriority  stm32f4xx_hal_cortex.o
    0x08002b22   0x08002b22   0x00000002   PAD
    0x08002b24   0x08002b24   0x00000010   Code   RO          595    .text.HAL_NVIC_SetPriorityGrouping  stm32f4xx_hal_cortex.o
    0x08002b34   0x08002b34   0x00000262   Code   RO          327    .text.HAL_RCC_ClockConfig  stm32f4xx_hal_rcc.o
    0x08002d96   0x08002d96   0x00000002   PAD
    0x08002d98   0x08002d98   0x0000000c   Code   RO          337    .text.HAL_RCC_GetHCLKFreq  stm32f4xx_hal_rcc.o
    0x08002da4   0x08002da4   0x00000022   Code   RO          339    .text.HAL_RCC_GetPCLK1Freq  stm32f4xx_hal_rcc.o
    0x08002dc6   0x08002dc6   0x00000002   PAD
    0x08002dc8   0x08002dc8   0x00000022   Code   RO          341    .text.HAL_RCC_GetPCLK2Freq  stm32f4xx_hal_rcc.o
    0x08002dea   0x08002dea   0x00000002   PAD
    0x08002dec   0x08002dec   0x000000e6   Code   RO          329    .text.HAL_RCC_GetSysClockFreq  stm32f4xx_hal_rcc.o
    0x08002ed2   0x08002ed2   0x00000002   PAD
    0x08002ed4   0x08002ed4   0x000006be   Code   RO          325    .text.HAL_RCC_OscConfig  stm32f4xx_hal_rcc.o
    0x08003592   0x08003592   0x00000002   PAD
    0x08003594   0x08003594   0x00000010   Code   RO          619    .text.HAL_SYSTICK_Config  stm32f4xx_hal_cortex.o
    0x080035a4   0x080035a4   0x00000008   Code   RO         1335    .text.HAL_TIMEx_BreakCallback  stm32f4xx_hal_tim_ex.o
    0x080035ac   0x080035ac   0x00000008   Code   RO         1331    .text.HAL_TIMEx_CommutCallback  stm32f4xx_hal_tim_ex.o
    0x080035b4   0x080035b4   0x000000b2   Code   RO         1327    .text.HAL_TIMEx_ConfigBreakDeadTime  stm32f4xx_hal_tim_ex.o
    0x08003666   0x08003666   0x00000002   PAD
    0x08003668   0x08003668   0x00000122   Code   RO         1325    .text.HAL_TIMEx_MasterConfigSynchronization  stm32f4xx_hal_tim_ex.o
    0x0800378a   0x0800378a   0x00000002   PAD
    0x0800378c   0x0800378c   0x0000009c   Code   RO         1012    .text.HAL_TIM_Base_Init  stm32f4xx_hal_tim.o
    0x08003828   0x08003828   0x00000168   Code   RO          106    .text.HAL_TIM_Base_MspInit  tim.o
    0x08003990   0x08003990   0x000000f6   Code   RO         1026    .text.HAL_TIM_Base_Start_IT  stm32f4xx_hal_tim.o
    0x08003a86   0x08003a86   0x00000002   PAD
    0x08003a88   0x08003a88   0x00000184   Code   RO         1204    .text.HAL_TIM_ConfigClockSource  stm32f4xx_hal_tim.o
    0x08003c0c   0x08003c0c   0x00000130   Code   RO         1126    .text.HAL_TIM_Encoder_Init  stm32f4xx_hal_tim.o
    0x08003d3c   0x08003d3c   0x0000023c   Code   RO          108    .text.HAL_TIM_Encoder_MspInit  tim.o
    0x08003f78   0x08003f78   0x0000014e   Code   RO         1134    .text.HAL_TIM_Encoder_Start  stm32f4xx_hal_tim.o
    0x080040c6   0x080040c6   0x00000002   PAD
    0x080040c8   0x080040c8   0x00000008   Code   RO         1148    .text.HAL_TIM_IC_CaptureCallback  stm32f4xx_hal_tim.o
    0x080040d0   0x080040d0   0x0000021a   Code   RO         1146    .text.HAL_TIM_IRQHandler  stm32f4xx_hal_tim.o
    0x080042ea   0x080042ea   0x00000002   PAD
    0x080042ec   0x080042ec   0x000001d0   Code   RO           86    .text.HAL_TIM_MspPostInit  tim.o
    0x080044bc   0x080044bc   0x00000008   Code   RO         1150    .text.HAL_TIM_OC_DelayElapsedCallback  stm32f4xx_hal_tim.o
    0x080044c4   0x080044c4   0x00000142   Code   RO         1178    .text.HAL_TIM_PWM_ConfigChannel  stm32f4xx_hal_tim.o
    0x08004606   0x08004606   0x00000002   PAD
    0x08004608   0x08004608   0x0000009c   Code   RO         1066    .text.HAL_TIM_PWM_Init  stm32f4xx_hal_tim.o
    0x080046a4   0x080046a4   0x00000008   Code   RO         1068    .text.HAL_TIM_PWM_MspInit  stm32f4xx_hal_tim.o
    0x080046ac   0x080046ac   0x00000008   Code   RO         1152    .text.HAL_TIM_PWM_PulseFinishedCallback  stm32f4xx_hal_tim.o
    0x080046b4   0x080046b4   0x000001ca   Code   RO         1074    .text.HAL_TIM_PWM_Start  stm32f4xx_hal_tim.o
    0x0800487e   0x0800487e   0x00000002   PAD
    0x08004880   0x08004880   0x000001dc   Code   RO         1622    .text.HAL_TIM_PeriodElapsedCallback  drv_tim.o
    0x08004a5c   0x08004a5c   0x00000008   Code   RO         1156    .text.HAL_TIM_TriggerCallback  stm32f4xx_hal_tim.o
    0x08004a64   0x08004a64   0x000000b8   Code   RO         1402    .text.HAL_UARTEx_ReceiveToIdle_DMA  stm32f4xx_hal_uart.o
    0x08004b1c   0x08004b1c   0x00000176   Code   RO         1760    .text.HAL_UARTEx_RxEventCallback  drv_uart.o
    0x08004c92   0x08004c92   0x00000002   PAD
    0x08004c94   0x08004c94   0x000000cc   Code   RO         1392    .text.HAL_UART_DMAStop  stm32f4xx_hal_uart.o
    0x08004d60   0x08004d60   0x00000008   Code   RO         1438    .text.HAL_UART_ErrorCallback  stm32f4xx_hal_uart.o
    0x08004d68   0x08004d68   0x0000045c   Code   RO         1432    .text.HAL_UART_IRQHandler  stm32f4xx_hal_uart.o
    0x080051c4   0x080051c4   0x0000009e   Code   RO         1348    .text.HAL_UART_Init  stm32f4xx_hal_uart.o
    0x08005262   0x08005262   0x00000002   PAD
    0x08005264   0x08005264   0x00000510   Code   RO          141    .text.HAL_UART_MspInit  usart.o
    0x08005774   0x08005774   0x00000056   Code   RO         1372    .text.HAL_UART_Receive_IT  stm32f4xx_hal_uart.o
    0x080057ca   0x080057ca   0x00000002   PAD
    0x080057cc   0x080057cc   0x00000032   Code   RO         1845    .text.HAL_UART_RxCpltCallback  task.o
    0x080057fe   0x080057fe   0x00000002   PAD
    0x08005800   0x08005800   0x00000008   Code   RO         1452    .text.HAL_UART_RxHalfCpltCallback  stm32f4xx_hal_uart.o
    0x08005808   0x08005808   0x00000008   Code   RO         1446    .text.HAL_UART_TxCpltCallback  stm32f4xx_hal_uart.o
    0x08005810   0x08005810   0x00000004   Code   RO          165    .text.HardFault_Handler  stm32f4xx_it.o
    0x08005814   0x08005814   0x00000080   Code   RO           33    .text.MX_ADC2_Init  adc.o
    0x08005894   0x08005894   0x0000004e   Code   RO           48    .text.MX_CAN1_Init  can.o
    0x080058e2   0x080058e2   0x00000002   PAD
    0x080058e4   0x080058e4   0x000000cc   Code   RO           62    .text.MX_DMA_Init   dma.o
    0x080059b0   0x080059b0   0x00000188   Code   RO           25    .text.MX_GPIO_Init  gpio.o
    0x08005b38   0x08005b38   0x00000048   Code   RO           70    .text.MX_I2C2_Init  i2c.o
    0x08005b80   0x08005b80   0x00000090   Code   RO          102    .text.MX_TIM10_Init  tim.o
    0x08005c10   0x08005c10   0x00000090   Code   RO          104    .text.MX_TIM11_Init  tim.o
    0x08005ca0   0x08005ca0   0x0000016a   Code   RO           84    .text.MX_TIM1_Init  tim.o
    0x08005e0a   0x08005e0a   0x00000002   PAD
    0x08005e0c   0x08005e0c   0x0000007a   Code   RO           88    .text.MX_TIM2_Init  tim.o
    0x08005e86   0x08005e86   0x00000002   PAD
    0x08005e88   0x08005e88   0x0000007e   Code   RO           90    .text.MX_TIM3_Init  tim.o
    0x08005f06   0x08005f06   0x00000002   PAD
    0x08005f08   0x08005f08   0x0000007e   Code   RO           92    .text.MX_TIM4_Init  tim.o
    0x08005f86   0x08005f86   0x00000002   PAD
    0x08005f88   0x08005f88   0x0000007e   Code   RO           94    .text.MX_TIM5_Init  tim.o
    0x08006006   0x08006006   0x00000002   PAD
    0x08006008   0x08006008   0x0000005c   Code   RO           96    .text.MX_TIM6_Init  tim.o
    0x08006064   0x08006064   0x00000142   Code   RO           98    .text.MX_TIM8_Init  tim.o
    0x080061a6   0x080061a6   0x00000002   PAD
    0x080061a8   0x080061a8   0x000000d0   Code   RO          100    .text.MX_TIM9_Init  tim.o
    0x08006278   0x08006278   0x00000040   Code   RO          131    .text.MX_UART4_Init  usart.o
    0x080062b8   0x080062b8   0x00000040   Code   RO          133    .text.MX_USART1_UART_Init  usart.o
    0x080062f8   0x080062f8   0x00000040   Code   RO          135    .text.MX_USART2_UART_Init  usart.o
    0x08006338   0x08006338   0x00000040   Code   RO          137    .text.MX_USART3_UART_Init  usart.o
    0x08006378   0x08006378   0x00000040   Code   RO          139    .text.MX_USART6_UART_Init  usart.o
    0x080063b8   0x080063b8   0x00000004   Code   RO          167    .text.MemManage_Handler  stm32f4xx_it.o
    0x080063bc   0x080063bc   0x00000004   Code   RO          163    .text.NMI_Handler   stm32f4xx_it.o
    0x080063c0   0x080063c0   0x0000006c   Code   RO          605    .text.NVIC_EncodePriority  stm32f4xx_hal_cortex.o
    0x0800642c   0x0800642c   0x00000002   Code   RO          177    .text.PendSV_Handler  stm32f4xx_it.o
    0x0800642e   0x0800642e   0x00000002   PAD
    0x08006430   0x08006430   0x00000002   Code   RO          173    .text.SVC_Handler   stm32f4xx_it.o
    0x08006432   0x08006432   0x00000002   PAD
    0x08006434   0x08006434   0x00000052   Code   RO          621    .text.SysTick_Config  stm32f4xx_hal_cortex.o
    0x08006486   0x08006486   0x00000002   PAD
    0x08006488   0x08006488   0x00000008   Code   RO          179    .text.SysTick_Handler  stm32f4xx_it.o
    0x08006490   0x08006490   0x000000ba   Code   RO           13    .text.SystemClock_Config  main.o
    0x0800654a   0x0800654a   0x00000002   PAD
    0x0800654c   0x0800654c   0x00000012   Code   RO         1479    .text.SystemInit    system_stm32f4xx.o
    0x0800655e   0x0800655e   0x00000002   PAD
    0x08006560   0x08006560   0x00000010   Code   RO          201    .text.TIM6_DAC_IRQHandler  stm32f4xx_it.o
    0x08006570   0x08006570   0x000001a4   Code   RO         1016    .text.TIM_Base_SetConfig  stm32f4xx_hal_tim.o
    0x08006714   0x08006714   0x00000036   Code   RO         1050    .text.TIM_CCxChannelCmd  stm32f4xx_hal_tim.o
    0x0800674a   0x0800674a   0x00000002   PAD
    0x0800674c   0x0800674c   0x00000034   Code   RO         1202    .text.TIM_ETR_SetConfig  stm32f4xx_hal_tim.o
    0x08006780   0x08006780   0x0000002a   Code   RO         1208    .text.TIM_ITRx_SetConfig  stm32f4xx_hal_tim.o
    0x080067aa   0x080067aa   0x00000002   PAD
    0x080067ac   0x080067ac   0x00000214   Code   RO         1620    .text.TIM_Init      drv_tim.o
    0x080069c0   0x080069c0   0x000000ea   Code   RO         1160    .text.TIM_OC1_SetConfig  stm32f4xx_hal_tim.o
    0x08006aaa   0x08006aaa   0x00000002   PAD
    0x08006aac   0x08006aac   0x000000f4   Code   RO         1162    .text.TIM_OC2_SetConfig  stm32f4xx_hal_tim.o
    0x08006ba0   0x08006ba0   0x000000f2   Code   RO         1164    .text.TIM_OC3_SetConfig  stm32f4xx_hal_tim.o
    0x08006c92   0x08006c92   0x00000002   PAD
    0x08006c94   0x08006c94   0x000000a4   Code   RO         1166    .text.TIM_OC4_SetConfig  stm32f4xx_hal_tim.o
    0x08006d38   0x08006d38   0x00000050   Code   RO         1206    .text.TIM_TI1_ConfigInputStage  stm32f4xx_hal_tim.o
    0x08006d88   0x08006d88   0x00000052   Code   RO         1210    .text.TIM_TI2_ConfigInputStage  stm32f4xx_hal_tim.o
    0x08006dda   0x08006dda   0x00000002   PAD
    0x08006ddc   0x08006ddc   0x00000110   Code   RO         1859    .text.Task_Init     task.o
    0x08006eec   0x08006eec   0x00000080   Code   RO         1861    .text.Task_Loop     task.o
    0x08006f6c   0x08006f6c   0x00000010   Code   RO          199    .text.UART4_IRQHandler  stm32f4xx_it.o
    0x08006f7c   0x08006f7c   0x0000001c   Code   RO         1436    .text.UART_DMAAbortOnError  stm32f4xx_hal_uart.o
    0x08006f98   0x08006f98   0x0000007c   Code   RO         1382    .text.UART_DMAError  stm32f4xx_hal_uart.o
    0x08007014   0x08007014   0x000000f4   Code   RO         1468    .text.UART_DMAReceiveCplt  stm32f4xx_hal_uart.o
    0x08007108   0x08007108   0x00000034   Code   RO         1470    .text.UART_DMARxHalfCplt  stm32f4xx_hal_uart.o
    0x0800713c   0x0800713c   0x00000094   Code   RO         1396    .text.UART_EndRxTransfer  stm32f4xx_hal_uart.o
    0x080071d0   0x080071d0   0x00000026   Code   RO         1444    .text.UART_EndTransmit_IT  stm32f4xx_hal_uart.o
    0x080071f6   0x080071f6   0x00000002   PAD
    0x080071f8   0x080071f8   0x00000036   Code   RO         1394    .text.UART_EndTxTransfer  stm32f4xx_hal_uart.o
    0x0800722e   0x0800722e   0x00000002   PAD
    0x08007230   0x08007230   0x00000144   Code   RO         1754    .text.UART_Init     drv_uart.o
    0x08007374   0x08007374   0x00000168   Code   RO         1434    .text.UART_Receive_IT  stm32f4xx_hal_uart.o
    0x080074dc   0x080074dc   0x0000013a   Code   RO         1352    .text.UART_SetConfig  stm32f4xx_hal_uart.o
    0x08007616   0x08007616   0x00000002   PAD
    0x08007618   0x08007618   0x00000130   Code   RO         1386    .text.UART_Start_Receive_DMA  stm32f4xx_hal_uart.o
    0x08007748   0x08007748   0x00000062   Code   RO         1374    .text.UART_Start_Receive_IT  stm32f4xx_hal_uart.o
    0x080077aa   0x080077aa   0x00000002   PAD
    0x080077ac   0x080077ac   0x00000094   Code   RO         1442    .text.UART_Transmit_IT  stm32f4xx_hal_uart.o
    0x08007840   0x08007840   0x00000010   Code   RO          193    .text.USART1_IRQHandler  stm32f4xx_it.o
    0x08007850   0x08007850   0x00000010   Code   RO          195    .text.USART2_IRQHandler  stm32f4xx_it.o
    0x08007860   0x08007860   0x00000010   Code   RO          197    .text.USART3_IRQHandler  stm32f4xx_it.o
    0x08007870   0x08007870   0x00000010   Code   RO          209    .text.USART6_IRQHandler  stm32f4xx_it.o
    0x08007880   0x08007880   0x00000004   Code   RO          171    .text.UsageFault_Handler  stm32f4xx_it.o
    0x08007884   0x08007884   0x00000008   Code   RO         1863    .text._GLOBAL__sub_I_task.cpp  task.o
    0x0800788c   0x0800788c   0x00000004   PAD
    0x08007890   0x08007890   0x000001b4   Code   RO         1853    .text._Z11Unlock_taskv  task.o
    0x08007a44   0x08007a44   0x0000004e   Code   RO         1606    .text._Z14Math_ConstrainIfEvPT_S0_S0_  alg_pid.o
    0x08007a92   0x08007a92   0x00000002   PAD
    0x08007a94   0x08007a94   0x00000044   Code   RO         1857    .text._Z15GetCCRFromAngleff  task.o
    0x08007ad8   0x08007ad8   0x00000046   Code   RO         1849    .text._Z19Task_UART4_CallbackPht  task.o
    0x08007b1e   0x08007b1e   0x00000002   PAD
    0x08007b20   0x08007b20   0x00000088   Code   RO         1851    .text._Z19Task_UART6_CallbackPht  task.o
    0x08007ba8   0x08007ba8   0x00000348   Code   RO         1855    .text._Z21Task2ms_TIM6_Callbackv  task.o
    0x08007ef0   0x08007ef0   0x0000009e   Code   RO         1678    .text._Z22can_filter_mask_configP17CAN_HandleTypeDefhjj  drv_can.o
    0x08007f8e   0x08007f8e   0x00000002   PAD
    0x08007f90   0x08007f90   0x00000018   Code   RO         1847    .text._Z28Chassis_Device_CAN1_CallbackP20Struct_CAN_Rx_Buffer  task.o
    0x08007fa8   0x08007fa8   0x00000096   Code   RO         1777    .text._Z8ADC_InitP17ADC_HandleTypeDeft  drv_adc.o
    0x0800803e   0x0800803e   0x00000002   PAD
    0x08008040   0x08008040   0x000000a2   Code   RO         1680    .text._Z8CAN_InitP17CAN_HandleTypeDefPFvP20Struct_CAN_Rx_BufferE  drv_can.o
    0x080080e2   0x080080e2   0x00000002   PAD
    0x080080e4   0x080080e4   0x00000036   Code   RO         1604    .text._Z8Math_AbsIfET_S0_  alg_pid.o
    0x0800811a   0x0800811a   0x00000002   PAD
    0x0800811c   0x0800811c   0x00000066   Code   RO         1583    .text._ZN10Class_OLED10OLED_ClearEv  dvc_oled.o
    0x08008182   0x08008182   0x00000002   PAD
    0x08008184   0x08008184   0x000000d6   Code   RO         1581    .text._ZN10Class_OLED12OLED_WR_ByteEhh  dvc_oled.o
    0x0800825a   0x0800825a   0x00000002   PAD
    0x0800825c   0x0800825c   0x0000013e   Code   RO         1589    .text._ZN10Class_OLED13OLED_ShowCharEhhhhh  dvc_oled.o
    0x0800839a   0x0800839a   0x00000002   PAD
    0x0800839c   0x0800839c   0x0000009a   Code   RO         1591    .text._ZN10Class_OLED14OLED_DrawPointEhhh  dvc_oled.o
    0x08008436   0x08008436   0x00000002   PAD
    0x08008438   0x08008438   0x000000a4   Code   RO         1585    .text._ZN10Class_OLED15OLED_ShowStringEhhPKh  dvc_oled.o
    0x080084dc   0x080084dc   0x0000008a   Code   RO         1587    .text._ZN10Class_OLED17OLED_Refresh_GramEv  dvc_oled.o
    0x08008566   0x08008566   0x00000002   PAD
    0x08008568   0x08008568   0x0000005e   Code   RO         1569    .text._ZN10Class_OLED33TIM_Process_PeriodElapsedCallbackEv  dvc_oled.o
    0x080085c6   0x080085c6   0x00000002   PAD
    0x080085c8   0x080085c8   0x00000136   Code   RO         1567    .text._ZN10Class_OLED4InitEv  dvc_oled.o
    0x080086fe   0x080086fe   0x00000002   PAD
    0x08008700   0x08008700   0x00000014   Code   RO         1834    .text._ZN11Class_EoCar35TIM_Calculate_PeriodElapsedCallbackEv  ita_car.o
    0x08008714   0x08008714   0x00000060   Code   RO         1832    .text._ZN11Class_EoCar4InitEv  ita_car.o
    0x08008774   0x08008774   0x0000002e   Code   RO         1896    .text._ZN11Class_EoCarC2Ev  task.o
    0x080087a2   0x080087a2   0x00000002   PAD
    0x080087a4   0x080087a4   0x00000012   Code   RO         1912    .text._ZN11Class_Slope10Set_TargetEf  task.o
    0x080087b6   0x080087b6   0x00000002   PAD
    0x080087b8   0x080087b8   0x00000254   Code   RO         1611    .text._ZN11Class_Slope35TIM_Calculate_PeriodElapsedCallbackEv  alg_slope.o
    0x08008a0c   0x08008a0c   0x00000022   Code   RO         1609    .text._ZN11Class_Slope4InitEff  alg_slope.o
    0x08008a2e   0x08008a2e   0x00000002   PAD
    0x08008a30   0x08008a30   0x0000000e   Code   RO         1914    .text._ZN11Class_Slope7Get_OutEv  task.o
    0x08008a3e   0x08008a3e   0x00000002   PAD
    0x08008a40   0x08008a40   0x00000012   Code   RO         1922    .text._ZN11Class_SlopeC2Ev  task.o
    0x08008a52   0x08008a52   0x00000002   PAD
    0x08008a54   0x08008a54   0x00000010   Code   RO         1906    .text._ZN12Class_Minipc10Get_Flag_1Ev  task.o
    0x08008a64   0x08008a64   0x00000010   Code   RO         1904    .text._ZN12Class_Minipc10Get_Flag_2Ev  task.o
    0x08008a74   0x08008a74   0x00000010   Code   RO         1916    .text._ZN12Class_Minipc10Get_Flag_3Ev  task.o
    0x08008a84   0x08008a84   0x00000010   Code   RO         1918    .text._ZN12Class_Minipc12Get_Win_FlagEv  task.o
    0x08008a94   0x08008a94   0x00000012   Code   RO         1898    .text._ZN12Class_Minipc14Get_Velocity_XEv  task.o
    0x08008aa6   0x08008aa6   0x00000002   PAD
    0x08008aa8   0x08008aa8   0x00000012   Code   RO         1900    .text._ZN12Class_Minipc14Get_Velocity_YEv  task.o
    0x08008aba   0x08008aba   0x00000002   PAD
    0x08008abc   0x08008abc   0x00000012   Code   RO         1902    .text._ZN12Class_Minipc14Get_Velocity_ZEv  task.o
    0x08008ace   0x08008ace   0x00000002   PAD
    0x08008ad0   0x08008ad0   0x00000068   Code   RO         1557    .text._ZN12Class_Minipc19Get_CRC16_Check_SumEPKhjt  dvc_minipc.o
    0x08008b38   0x08008b38   0x00000094   Code   RO         1549    .text._ZN12Class_Minipc19MiniPc_Data_ProcessEv  dvc_minipc.o
    0x08008bcc   0x08008bcc   0x00000016   Code   RO         1910    .text._ZN12Class_Minipc22Get_Pixel_difference_XEv  task.o
    0x08008be2   0x08008be2   0x00000002   PAD
    0x08008be4   0x08008be4   0x00000016   Code   RO         1908    .text._ZN12Class_Minipc22Get_Pixel_difference_YEv  task.o
    0x08008bfa   0x08008bfa   0x00000002   PAD
    0x08008bfc   0x08008bfc   0x00000084   Code   RO         1551    .text._ZN12Class_Minipc22Verify_CRC16_Check_SumEPKhj  dvc_minipc.o
    0x08008c80   0x08008c80   0x00000012   Code   RO         1547    .text._ZN12Class_Minipc26MiniPc_UART_RxCpltCallbackEPh  dvc_minipc.o
    0x08008c92   0x08008c92   0x00000002   PAD
    0x08008c94   0x08008c94   0x00000030   Code   RO         1545    .text._ZN12Class_Minipc39TIM1msMod50_Alive_PeriodElapsedCallbackEv  dvc_minipc.o
    0x08008cc4   0x08008cc4   0x000000d8   Code   RO         1543    .text._ZN12Class_Minipc4InitEP20__UART_HandleTypeDef  dvc_minipc.o
    0x08008d9c   0x08008d9c   0x0000002a   Code   RO         1920    .text._ZN12Class_MinipcC2Ev  task.o
    0x08008dc6   0x08008dc6   0x00000002   PAD
    0x08008dc8   0x08008dc8   0x00000016   Code   RO         1928    .text._ZN16Struct_Send_DataC2Ev  task.o
    0x08008dde   0x08008dde   0x00000002   PAD
    0x08008de0   0x08008de0   0x0000000e   Code   RO         1806    .text._ZN18Class_EncoderMotor16Get_Now_VelocityEv  crt_chassis.o
    0x08008dee   0x08008dee   0x00000002   PAD
    0x08008df0   0x08008df0   0x00000180   Code   RO         1495    .text._ZN18Class_EncoderMotor21TIM_Encoder_CalculateEv  dvc_encodermotor.o
    0x08008f70   0x08008f70   0x0000000e   Code   RO         1808    .text._ZN18Class_EncoderMotor26Get_EncoderMotor_PWMOutputEv  crt_chassis.o
    0x08008f7e   0x08008f7e   0x00000002   PAD
    0x08008f80   0x08008f80   0x00000016   Code   RO         1800    .text._ZN18Class_EncoderMotor26Set_EncoderMotor_PWMOutputEs  crt_chassis.o
    0x08008f96   0x08008f96   0x00000002   PAD
    0x08008f98   0x08008f98   0x00000014   Code   RO         1804    .text._ZN18Class_EncoderMotor32Set_EncoderMotor_Target_VelocityEf  crt_chassis.o
    0x08008fac   0x08008fac   0x00000040   Code   RO         1499    .text._ZN18Class_EncoderMotor35TIM_Calculate_PeriodElapsedCallbackEv  dvc_encodermotor.o
    0x08008fec   0x08008fec   0x0000005a   Code   RO         1493    .text._ZN18Class_EncoderMotor4InitEP17TIM_HandleTypeDeftjff  dvc_encodermotor.o
    0x08009046   0x08009046   0x00000002   PAD
    0x08009048   0x08009048   0x0000001a   Code   RO         1930    .text._ZN18Class_EncoderMotorC2Ev  task.o
    0x08009062   0x08009062   0x00000002   PAD
    0x08009064   0x08009064   0x00000014   Code   RO         1926    .text._ZN18Struct_MiniPc_DataC2Ev  task.o
    0x08009078   0x08009078   0x000006cc   Code   RO         1790    .text._ZN22Class_Tricycle_Chassis16Speed_ResolutionEv  crt_chassis.o
    0x08009744   0x08009744   0x000001a8   Code   RO         1792    .text._ZN22Class_Tricycle_Chassis35TIM_Calculate_PeriodElapsedCallbackEv  crt_chassis.o
    0x080098ec   0x080098ec   0x000001c0   Code   RO         1788    .text._ZN22Class_Tricycle_Chassis4InitEfff  crt_chassis.o
    0x08009aac   0x08009aac   0x00000058   Code   RO         1924    .text._ZN22Class_Tricycle_ChassisC2Ev  task.o
    0x08009b04   0x08009b04   0x00000012   Code   RO         1507    .text._ZN9Class_PID10Set_TargetEf  dvc_encodermotor.o
    0x08009b16   0x08009b16   0x00000002   PAD
    0x08009b18   0x08009b18   0x000002b0   Code   RO         1596    .text._ZN9Class_PID32TIM_Adjust_PeriodElapsedCallbackEv  alg_pid.o
    0x08009dc8   0x08009dc8   0x00000074   Code   RO         1594    .text._ZN9Class_PID4InitEfffffffffff16Enum_PID_D_First  alg_pid.o
    0x08009e3c   0x08009e3c   0x0000000e   Code   RO         1511    .text._ZN9Class_PID7Get_OutEv  dvc_encodermotor.o
    0x08009e4a   0x08009e4a   0x00000002   PAD
    0x08009e4c   0x08009e4c   0x00000012   Code   RO         1509    .text._ZN9Class_PID7Set_NowEf  dvc_encodermotor.o
    0x08009e5e   0x08009e5e   0x00000002   PAD
    0x08009e60   0x08009e60   0x00000030   Code   RO         1932    .text._ZN9Class_PIDC2Ev  task.o
    0x08009e90   0x08009e90   0x00000018   Code   RO         1802    .text._ZNSt3__26__math4sqrtB8nn190000IiTnNS_9enable_ifIXsr11is_integralIT_EE5valueEiE4typeELi0EEEdS3_  crt_chassis.o
    0x08009ea8   0x08009ea8   0x00000030   Code   RO          609    .text.__NVIC_EnableIRQ  stm32f4xx_hal_cortex.o
    0x08009ed8   0x08009ed8   0x00000010   Code   RO          601    .text.__NVIC_GetPriorityGrouping  stm32f4xx_hal_cortex.o
    0x08009ee8   0x08009ee8   0x00000042   Code   RO          603    .text.__NVIC_SetPriority  stm32f4xx_hal_cortex.o
    0x08009f2a   0x08009f2a   0x00000002   PAD
    0x08009f2c   0x08009f2c   0x0000003c   Code   RO          597    .text.__NVIC_SetPriorityGrouping  stm32f4xx_hal_cortex.o
    0x08009f68   0x08009f68   0x00000010   Code   RO         1843    .text.__cxx_global_var_init  task.o
    0x08009f78   0x08009f78   0x0000006c   Code   RO           11    .text.main          main.o
    0x08009fe4   0x08009fe4   0x0000007a   Code   RO         2109    i.__hardfp_sqrt     m_wm.l(sqrt.o)
    0x0800a05e   0x0800a05e   0x00000002   PAD
    0x0800a060   0x0800a060   0x00000062   Code   RO         2079    x$fpl$d2f           fz_wm.l(d2f.o)
    0x0800a0c2   0x0800a0c2   0x00000002   PAD
    0x0800a0c4   0x0800a0c4   0x00000150   Code   RO         2081    x$fpl$dadd          fz_wm.l(daddsub_clz.o)
    0x0800a214   0x0800a214   0x000002b8   Code   RO         2090    x$fpl$ddiv          fz_wm.l(ddiv.o)
    0x0800a4cc   0x0800a4cc   0x0000002e   Code   RO         2094    x$fpl$dflt          fz_wm.l(dflt_clz.o)
    0x0800a4fa   0x0800a4fa   0x00000002   PAD
    0x0800a4fc   0x0800a4fc   0x00000154   Code   RO         2099    x$fpl$dmul          fz_wm.l(dmul.o)
    0x0800a650   0x0800a650   0x0000009c   Code   RO         2181    x$fpl$dnaninf       fz_wm.l(dnaninf.o)
    0x0800a6ec   0x0800a6ec   0x0000000c   Code   RO         2183    x$fpl$dretinf       fz_wm.l(dretinf.o)
    0x0800a6f8   0x0800a6f8   0x00000198   Code   RO         2185    x$fpl$dsqrt         fz_wm.l(dsqrt_umaal.o)
    0x0800a890   0x0800a890   0x000001dc   Code   RO         2083    x$fpl$dsub          fz_wm.l(daddsub_clz.o)
    0x0800aa6c   0x0800aa6c   0x00000056   Code   RO         2101    x$fpl$f2d           fz_wm.l(f2d.o)
    0x0800aac2   0x0800aac2   0x0000008c   Code   RO         2187    x$fpl$fnaninf       fz_wm.l(fnaninf.o)
    0x0800ab4e   0x0800ab4e   0x0000001a   Code   RO         2246    x$fpl$fpinit        fz_wm.l(fpinit.o)
    0x0800ab68   0x0800ab68   0x0000000a   Code   RO         2189    x$fpl$fretinf       fz_wm.l(fretinf.o)
    0x0800ab72   0x0800ab72   0x00000000   Code   RO         2191    x$fpl$usenofp       fz_wm.l(usenofp.o)
    0x0800ab72   0x0800ab72   0x00000010   Data   RO         1484    .rodata.AHBPrescTable  system_stm32f4xx.o
    0x0800ab82   0x0800ab82   0x00000008   Data   RO         1485    .rodata.APBPrescTable  system_stm32f4xx.o
    0x0800ab8a   0x0800ab8a   0x00000008   Data   RO          527    .rodata.DMA_CalcBaseAndBitshift.flagBitshiftOffset  stm32f4xx_hal_dma.o
    0x0800ab92   0x0800ab92   0x00000200   Data   RO         1559    .rodata._ZL11W_CRC_TABLE  dvc_minipc.o
    0x0800ad92   0x0800ad92   0x00000474   Data   RO         1573    .rodata._ZL14oled_asc2_1206  dvc_oled.o
    0x0800b206   0x0800b206   0x000005f0   Data   RO         1574    .rodata._ZL14oled_asc2_1608  dvc_oled.o
    0x0800b7f6   0x0800b7f6   0x00000012   Data   RO         1572    .rodata.str1.1      dvc_oled.o
    0x0800b808   0x0800b808   0x00000020   Data   RO         2350    Region$$Table       anon$$obj.o
    0x0800b828   0x0800b828   0x00000004   Data   RO         1889    .init_array         task.o
    0x0800b82c   0x0800b828   0x00000000   Data   RO         2074    .init_array         c_w.l(init_aeabi.o)


    Execution Region RW_IRAM1 (Exec base: 0x20000000, Load base: 0x0800b830, Size: 0x00002eb0, Max: 0x0001c000, ABSOLUTE)

    Exec Addr    Load Addr    Size         Type   Attr      Idx    E Section Name        Object

    0x20000000   0x0800b830   0x00000001   Data   RW         1885    .data.ByteRecv      task.o
    0x20000001   0x0800b831   0x00000003   PAD
    0x20000004   0x0800b834   0x00000004   Data   RW         1483    .data.SystemCoreClock  system_stm32f4xx.o
    0x20000008   0x0800b838   0x00000004   Data   RW         1876    .data.k_p_pitch     task.o
    0x2000000c   0x0800b83c   0x00000004   Data   RW         1879    .data.k_p_yaw       task.o
    0x20000010   0x0800b840   0x00000004   Data   RW         1871    .data.pitch         task.o
    0x20000014   0x0800b844   0x00000004   Data   RW         1875    .data.pitch_slope   task.o
    0x20000018   0x0800b848   0x00000001   Data   RW          727    .data.uwTickFreq    stm32f4xx_hal.o
    0x20000019   0x0800b849   0x00000003   PAD
    0x2000001c   0x0800b84c   0x00000004   Data   RW          726    .data.uwTickPrio    stm32f4xx_hal.o
    0x20000020   0x0800b850   0x00000004   Data   RW         1870    .data.yaw           task.o
    0x20000024   0x0800b854   0x00000004   Data   RW         1874    .data.yaw_slope     task.o
    0x20000028        -       0x00000060   Zero   RW         2253    .bss                c_w.l(libspace.o)
    0x20000088        -       0x0000000c   Zero   RW         1779    .bss.ADC1_Manage_Object  drv_adc.o
    0x20000094        -       0x0000000c   Zero   RW         1780    .bss.ADC2_Manage_Object  drv_adc.o
    0x200000a0        -       0x0000000c   Zero   RW         1781    .bss.ADC3_Manage_Object  drv_adc.o
    0x200000ac        -       0x0000002c   Zero   RW         1694    .bss.CAN1_Manage_Object  drv_can.o
    0x200000d8        -       0x0000002c   Zero   RW         1695    .bss.CAN2_Manage_Object  drv_can.o
    0x20000104        -       0x00000006   Zero   RW         1882    .bss.ESP32_Data     task.o
    0x2000010a        -       0x00000002   Zero   RW         1883    .bss.ESP32_Online_flag  task.o
    0x2000010c        -       0x00000724   Zero   RW         1865    .bss.EoCar          task.o
    0x20000830        -       0x00000008   Zero   RW         1633    .bss.TIM10_Manage_Object  drv_tim.o
    0x20000838        -       0x00000008   Zero   RW         1634    .bss.TIM11_Manage_Object  drv_tim.o
    0x20000840        -       0x00000008   Zero   RW         1635    .bss.TIM12_Manage_Object  drv_tim.o
    0x20000848        -       0x00000008   Zero   RW         1636    .bss.TIM13_Manage_Object  drv_tim.o
    0x20000850        -       0x00000008   Zero   RW         1637    .bss.TIM14_Manage_Object  drv_tim.o
    0x20000858        -       0x00000008   Zero   RW         1624    .bss.TIM1_Manage_Object  drv_tim.o
    0x20000860        -       0x00000008   Zero   RW         1625    .bss.TIM2_Manage_Object  drv_tim.o
    0x20000868        -       0x00000008   Zero   RW         1626    .bss.TIM3_Manage_Object  drv_tim.o
    0x20000870        -       0x00000008   Zero   RW         1627    .bss.TIM4_Manage_Object  drv_tim.o
    0x20000878        -       0x00000008   Zero   RW         1628    .bss.TIM5_Manage_Object  drv_tim.o
    0x20000880        -       0x00000008   Zero   RW         1629    .bss.TIM6_Manage_Object  drv_tim.o
    0x20000888        -       0x00000008   Zero   RW         1630    .bss.TIM7_Manage_Object  drv_tim.o
    0x20000890        -       0x00000008   Zero   RW         1631    .bss.TIM8_Manage_Object  drv_tim.o
    0x20000898        -       0x00000008   Zero   RW         1632    .bss.TIM9_Manage_Object  drv_tim.o
    0x200008a0        -       0x00000410   Zero   RW         1762    .bss.UART1_Manage_Object  drv_uart.o
    0x20000cb0        -       0x00000410   Zero   RW         1763    .bss.UART2_Manage_Object  drv_uart.o
    0x200010c0        -       0x00000410   Zero   RW         1764    .bss.UART3_Manage_Object  drv_uart.o
    0x200014d0        -       0x00000410   Zero   RW         1765    .bss.UART4_Manage_Object  drv_uart.o
    0x200018e0        -       0x00000410   Zero   RW         1766    .bss.UART5_Manage_Object  drv_uart.o
    0x20001cf0        -       0x00000410   Zero   RW         1767    .bss.UART6_Manage_Object  drv_uart.o
    0x20002100        -       0x00000001   Zero   RW         1888    .bss._ZZ11Unlock_taskvE10picth_flag  task.o
    0x20002101        -       0x00000001   Zero   RW         1887    .bss._ZZ11Unlock_taskvE8yaw_flag  task.o
    0x20002102        -       0x00000001   Zero   RW         1571    .bss._ZZN10Class_OLED33TIM_Process_PeriodElapsedCallbackEvE8count100  dvc_oled.o
    0x20002103   0x0800b858   0x00000001   PAD
    0x20002104        -       0x00000048   Zero   RW           39    .bss.hadc2          adc.o
    0x2000214c        -       0x00000028   Zero   RW           54    .bss.hcan1          can.o
    0x20002174        -       0x00000060   Zero   RW           40    .bss.hdma_adc2      adc.o
    0x200021d4        -       0x00000060   Zero   RW          150    .bss.hdma_uart4_rx  usart.o
    0x20002234        -       0x00000060   Zero   RW          151    .bss.hdma_uart4_tx  usart.o
    0x20002294        -       0x00000060   Zero   RW          152    .bss.hdma_usart1_rx  usart.o
    0x200022f4        -       0x00000060   Zero   RW          153    .bss.hdma_usart3_rx  usart.o
    0x20002354        -       0x00000060   Zero   RW          154    .bss.hdma_usart3_tx  usart.o
    0x200023b4        -       0x00000060   Zero   RW          155    .bss.hdma_usart6_rx  usart.o
    0x20002414        -       0x00000054   Zero   RW           76    .bss.hi2c2          i2c.o
    0x20002468        -       0x00000048   Zero   RW          114    .bss.htim1          tim.o
    0x200024b0        -       0x00000048   Zero   RW          122    .bss.htim10         tim.o
    0x200024f8        -       0x00000048   Zero   RW          123    .bss.htim11         tim.o
    0x20002540        -       0x00000048   Zero   RW          115    .bss.htim2          tim.o
    0x20002588        -       0x00000048   Zero   RW          116    .bss.htim3          tim.o
    0x200025d0        -       0x00000048   Zero   RW          117    .bss.htim4          tim.o
    0x20002618        -       0x00000048   Zero   RW          118    .bss.htim5          tim.o
    0x20002660        -       0x00000048   Zero   RW          119    .bss.htim6          tim.o
    0x200026a8        -       0x00000048   Zero   RW          120    .bss.htim8          tim.o
    0x200026f0        -       0x00000048   Zero   RW          121    .bss.htim9          tim.o
    0x20002738        -       0x00000048   Zero   RW          146    .bss.huart1         usart.o
    0x20002780        -       0x00000048   Zero   RW          147    .bss.huart2         usart.o
    0x200027c8        -       0x00000048   Zero   RW          148    .bss.huart3         usart.o
    0x20002810        -       0x00000048   Zero   RW          145    .bss.huart4         usart.o
    0x20002858        -       0x00000048   Zero   RW          149    .bss.huart6         usart.o
    0x200028a0        -       0x00000001   Zero   RW         1867    .bss.mod10          task.o
    0x200028a1        -       0x00000001   Zero   RW         1866    .bss.mod50          task.o
    0x200028a2        -       0x00000002   Zero   RW         1868    .bss.mod_2s         task.o
    0x200028a4        -       0x00000001   Zero   RW         1886    .bss.start_flag     task.o
    0x200028a5   0x0800b858   0x00000003   PAD
    0x200028a8        -       0x00000004   Zero   RW          728    .bss.uwTick         stm32f4xx_hal.o
    0x200028ac   0x0800b858   0x00000004   PAD
    0x200028b0        -       0x00000200   Zero   RW            2    HEAP                startup_stm32f407xx.o
    0x20002ab0        -       0x00000400   Zero   RW            1    STACK               startup_stm32f407xx.o


    Execution Region RW_IRAM2 (Exec base: 0x2001c000, Load base: 0x0800b858, Size: 0x00000000, Max: 0x00004000, ABSOLUTE)

    **** No section assigned to this execution region ****


==============================================================================

Image component sizes


      Code (inc. data)   RO Data    RW Data    ZI Data      Debug   Object Name

       360          0          0          0        168       4971   adc.o
       936          0          0          0          0      17722   alg_pid.o
       630          0          0          0          0      16062   alg_slope.o
       258          0          0          0         40       5958   can.o
      2706         56          0          0          0      22820   crt_chassis.o
       204          0          0          0          0       3343   dma.o
       150          0          0          0         36       3538   drv_adc.o
       560          0          0          0         88      12585   drv_can.o
      1008          0          0          0        112       4882   drv_tim.o
       698          0          0          0       6240       6872   drv_uart.o
       588         24          0          0          0      20488   dvc_encodermotor.o
       666          0        512          0          0       9551   dvc_minipc.o
      1494          0       2678          0          1       5321   dvc_oled.o
       392          0          0          0          0       2251   gpio.o
       218          0          0          0         84       5067   i2c.o
       116          4          0          0          0      23572   ita_car.o
       300          0          0          0          0       2804   main.o
        64         26        392          0       1536        852   startup_stm32f407xx.o
       276          0          0          5          4       7123   stm32f4xx_hal.o
      1954          0          0          0          0      10125   stm32f4xx_hal_adc.o
      2740          0          0          0          0      11559   stm32f4xx_hal_can.o
       482          0          0          0          0       9730   stm32f4xx_hal_cortex.o
      2068          8          8          0          0       8508   stm32f4xx_hal_dma.o
       996          0          0          0          0       5104   stm32f4xx_hal_gpio.o
       676          0          0          0          0      37693   stm32f4xx_hal_i2c.o
        82          0          0          0          0       1501   stm32f4xx_hal_msp.o
      2646          0          0          0          0       7608   stm32f4xx_hal_rcc.o
      4556         14          0          0          0      36013   stm32f4xx_hal_tim.o
       484          0          0          0          0      15344   stm32f4xx_hal_tim_ex.o
      3684          0          0          0          0      20439   stm32f4xx_hal_uart.o
       274          0          0          0          0       2466   stm32f4xx_it.o
        18          0         24          4          0       2515   system_stm32f4xx.o
      2552         92          4         25       1843      32486   task.o
      3168          0          0          0        720      12354   tim.o
      1616          0          0          0        936       8603   usart.o

    ----------------------------------------------------------------------
     39816        224       3650         40      11816     397830   Object Totals
         0          0         32          0          0          0   (incl. Generated)
       196          0          0          6          8          0   (incl. Padding)

    ----------------------------------------------------------------------

      Code (inc. data)   RO Data    RW Data    ZI Data      Debug   Library Member Name

         8          0          0          0          0         68   __main.o
         0          0          0          0          0          0   __rtentry.o
        12          0          0          0          0          0   __rtentry2.o
         6          0          0          0          0          0   __rtentry4.o
        94          8          0          0          0          0   __scatter.o
        26          0          0          0          0          0   __scatter_copy.o
        28          0          0          0          0          0   __scatter_zi.o
        22          0          0          0          0        100   _rserrno.o
        18          0          0          0          0         80   exit.o
         6          0          0          0          0        152   heapauxi.o
         0          0          0          0          0          0   indicate_semi.o
        44          8          0          0          0         80   init_aeabi.o
         2          0          0          0          0          0   libinit.o
        10          0          0          0          0          0   libinit2.o
         2          0          0          0          0          0   libshutdown.o
         2          0          0          0          0          0   libshutdown2.o
         8          4          0          0         96         68   libspace.o
       240          0          0          0          0        100   lludivv7m.o
         8          4          0          0          0         68   rt_errno_addr_intlibspace.o
        78          0          0          0          0         80   rt_memclr_w.o
         2          0          0          0          0          0   rtexit.o
        10          0          0          0          0          0   rtexit2.o
        12          4          0          0          0         68   sys_exit.o
        74          0          0          0          0         80   sys_stackheap_outer.o
         2          0          0          0          0         68   use_no_semi.o
        98          4          0          0          0        140   d2f.o
       812         16          0          0          0        392   daddsub_clz.o
       696        140          0          0          0        264   ddiv.o
        46          0          0          0          0        116   dflt_clz.o
       340         12          0          0          0        152   dmul.o
       156          4          0          0          0        140   dnaninf.o
        12          0          0          0          0        116   dretinf.o
       408         56          0          0          0        168   dsqrt_umaal.o
        86          4          0          0          0        132   f2d.o
       140          4          0          0          0        132   fnaninf.o
        26          0          0          0          0        116   fpinit.o
        10          0          0          0          0        116   fretinf.o
         0          0          0          0          0          0   usenofp.o
       122          0          0          0          0        148   sqrt.o

    ----------------------------------------------------------------------
      3682        268          0          0         96       3144   Library Totals
        16          0          0          0          0          0   (incl. Padding)

    ----------------------------------------------------------------------

      Code (inc. data)   RO Data    RW Data    ZI Data      Debug   Library Name

       714         28          0          0         96       1012   c_w.l
      2830        240          0          0          0       1984   fz_wm.l
       122          0          0          0          0        148   m_wm.l

    ----------------------------------------------------------------------
      3682        268          0          0         96       3144   Library Totals

    ----------------------------------------------------------------------

==============================================================================


      Code (inc. data)   RO Data    RW Data    ZI Data      Debug   

     43498        492       3650         40      11912     398766   Grand Totals
     43498        492       3650         40      11912     398766   ELF Image Totals
     43498        492       3650         40          0          0   ROM Totals

==============================================================================

    Total RO  Size (Code + RO Data)                47148 (  46.04kB)
    Total RW  Size (RW Data + ZI Data)             11952 (  11.67kB)
    Total ROM Size (Code + RO Data + RW Data)      47188 (  46.08kB)

==============================================================================

