Component: Arm Compiler for Embedded 6.22 Tool: armlink [5ee90200]

==============================================================================

Section Cross References

    startup_stm32f407xx.o(STACK) refers (Special) to heapauxi.o(.text) for __use_two_region_memory
    startup_stm32f407xx.o(HEAP) refers (Special) to heapauxi.o(.text) for __use_two_region_memory
    startup_stm32f407xx.o(RESET) refers (Special) to heapauxi.o(.text) for __use_two_region_memory
    startup_stm32f407xx.o(RESET) refers to startup_stm32f407xx.o(STACK) for __initial_sp
    startup_stm32f407xx.o(RESET) refers to startup_stm32f407xx.o(.text) for Reset_Handler
    startup_stm32f407xx.o(RESET) refers to stm32f4xx_it.o(.text.NMI_Handler) for NMI_Handler
    startup_stm32f407xx.o(RESET) refers to stm32f4xx_it.o(.text.HardFault_Handler) for HardFault_Handler
    startup_stm32f407xx.o(RESET) refers to stm32f4xx_it.o(.text.MemManage_Handler) for MemManage_Handler
    startup_stm32f407xx.o(RESET) refers to stm32f4xx_it.o(.text.BusFault_Handler) for BusFault_Handler
    startup_stm32f407xx.o(RESET) refers to stm32f4xx_it.o(.text.UsageFault_Handler) for UsageFault_Handler
    startup_stm32f407xx.o(RESET) refers to stm32f4xx_it.o(.text.SVC_Handler) for SVC_Handler
    startup_stm32f407xx.o(RESET) refers to stm32f4xx_it.o(.text.DebugMon_Handler) for DebugMon_Handler
    startup_stm32f407xx.o(RESET) refers to stm32f4xx_it.o(.text.PendSV_Handler) for PendSV_Handler
    startup_stm32f407xx.o(RESET) refers to stm32f4xx_it.o(.text.SysTick_Handler) for SysTick_Handler
    startup_stm32f407xx.o(RESET) refers to stm32f4xx_it.o(.text.DMA1_Stream1_IRQHandler) for DMA1_Stream1_IRQHandler
    startup_stm32f407xx.o(RESET) refers to stm32f4xx_it.o(.text.DMA1_Stream2_IRQHandler) for DMA1_Stream2_IRQHandler
    startup_stm32f407xx.o(RESET) refers to stm32f4xx_it.o(.text.DMA1_Stream3_IRQHandler) for DMA1_Stream3_IRQHandler
    startup_stm32f407xx.o(RESET) refers to stm32f4xx_it.o(.text.DMA1_Stream4_IRQHandler) for DMA1_Stream4_IRQHandler
    startup_stm32f407xx.o(RESET) refers to stm32f4xx_it.o(.text.CAN1_RX0_IRQHandler) for CAN1_RX0_IRQHandler
    startup_stm32f407xx.o(RESET) refers to stm32f4xx_it.o(.text.CAN1_RX1_IRQHandler) for CAN1_RX1_IRQHandler
    startup_stm32f407xx.o(RESET) refers to stm32f4xx_it.o(.text.USART1_IRQHandler) for USART1_IRQHandler
    startup_stm32f407xx.o(RESET) refers to stm32f4xx_it.o(.text.USART3_IRQHandler) for USART3_IRQHandler
    startup_stm32f407xx.o(RESET) refers to stm32f4xx_it.o(.text.UART4_IRQHandler) for UART4_IRQHandler
    startup_stm32f407xx.o(RESET) refers to stm32f4xx_it.o(.text.TIM6_DAC_IRQHandler) for TIM6_DAC_IRQHandler
    startup_stm32f407xx.o(RESET) refers to stm32f4xx_it.o(.text.DMA2_Stream1_IRQHandler) for DMA2_Stream1_IRQHandler
    startup_stm32f407xx.o(RESET) refers to stm32f4xx_it.o(.text.DMA2_Stream2_IRQHandler) for DMA2_Stream2_IRQHandler
    startup_stm32f407xx.o(RESET) refers to stm32f4xx_it.o(.text.USART6_IRQHandler) for USART6_IRQHandler
    startup_stm32f407xx.o(.text) refers (Special) to heapauxi.o(.text) for __use_two_region_memory
    startup_stm32f407xx.o(.text) refers to system_stm32f4xx.o(.text.SystemInit) for SystemInit
    startup_stm32f407xx.o(.text) refers to __main.o(!!!main) for __main
    startup_stm32f407xx.o(.text) refers to startup_stm32f407xx.o(HEAP) for Heap_Mem
    startup_stm32f407xx.o(.text) refers to startup_stm32f407xx.o(STACK) for Stack_Mem
    main.o(.text.main) refers to stm32f4xx_hal.o(.text.HAL_Init) for HAL_Init
    main.o(.text.main) refers to main.o(.text.SystemClock_Config) for SystemClock_Config
    main.o(.text.main) refers to gpio.o(.text.MX_GPIO_Init) for MX_GPIO_Init
    main.o(.text.main) refers to dma.o(.text.MX_DMA_Init) for MX_DMA_Init
    main.o(.text.main) refers to tim.o(.text.MX_TIM1_Init) for MX_TIM1_Init
    main.o(.text.main) refers to tim.o(.text.MX_TIM2_Init) for MX_TIM2_Init
    main.o(.text.main) refers to tim.o(.text.MX_TIM3_Init) for MX_TIM3_Init
    main.o(.text.main) refers to tim.o(.text.MX_TIM4_Init) for MX_TIM4_Init
    main.o(.text.main) refers to tim.o(.text.MX_TIM5_Init) for MX_TIM5_Init
    main.o(.text.main) refers to can.o(.text.MX_CAN1_Init) for MX_CAN1_Init
    main.o(.text.main) refers to usart.o(.text.MX_USART3_UART_Init) for MX_USART3_UART_Init
    main.o(.text.main) refers to tim.o(.text.MX_TIM9_Init) for MX_TIM9_Init
    main.o(.text.main) refers to tim.o(.text.MX_TIM10_Init) for MX_TIM10_Init
    main.o(.text.main) refers to tim.o(.text.MX_TIM11_Init) for MX_TIM11_Init
    main.o(.text.main) refers to usart.o(.text.MX_USART1_UART_Init) for MX_USART1_UART_Init
    main.o(.text.main) refers to tim.o(.text.MX_TIM8_Init) for MX_TIM8_Init
    main.o(.text.main) refers to i2c.o(.text.MX_I2C2_Init) for MX_I2C2_Init
    main.o(.text.main) refers to usart.o(.text.MX_USART6_UART_Init) for MX_USART6_UART_Init
    main.o(.text.main) refers to tim.o(.text.MX_TIM6_Init) for MX_TIM6_Init
[...]
    __rt_exit_ls                             0x0800024d   Thumb Code     0  rtexit2.o(.ARM.Collect$$rtexit$$00000003)
    __rt_exit_prels_1                        0x0800024d   Thumb Code     0  rtexit2.o(.ARM.Collect$$rtexit$$00000002)
    __rt_exit_exit                           0x08000251   Thumb Code     0  rtexit2.o(.ARM.Collect$$rtexit$$00000004)
    Reset_Handler                            0x08000259   Thumb Code     8  startup_stm32f407xx.o(.text)
    ADC_IRQHandler                           0x08000273   Thumb Code     0  startup_stm32f407xx.o(.text)
    CAN1_SCE_IRQHandler                      0x08000273   Thumb Code     0  startup_stm32f407xx.o(.text)
    CAN1_TX_IRQHandler                       0x08000273   Thumb Code     0  startup_stm32f407xx.o(.text)
    CAN2_RX0_IRQHandler                      0x08000273   Thumb Code     0  startup_stm32f407xx.o(.text)
    CAN2_RX1_IRQHandler                      0x08000273   Thumb Code     0  startup_stm32f407xx.o(.text)
    CAN2_SCE_IRQHandler                      0x08000273   Thumb Code     0  startup_stm32f407xx.o(.text)
    CAN2_TX_IRQHandler                       0x08000273   Thumb Code     0  startup_stm32f407xx.o(.text)
    DCMI_IRQHandler                          0x08000273   Thumb Code     0  startup_stm32f407xx.o(.text)
    DMA1_Stream0_IRQHandler                  0x08000273   Thumb Code     0  startup_stm32f407xx.o(.text)
    DMA1_Stream5_IRQHandler                  0x08000273   Thumb Code     0  startup_stm32f407xx.o(.text)
    DMA1_Stream6_IRQHandler                  0x08000273   Thumb Code     0  startup_stm32f407xx.o(.text)
    DMA1_Stream7_IRQHandler                  0x08000273   Thumb Code     0  startup_stm32f407xx.o(.text)
    DMA2_Stream0_IRQHandler                  0x08000273   Thumb Code     0  startup_stm32f407xx.o(.text)
    DMA2_Stream3_IRQHandler                  0x08000273   Thumb Code     0  startup_stm32f407xx.o(.text)
    DMA2_Stream4_IRQHandler                  0x08000273   Thumb Code     0  startup_stm32f407xx.o(.text)
    DMA2_Stream5_IRQHandler                  0x08000273   Thumb Code     0  startup_stm32f407xx.o(.text)
    DMA2_Stream6_IRQHandler                  0x08000273   Thumb Code     0  startup_stm32f407xx.o(.text)
    DMA2_Stream7_IRQHandler                  0x08000273   Thumb Code     0  startup_stm32f407xx.o(.text)
    ETH_IRQHandler                           0x08000273   Thumb Code     0  startup_stm32f407xx.o(.text)
    ETH_WKUP_IRQHandler                      0x08000273   Thumb Code     0  startup_stm32f407xx.o(.text)
    EXTI0_IRQHandler                         0x08000273   Thumb Code     0  startup_stm32f407xx.o(.text)
    EXTI15_10_IRQHandler                     0x08000273   Thumb Code     0  startup_stm32f407xx.o(.text)
    EXTI1_IRQHandler                         0x08000273   Thumb Code     0  startup_stm32f407xx.o(.text)
    EXTI2_IRQHandler                         0x08000273   Thumb Code     0  startup_stm32f407xx.o(.text)
    EXTI3_IRQHandler                         0x08000273   Thumb Code     0  startup_stm32f407xx.o(.text)
    EXTI4_IRQHandler                         0x08000273   Thumb Code     0  startup_stm32f407xx.o(.text)
    EXTI9_5_IRQHandler                       0x08000273   Thumb Code     0  startup_stm32f407xx.o(.text)
    FLASH_IRQHandler                         0x08000273   Thumb Code     0  startup_stm32f407xx.o(.text)
    FMC_IRQHandler                           0x08000273   Thumb Code     0  startup_stm32f407xx.o(.text)
    FPU_IRQHandler                           0x08000273   Thumb Code     0  startup_stm32f407xx.o(.text)
    HASH_RNG_IRQHandler                      0x08000273   Thumb Code     0  startup_stm32f407xx.o(.text)
    I2C1_ER_IRQHandler                       0x08000273   Thumb Code     0  startup_stm32f407xx.o(.text)
    I2C1_EV_IRQHandler                       0x08000273   Thumb Code     0  startup_stm32f407xx.o(.text)
    I2C2_ER_IRQHandler                       0x08000273   Thumb Code     0  startup_stm32f407xx.o(.text)
    I2C2_EV_IRQHandler                       0x08000273   Thumb Code     0  startup_stm32f407xx.o(.text)
    I2C3_ER_IRQHandler                       0x08000273   Thumb Code     0  startup_stm32f407xx.o(.text)
    I2C3_EV_IRQHandler                       0x08000273   Thumb Code     0  startup_stm32f407xx.o(.text)
    OTG_FS_IRQHandler                        0x08000273   Thumb Code     0  startup_stm32f407xx.o(.text)
    OTG_FS_WKUP_IRQHandler                   0x08000273   Thumb Code     0  startup_stm32f407xx.o(.text)
    OTG_HS_EP1_IN_IRQHandler                 0x08000273   Thumb Code     0  startup_stm32f407xx.o(.text)
    OTG_HS_EP1_OUT_IRQHandler                0x08000273   Thumb Code     0  startup_stm32f407xx.o(.text)
    OTG_HS_IRQHandler                        0x08000273   Thumb Code     0  startup_stm32f407xx.o(.text)
    OTG_HS_WKUP_IRQHandler                   0x08000273   Thumb Code     0  startup_stm32f407xx.o(.text)
    PVD_IRQHandler                           0x08000273   Thumb Code     0  startup_stm32f407xx.o(.text)
    RCC_IRQHandler                           0x08000273   Thumb Code     0  startup_stm32f407xx.o(.text)
    RTC_Alarm_IRQHandler                     0x08000273   Thumb Code     0  startup_stm32f407xx.o(.text)
    RTC_WKUP_IRQHandler                      0x08000273   Thumb Code     0  startup_stm32f407xx.o(.text)
    SDIO_IRQHandler                          0x08000273   Thumb Code     0  startup_stm32f407xx.o(.text)
    SPI1_IRQHandler                          0x08000273   Thumb Code     0  startup_stm32f407xx.o(.text)
    SPI2_IRQHandler                          0x08000273   Thumb Code     0  startup_stm32f407xx.o(.text)
    SPI3_IRQHandler                          0x08000273   Thumb Code     0  startup_stm32f407xx.o(.text)
    TAMP_STAMP_IRQHandler                    0x08000273   Thumb Code     0  startup_stm32f407xx.o(.text)
    TIM1_BRK_TIM9_IRQHandler                 0x08000273   Thumb Code     0  startup_stm32f407xx.o(.text)
    TIM1_CC_IRQHandler                       0x08000273   Thumb Code     0  startup_stm32f407xx.o(.text)
    TIM1_TRG_COM_TIM11_IRQHandler            0x08000273   Thumb Code     0  startup_stm32f407xx.o(.text)
    TIM1_UP_TIM10_IRQHandler                 0x08000273   Thumb Code     0  startup_stm32f407xx.o(.text)
    TIM2_IRQHandler                          0x08000273   Thumb Code     0  startup_stm32f407xx.o(.text)
    TIM3_IRQHandler                          0x08000273   Thumb Code     0  startup_stm32f407xx.o(.text)
    TIM4_IRQHandler                          0x08000273   Thumb Code     0  startup_stm32f407xx.o(.text)
    TIM5_IRQHandler                          0x08000273   Thumb Code     0  startup_stm32f407xx.o(.text)
    TIM7_IRQHandler                          0x08000273   Thumb Code     0  startup_stm32f407xx.o(.text)
    TIM8_BRK_TIM12_IRQHandler                0x08000273   Thumb Code     0  startup_stm32f407xx.o(.text)
    TIM8_CC_IRQHandler                       0x08000273   Thumb Code     0  startup_stm32f407xx.o(.text)
    TIM8_TRG_COM_TIM14_IRQHandler            0x08000273   Thumb Code     0  startup_stm32f407xx.o(.text)
    TIM8_UP_TIM13_IRQHandler                 0x08000273   Thumb Code     0  startup_stm32f407xx.o(.text)
    UART5_IRQHandler                         0x08000273   Thumb Code     0  startup_stm32f407xx.o(.text)
    USART2_IRQHandler                        0x08000273   Thumb Code     0  startup_stm32f407xx.o(.text)
    WWDG_IRQHandler                          0x08000273   Thumb Code     0  startup_stm32f407xx.o(.text)
    __user_initial_stackheap                 0x08000275   Thumb Code     0  startup_stm32f407xx.o(.text)
    __aeabi_uldivmod                         0x08000299   Thumb Code     0  lludivv7m.o(.text)
    _ll_udiv                                 0x08000299   Thumb Code   240  lludivv7m.o(.text)
    __aeabi_memclr4                          0x08000389   Thumb Code     0  rt_memclr_w.o(.text)
    __aeabi_memclr8                          0x08000389   Thumb Code     0  rt_memclr_w.o(.text)
    __rt_memclr_w                            0x08000389   Thumb Code     0  rt_memclr_w.o(.text)
    _memset_w                                0x0800038d   Thumb Code    74  rt_memclr_w.o(.text)
    __use_two_region_memory                  0x080003d7   Thumb Code     2  heapauxi.o(.text)
    __rt_heap_escrow$2region                 0x080003d9   Thumb Code     2  heapauxi.o(.text)
    __rt_heap_expand$2region                 0x080003db   Thumb Code     2  heapauxi.o(.text)
    __cpp_initialize__aeabi_                 0x080003dd   Thumb Code    36  init_aeabi.o(.text)
    __read_errno                             0x08000409   Thumb Code    10  _rserrno.o(.text)
    __set_errno                              0x08000413   Thumb Code    12  _rserrno.o(.text)
    __aeabi_errno_addr                       0x08000421   Thumb Code     8  rt_errno_addr_intlibspace.o(.text)
    __errno$intlibspace                      0x08000421   Thumb Code     0  rt_errno_addr_intlibspace.o(.text)
    __rt_errno_addr$intlibspace              0x08000421   Thumb Code     0  rt_errno_addr_intlibspace.o(.text)
    __user_libspace                          0x08000429   Thumb Code     8  libspace.o(.text)
    __user_perproc_libspace                  0x08000429   Thumb Code     0  libspace.o(.text)
    __user_perthread_libspace                0x08000429   Thumb Code     0  libspace.o(.text)
    __user_setup_stackheap                   0x08000431   Thumb Code    74  sys_stackheap_outer.o(.text)
    exit                                     0x0800047b   Thumb Code    18  exit.o(.text)
    _sys_exit                                0x0800048d   Thumb Code     8  sys_exit.o(.text)
    __I$use$semihosting                      0x08000499   Thumb Code     0  use_no_semi.o(.text)
    __use_no_semihosting_swi                 0x08000499   Thumb Code     2  use_no_semi.o(.text)
    __semihosting_library_function           0x0800049b   Thumb Code     0  indicate_semi.o(.text)
    BusFault_Handler                         0x0800049d   Thumb Code     4  stm32f4xx_it.o(.text.BusFault_Handler)
    CAN1_RX0_IRQHandler                      0x080004a1   Thumb Code    16  stm32f4xx_it.o(.text.CAN1_RX0_IRQHandler)
    CAN1_RX1_IRQHandler                      0x080004b1   Thumb Code    16  stm32f4xx_it.o(.text.CAN1_RX1_IRQHandler)
    DMA1_Stream1_IRQHandler                  0x080004c1   Thumb Code    16  stm32f4xx_it.o(.text.DMA1_Stream1_IRQHandler)
    DMA1_Stream2_IRQHandler                  0x080004d1   Thumb Code    16  stm32f4xx_it.o(.text.DMA1_Stream2_IRQHandler)
    DMA1_Stream3_IRQHandler                  0x080004e1   Thumb Code    16  stm32f4xx_it.o(.text.DMA1_Stream3_IRQHandler)
    DMA1_Stream4_IRQHandler                  0x080004f1   Thumb Code    16  stm32f4xx_it.o(.text.DMA1_Stream4_IRQHandler)
    DMA2_Stream1_IRQHandler                  0x08000501   Thumb Code    16  stm32f4xx_it.o(.text.DMA2_Stream1_IRQHandler)
    DMA2_Stream2_IRQHandler                  0x08000511   Thumb Code    16  stm32f4xx_it.o(.text.DMA2_Stream2_IRQHandler)
    DebugMon_Handler                         0x080006b9   Thumb Code     2  stm32f4xx_it.o(.text.DebugMon_Handler)
    Error_Handler                            0x080006bd   Thumb Code     6  main.o(.text.Error_Handler)
    HAL_CAN_ActivateNotification             0x080006c5   Thumb Code    82  stm32f4xx_hal_can.o(.text.HAL_CAN_ActivateNotification)
    HAL_CAN_ConfigFilter                     0x08000719   Thumb Code   414  stm32f4xx_hal_can.o(.text.HAL_CAN_ConfigFilter)
    HAL_CAN_ErrorCallback                    0x080008b9   Thumb Code     8  stm32f4xx_hal_can.o(.text.HAL_CAN_ErrorCallback)
    HAL_CAN_GetRxMessage                     0x080008c1   Thumb Code   530  stm32f4xx_hal_can.o(.text.HAL_CAN_GetRxMessage)
    HAL_CAN_IRQHandler                       0x08000ad5   Thumb Code  1010  stm32f4xx_hal_can.o(.text.HAL_CAN_IRQHandler)
    HAL_CAN_Init                             0x08000ec9   Thumb Code   478  stm32f4xx_hal_can.o(.text.HAL_CAN_Init)
    HAL_CAN_MspInit                          0x080010a9   Thumb Code   180  can.o(.text.HAL_CAN_MspInit)
    HAL_CAN_RxFifo0FullCallback              0x0800115d   Thumb Code     8  stm32f4xx_hal_can.o(.text.HAL_CAN_RxFifo0FullCallback)
    HAL_CAN_RxFifo0MsgPendingCallback        0x08001165   Thumb Code   120  drv_can.o(.text.HAL_CAN_RxFifo0MsgPendingCallback)
    HAL_CAN_RxFifo1FullCallback              0x080011dd   Thumb Code     8  stm32f4xx_hal_can.o(.text.HAL_CAN_RxFifo1FullCallback)
    HAL_CAN_RxFifo1MsgPendingCallback        0x080011e5   Thumb Code   120  drv_can.o(.text.HAL_CAN_RxFifo1MsgPendingCallback)
    HAL_CAN_SleepCallback                    0x0800125d   Thumb Code     8  stm32f4xx_hal_can.o(.text.HAL_CAN_SleepCallback)
    HAL_CAN_Start                            0x08001265   Thumb Code   138  stm32f4xx_hal_can.o(.text.HAL_CAN_Start)
    HAL_CAN_TxMailbox0AbortCallback          0x080012f1   Thumb Code     8  stm32f4xx_hal_can.o(.text.HAL_CAN_TxMailbox0AbortCallback)
    HAL_CAN_TxMailbox0CompleteCallback       0x080012f9   Thumb Code     8  stm32f4xx_hal_can.o(.text.HAL_CAN_TxMailbox0CompleteCallback)
    HAL_CAN_TxMailbox1AbortCallback          0x08001301   Thumb Code     8  stm32f4xx_hal_can.o(.text.HAL_CAN_TxMailbox1AbortCallback)
    HAL_CAN_TxMailbox1CompleteCallback       0x08001309   Thumb Code     8  stm32f4xx_hal_can.o(.text.HAL_CAN_TxMailbox1CompleteCallback)
    HAL_CAN_TxMailbox2AbortCallback          0x08001311   Thumb Code     8  stm32f4xx_hal_can.o(.text.HAL_CAN_TxMailbox2AbortCallback)
    HAL_CAN_TxMailbox2CompleteCallback       0x08001319   Thumb Code     8  stm32f4xx_hal_can.o(.text.HAL_CAN_TxMailbox2CompleteCallback)
    HAL_CAN_WakeUpFromRxMsgCallback          0x08001321   Thumb Code     8  stm32f4xx_hal_can.o(.text.HAL_CAN_WakeUpFromRxMsgCallback)
    HAL_DMA_Abort                            0x08001329   Thumb Code   236  stm32f4xx_hal_dma.o(.text.HAL_DMA_Abort)
    HAL_DMA_Abort_IT                         0x08001415   Thumb Code    68  stm32f4xx_hal_dma.o(.text.HAL_DMA_Abort_IT)
    HAL_DMA_IRQHandler                       0x08001459   Thumb Code   798  stm32f4xx_hal_dma.o(.text.HAL_DMA_IRQHandler)
    HAL_DMA_Init                             0x08001779   Thumb Code   366  stm32f4xx_hal_dma.o(.text.HAL_DMA_Init)
    HAL_DMA_Start_IT                         0x080018e9   Thumb Code   194  stm32f4xx_hal_dma.o(.text.HAL_DMA_Start_IT)
    HAL_GPIO_Init                            0x080019ad   Thumb Code   950  stm32f4xx_hal_gpio.o(.text.HAL_GPIO_Init)
    HAL_GetTick                              0x08001d65   Thumb Code    12  stm32f4xx_hal.o(.text.HAL_GetTick)
    HAL_I2C_Init                             0x08001d71   Thumb Code   676  stm32f4xx_hal_i2c.o(.text.HAL_I2C_Init)
    HAL_I2C_MspInit                          0x08002015   Thumb Code   146  i2c.o(.text.HAL_I2C_MspInit)
    HAL_IncTick                              0x080020a9   Thumb Code    26  stm32f4xx_hal.o(.text.HAL_IncTick)
    HAL_Init                                 0x080020c5   Thumb Code    60  stm32f4xx_hal.o(.text.HAL_Init)
    HAL_InitTick                             0x08002101   Thumb Code   112  stm32f4xx_hal.o(.text.HAL_InitTick)
    HAL_MspInit                              0x08002171   Thumb Code    82  stm32f4xx_hal_msp.o(.text.HAL_MspInit)
    HAL_NVIC_EnableIRQ                       0x080021c5   Thumb Code    20  stm32f4xx_hal_cortex.o(.text.HAL_NVIC_EnableIRQ)
    HAL_NVIC_SetPriority                     0x080021d9   Thumb Code    50  stm32f4xx_hal_cortex.o(.text.HAL_NVIC_SetPriority)
    HAL_NVIC_SetPriorityGrouping             0x0800220d   Thumb Code    16  stm32f4xx_hal_cortex.o(.text.HAL_NVIC_SetPriorityGrouping)
    HAL_RCC_ClockConfig                      0x0800221d   Thumb Code   610  stm32f4xx_hal_rcc.o(.text.HAL_RCC_ClockConfig)
    HAL_RCC_GetHCLKFreq                      0x08002481   Thumb Code    12  stm32f4xx_hal_rcc.o(.text.HAL_RCC_GetHCLKFreq)
    HAL_RCC_GetPCLK1Freq                     0x0800248d   Thumb Code    34  stm32f4xx_hal_rcc.o(.text.HAL_RCC_GetPCLK1Freq)
    HAL_RCC_GetPCLK2Freq                     0x080024b1   Thumb Code    34  stm32f4xx_hal_rcc.o(.text.HAL_RCC_GetPCLK2Freq)
    HAL_RCC_GetSysClockFreq                  0x080024d5   Thumb Code   230  stm32f4xx_hal_rcc.o(.text.HAL_RCC_GetSysClockFreq)
    HAL_RCC_OscConfig                        0x080025bd   Thumb Code  1726  stm32f4xx_hal_rcc.o(.text.HAL_RCC_OscConfig)
    HAL_SYSTICK_Config                       0x08002c7d   Thumb Code    16  stm32f4xx_hal_cortex.o(.text.HAL_SYSTICK_Config)
    HAL_TIMEx_BreakCallback                  0x08002c8d   Thumb Code     8  stm32f4xx_hal_tim_ex.o(.text.HAL_TIMEx_BreakCallback)
    HAL_TIMEx_CommutCallback                 0x08002c95   Thumb Code     8  stm32f4xx_hal_tim_ex.o(.text.HAL_TIMEx_CommutCallback)
    HAL_TIMEx_ConfigBreakDeadTime            0x08002c9d   Thumb Code   178  stm32f4xx_hal_tim_ex.o(.text.HAL_TIMEx_ConfigBreakDeadTime)
    HAL_TIMEx_MasterConfigSynchronization    0x08002d51   Thumb Code   290  stm32f4xx_hal_tim_ex.o(.text.HAL_TIMEx_MasterConfigSynchronization)
    HAL_TIM_Base_Init                        0x08002e75   Thumb Code   156  stm32f4xx_hal_tim.o(.text.HAL_TIM_Base_Init)
    HAL_TIM_Base_MspInit                     0x08002f11   Thumb Code   360  tim.o(.text.HAL_TIM_Base_MspInit)
    HAL_TIM_Base_Start_IT                    0x08003079   Thumb Code   246  stm32f4xx_hal_tim.o(.text.HAL_TIM_Base_Start_IT)
    HAL_TIM_ConfigClockSource                0x08003171   Thumb Code   388  stm32f4xx_hal_tim.o(.text.HAL_TIM_ConfigClockSource)
    HAL_TIM_Encoder_Init                     0x080032f5   Thumb Code   304  stm32f4xx_hal_tim.o(.text.HAL_TIM_Encoder_Init)
    HAL_TIM_Encoder_MspInit                  0x08003425   Thumb Code   572  tim.o(.text.HAL_TIM_Encoder_MspInit)
    HAL_TIM_Encoder_Start                    0x08003661   Thumb Code   334  stm32f4xx_hal_tim.o(.text.HAL_TIM_Encoder_Start)
    HAL_TIM_IC_CaptureCallback               0x080037b1   Thumb Code     8  stm32f4xx_hal_tim.o(.text.HAL_TIM_IC_CaptureCallback)
    HAL_TIM_IRQHandler                       0x080037b9   Thumb Code   538  stm32f4xx_hal_tim.o(.text.HAL_TIM_IRQHandler)
    HAL_TIM_MspPostInit                      0x080039d5   Thumb Code   464  tim.o(.text.HAL_TIM_MspPostInit)
    HAL_TIM_OC_DelayElapsedCallback          0x08003ba5   Thumb Code     8  stm32f4xx_hal_tim.o(.text.HAL_TIM_OC_DelayElapsedCallback)
    HAL_TIM_PWM_ConfigChannel                0x08003bad   Thumb Code   322  stm32f4xx_hal_tim.o(.text.HAL_TIM_PWM_ConfigChannel)
    HAL_TIM_PWM_Init                         0x08003cf1   Thumb Code   156  stm32f4xx_hal_tim.o(.text.HAL_TIM_PWM_Init)
    HAL_TIM_PWM_MspInit                      0x08003d8d   Thumb Code     8  stm32f4xx_hal_tim.o(.text.HAL_TIM_PWM_MspInit)
    HAL_TIM_PWM_PulseFinishedCallback        0x08003d95   Thumb Code     8  stm32f4xx_hal_tim.o(.text.HAL_TIM_PWM_PulseFinishedCallback)
    HAL_TIM_PWM_Start                        0x08003d9d   Thumb Code   458  stm32f4xx_hal_tim.o(.text.HAL_TIM_PWM_Start)
    HAL_TIM_PeriodElapsedCallback            0x08003f69   Thumb Code   476  drv_tim.o(.text.HAL_TIM_PeriodElapsedCallback)
    HAL_TIM_TriggerCallback                  0x08004145   Thumb Code     8  stm32f4xx_hal_tim.o(.text.HAL_TIM_TriggerCallback)
    HAL_UARTEx_ReceiveToIdle_DMA             0x0800414d   Thumb Code   184  stm32f4xx_hal_uart.o(.text.HAL_UARTEx_ReceiveToIdle_DMA)
    HAL_UARTEx_RxEventCallback               0x08004205   Thumb Code   304  drv_uart.o(.text.HAL_UARTEx_RxEventCallback)
    HAL_UART_ErrorCallback                   0x08004335   Thumb Code     8  stm32f4xx_hal_uart.o(.text.HAL_UART_ErrorCallback)
    HAL_UART_IRQHandler                      0x0800433d   Thumb Code  1116  stm32f4xx_hal_uart.o(.text.HAL_UART_IRQHandler)
    HAL_UART_Init                            0x08004799   Thumb Code   158  stm32f4xx_hal_uart.o(.text.HAL_UART_Init)
    HAL_UART_MspInit                         0x08004839   Thumb Code  1152  usart.o(.text.HAL_UART_MspInit)
    HAL_UART_RxCpltCallback                  0x08004cb9   Thumb Code     8  stm32f4xx_hal_uart.o(.text.HAL_UART_RxCpltCallback)
    HAL_UART_RxHalfCpltCallback              0x08004cc1   Thumb Code     8  stm32f4xx_hal_uart.o(.text.HAL_UART_RxHalfCpltCallback)
    HAL_UART_Transmit_DMA                    0x08004cc9   Thumb Code   252  stm32f4xx_hal_uart.o(.text.HAL_UART_Transmit_DMA)
    HAL_UART_TxCpltCallback                  0x08004dc5   Thumb Code     8  stm32f4xx_hal_uart.o(.text.HAL_UART_TxCpltCallback)
    HAL_UART_TxHalfCpltCallback              0x08004dcd   Thumb Code     8  stm32f4xx_hal_uart.o(.text.HAL_UART_TxHalfCpltCallback)
    HardFault_Handler                        0x08004dd5   Thumb Code     4  stm32f4xx_it.o(.text.HardFault_Handler)
    MX_CAN1_Init                             0x08004dd9   Thumb Code    78  can.o(.text.MX_CAN1_Init)
    MX_DMA_Init                              0x08004e29   Thumb Code   186  dma.o(.text.MX_DMA_Init)
    MX_GPIO_Init                             0x08004ee5   Thumb Code   284  gpio.o(.text.MX_GPIO_Init)
    MX_I2C2_Init                             0x08005001   Thumb Code    72  i2c.o(.text.MX_I2C2_Init)
    MX_TIM10_Init                            0x08005049   Thumb Code   144  tim.o(.text.MX_TIM10_Init)
    MX_TIM11_Init                            0x080050d9   Thumb Code   144  tim.o(.text.MX_TIM11_Init)
    MX_TIM1_Init                             0x08005169   Thumb Code   362  tim.o(.text.MX_TIM1_Init)
    MX_TIM2_Init                             0x080052d5   Thumb Code   122  tim.o(.text.MX_TIM2_Init)
    MX_TIM3_Init                             0x08005351   Thumb Code   126  tim.o(.text.MX_TIM3_Init)
    MX_TIM4_Init                             0x080053d1   Thumb Code   126  tim.o(.text.MX_TIM4_Init)
    MX_TIM5_Init                             0x08005451   Thumb Code   126  tim.o(.text.MX_TIM5_Init)
    MX_TIM6_Init                             0x080054d1   Thumb Code    92  tim.o(.text.MX_TIM6_Init)
    MX_TIM8_Init                             0x0800552d   Thumb Code   322  tim.o(.text.MX_TIM8_Init)
    MX_TIM9_Init                             0x08005671   Thumb Code   208  tim.o(.text.MX_TIM9_Init)
    MX_UART4_Init                            0x08005741   Thumb Code    64  usart.o(.text.MX_UART4_Init)
    MX_USART1_UART_Init                      0x08005781   Thumb Code    64  usart.o(.text.MX_USART1_UART_Init)
    MX_USART3_UART_Init                      0x080057c1   Thumb Code    64  usart.o(.text.MX_USART3_UART_Init)
    MX_USART6_UART_Init                      0x08005801   Thumb Code    64  usart.o(.text.MX_USART6_UART_Init)
    MemManage_Handler                        0x08005841   Thumb Code     4  stm32f4xx_it.o(.text.MemManage_Handler)
    NMI_Handler                              0x08005845   Thumb Code     4  stm32f4xx_it.o(.text.NMI_Handler)
    PendSV_Handler                           0x080058b5   Thumb Code     2  stm32f4xx_it.o(.text.PendSV_Handler)
    SVC_Handler                              0x080058b9   Thumb Code     2  stm32f4xx_it.o(.text.SVC_Handler)
    SysTick_Handler                          0x08005911   Thumb Code     8  stm32f4xx_it.o(.text.SysTick_Handler)
    SystemClock_Config                       0x08005919   Thumb Code   186  main.o(.text.SystemClock_Config)
    SystemInit                               0x080059d5   Thumb Code    18  system_stm32f4xx.o(.text.SystemInit)
    TIM6_DAC_IRQHandler                      0x080059e9   Thumb Code    16  stm32f4xx_it.o(.text.TIM6_DAC_IRQHandler)
    TIM_Base_SetConfig                       0x080059f9   Thumb Code   420  stm32f4xx_hal_tim.o(.text.TIM_Base_SetConfig)
    TIM_CCxChannelCmd                        0x08005b9d   Thumb Code    54  stm32f4xx_hal_tim.o(.text.TIM_CCxChannelCmd)
    TIM_ETR_SetConfig                        0x08005bd5   Thumb Code    52  stm32f4xx_hal_tim.o(.text.TIM_ETR_SetConfig)
    TIM_Init                                 0x08005c35   Thumb Code   532  drv_tim.o(.text.TIM_Init)
    TIM_OC2_SetConfig                        0x08005f35   Thumb Code   244  stm32f4xx_hal_tim.o(.text.TIM_OC2_SetConfig)
    Task_Init                                0x08006265   Thumb Code   236  task.o(.text.Task_Init)
    Task_Loop                                0x08006351   Thumb Code    68  task.o(.text.Task_Loop)
    UART4_IRQHandler                         0x0800639d   Thumb Code    16  stm32f4xx_it.o(.text.UART4_IRQHandler)
    UART_Init                                0x080066f5   Thumb Code   262  drv_uart.o(.text.UART_Init)
    UART_Send_Data                           0x08006965   Thumb Code    28  drv_uart.o(.text.UART_Send_Data)
    UART_Start_Receive_DMA                   0x08006abd   Thumb Code   304  stm32f4xx_hal_uart.o(.text.UART_Start_Receive_DMA)
    USART1_IRQHandler                        0x08006c81   Thumb Code    16  stm32f4xx_it.o(.text.USART1_IRQHandler)
    USART3_IRQHandler                        0x08006c91   Thumb Code    16  stm32f4xx_it.o(.text.USART3_IRQHandler)
    USART6_IRQHandler                        0x08006ca1   Thumb Code    16  stm32f4xx_it.o(.text.USART6_IRQHandler)
    UsageFault_Handler                       0x08006cb1   Thumb Code     4  stm32f4xx_it.o(.text.UsageFault_Handler)
    Unlock_task()                            0x08006cc1   Thumb Code   392  task.o(.text._Z11Unlock_taskv)
    void Math_Constrain<float>(float*, float, float) 0x08006e75   Thumb Code    78  alg_pid.o(.text._Z14Math_ConstrainIfEvPT_S0_S0_)
    GetCCRFromAngle(float, float)            0x08006ec5   Thumb Code    60  task.o(.text._Z15GetCCRFromAngleff)
    Task_UART3_Callback(unsigned char*, unsigned short) 0x08006f09   Thumb Code    28  task.o(.text._Z19Task_UART3_CallbackPht)
    Task_UART6_Callback(unsigned char*, unsigned short) 0x08006f25   Thumb Code   128  task.o(.text._Z19Task_UART6_CallbackPht)
    Task1ms_TIM6_Callback()                  0x08006fa9   Thumb Code    50  task.o(.text._Z21Task1ms_TIM6_Callbackv)
    can_filter_mask_config(CAN_HandleTypeDef*, unsigned char, unsigned int, unsigned int) 0x08006fdd   Thumb Code   158  drv_can.o(.text._Z22can_filter_mask_configP17CAN_HandleTypeDefhjj)
    Chassis_Device_CAN1_Callback(Struct_CAN_Rx_Buffer*) 0x0800707d   Thumb Code    24  task.o(.text._Z28Chassis_Device_CAN1_CallbackP20Struct_CAN_Rx_Buffer)
    CAN_Init(CAN_HandleTypeDef*, void (*)(Struct_CAN_Rx_Buffer*)) 0x08007095   Thumb Code   162  drv_can.o(.text._Z8CAN_InitP17CAN_HandleTypeDefPFvP20Struct_CAN_Rx_BufferE)
    float Math_Abs<float>(float)             0x08007139   Thumb Code    54  alg_pid.o(.text._Z8Math_AbsIfET_S0_)
    Class_EoCar::TIM_Calculate_PeriodElapsedCallback() 0x08007171   Thumb Code    18  ita_car.o(.text._ZN11Class_EoCar35TIM_Calculate_PeriodElapsedCallbackEv)
    Class_EoCar::Init()                      0x08007185   Thumb Code    46  ita_car.o(.text._ZN11Class_EoCar4InitEv)
    Class_EoCar::Class_EoCar__sub_object()   0x080071b5   Thumb Code    44  task.o(.text._ZN11Class_EoCarC2Ev)
    Class_Minipc::UART_Tx_UI()               0x080071e1   Thumb Code    30  dvc_minipc.o(.text._ZN12Class_Minipc10UART_Tx_UIEv)
    Class_Minipc::Get_CRC16_Check_Sum(unsigned char const*, unsigned int, unsigned short) 0x08007201   Thumb Code   104  dvc_minipc.o(.text._ZN12Class_Minipc19Get_CRC16_Check_SumEPKhjt)
    Class_Minipc::MiniPc_Data_Process()      0x08007269   Thumb Code   148  dvc_minipc.o(.text._ZN12Class_Minipc19MiniPc_Data_ProcessEv)
    Class_Minipc::Verify_CRC16_Check_Sum(unsigned char const*, unsigned int) 0x080072fd   Thumb Code   132  dvc_minipc.o(.text._ZN12Class_Minipc22Verify_CRC16_Check_SumEPKhj)
    Class_Minipc::MiniPc_UART_RxCpltCallback(unsigned char*) 0x08007381   Thumb Code    18  dvc_minipc.o(.text._ZN12Class_Minipc26MiniPc_UART_RxCpltCallbackEPh)
    Class_Minipc::Init(__UART_HandleTypeDef*) 0x08007395   Thumb Code   216  dvc_minipc.o(.text._ZN12Class_Minipc4InitEP20__UART_HandleTypeDef)
    Class_Minipc::Class_Minipc__sub_object() 0x0800746d   Thumb Code    42  task.o(.text._ZN12Class_MinipcC2Ev)
    Struct_Send_Data::Struct_Send_Data__sub_object() 0x08007499   Thumb Code    22  task.o(.text._ZN16Struct_Send_DataC2Ev)
    Class_EncoderMotor::Get_Now_Velocity()   0x080074b1   Thumb Code    14  crt_chassis.o(.text._ZN18Class_EncoderMotor16Get_Now_VelocityEv)
    Class_EncoderMotor::TIM_Encoder_Calculate() 0x080074c1   Thumb Code   292  dvc_encodermotor.o(.text._ZN18Class_EncoderMotor21TIM_Encoder_CalculateEv)
    Class_EncoderMotor::Get_EncoderMotor_PWMOutput() 0x080075f1   Thumb Code    14  crt_chassis.o(.text._ZN18Class_EncoderMotor26Get_EncoderMotor_PWMOutputEv)
    Class_EncoderMotor::Set_EncoderMotor_PWMOutput(short) 0x08007601   Thumb Code    22  crt_chassis.o(.text._ZN18Class_EncoderMotor26Set_EncoderMotor_PWMOutputEs)
    Class_EncoderMotor::Set_EncoderMotor_Target_Velocity(float) 0x08007619   Thumb Code    20  crt_chassis.o(.text._ZN18Class_EncoderMotor32Set_EncoderMotor_Target_VelocityEf)
    Class_EncoderMotor::TIM_Calculate_PeriodElapsedCallback() 0x0800762d   Thumb Code    64  dvc_encodermotor.o(.text._ZN18Class_EncoderMotor35TIM_Calculate_PeriodElapsedCallbackEv)
    Class_EncoderMotor::Init(TIM_HandleTypeDef*, unsigned short, unsigned int, float, float) 0x0800766d   Thumb Code    90  dvc_encodermotor.o(.text._ZN18Class_EncoderMotor4InitEP17TIM_HandleTypeDeftjff)
    Class_EncoderMotor::Class_EncoderMotor__sub_object() 0x080076c9   Thumb Code    26  task.o(.text._ZN18Class_EncoderMotorC2Ev)
    Struct_MiniPc_Data::Struct_MiniPc_Data__sub_object() 0x080076e5   Thumb Code    20  task.o(.text._ZN18Struct_MiniPc_DataC2Ev)
    Class_Tricycle_Chassis::Speed_Resolution() 0x080076f9   Thumb Code  1728  crt_chassis.o(.text._ZN22Class_Tricycle_Chassis16Speed_ResolutionEv)
    Class_Tricycle_Chassis::TIM_Calculate_PeriodElapsedCallback() 0x08007dc9   Thumb Code   672  crt_chassis.o(.text._ZN22Class_Tricycle_Chassis35TIM_Calculate_PeriodElapsedCallbackEv)
    Class_Tricycle_Chassis::Init(float, float, float) 0x08008075   Thumb Code   420  crt_chassis.o(.text._ZN22Class_Tricycle_Chassis4InitEfff)
    Class_Tricycle_Chassis::Class_Tricycle_Chassis__sub_object() 0x08008239   Thumb Code    88  task.o(.text._ZN22Class_Tricycle_ChassisC2Ev)
    Class_PID::Set_Target(float)             0x08008291   Thumb Code    18  dvc_encodermotor.o(.text._ZN9Class_PID10Set_TargetEf)
    Class_PID::TIM_Adjust_PeriodElapsedCallback() 0x080082a5   Thumb Code   688  alg_pid.o(.text._ZN9Class_PID32TIM_Adjust_PeriodElapsedCallbackEv)
    Class_PID::Init(float, float, float, float, float, float, float, float, float, float, float, Enum_PID_D_First) 0x08008555   Thumb Code   116  alg_pid.o(.text._ZN9Class_PID4InitEfffffffffff16Enum_PID_D_First)
    Class_PID::Get_Out()                     0x080085c9   Thumb Code    14  dvc_encodermotor.o(.text._ZN9Class_PID7Get_OutEv)
    Class_PID::Set_Now(float)                0x080085d9   Thumb Code    18  dvc_encodermotor.o(.text._ZN9Class_PID7Set_NowEf)
    Class_PID::Class_PID__sub_object()       0x080085ed   Thumb Code    48  task.o(.text._ZN9Class_PIDC2Ev)
    double std::__2::__math::sqrt[abi:nn190000]<int, 0>(int) 0x0800861d   Thumb Code    24  crt_chassis.o(.text._ZNSt3__26__math4sqrtB8nn190000IiTnNS_9enable_ifIXsr11is_integralIT_EE5valueEiE4typeELi0EEEdS3_)
    main                                     0x08008705   Thumb Code   100  main.o(.text.main)
    __hardfp_sqrt                            0x08008769   Thumb Code   122  sqrt.o(i.__hardfp_sqrt)
    __aeabi_d2f                              0x080087e5   Thumb Code     0  d2f.o(x$fpl$d2f)
    _d2f                                     0x080087e5   Thumb Code    98  d2f.o(x$fpl$d2f)
    __aeabi_dadd                             0x08008849   Thumb Code     0  daddsub_clz.o(x$fpl$dadd)
    _dadd                                    0x08008849   Thumb Code   332  daddsub_clz.o(x$fpl$dadd)
    __fpl_dcmp_Inf                           0x08008999   Thumb Code    24  dcmpi.o(x$fpl$dcmpinf)
    __aeabi_ddiv                             0x080089b1   Thumb Code     0  ddiv.o(x$fpl$ddiv)
    _ddiv                                    0x080089b1   Thumb Code   560  ddiv.o(x$fpl$ddiv)
    __aeabi_cdcmpeq                          0x08008c69   Thumb Code     0  deqf.o(x$fpl$deqf)
    _dcmpeq                                  0x08008c69   Thumb Code   120  deqf.o(x$fpl$deqf)
    __aeabi_i2d                              0x08008ce1   Thumb Code     0  dflt_clz.o(x$fpl$dflt)
    _dflt                                    0x08008ce1   Thumb Code    46  dflt_clz.o(x$fpl$dflt)
    __aeabi_cdcmpge                          0x08008d11   Thumb Code     0  dgeqf.o(x$fpl$dgeqf)
    _dcmpge                                  0x08008d11   Thumb Code   120  dgeqf.o(x$fpl$dgeqf)
    __aeabi_cdcmple                          0x08008d89   Thumb Code     0  dleqf.o(x$fpl$dleqf)
    _dcmple                                  0x08008d89   Thumb Code   120  dleqf.o(x$fpl$dleqf)
    __fpl_dcmple_InfNaN                      0x08008deb   Thumb Code     0  dleqf.o(x$fpl$dleqf)
    __aeabi_dmul                             0x08008e01   Thumb Code     0  dmul.o(x$fpl$dmul)
    _dmul                                    0x08008e01   Thumb Code   332  dmul.o(x$fpl$dmul)
    __fpl_dnaninf                            0x08008f55   Thumb Code   156  dnaninf.o(x$fpl$dnaninf)
    __fpl_dretinf                            0x08008ff1   Thumb Code    12  dretinf.o(x$fpl$dretinf)
    _dsqrt                                   0x08008ffd   Thumb Code   404  dsqrt_umaal.o(x$fpl$dsqrt)
    __aeabi_dsub                             0x08009195   Thumb Code     0  daddsub_clz.o(x$fpl$dsub)
    _dsub                                    0x08009195   Thumb Code   472  daddsub_clz.o(x$fpl$dsub)
    __aeabi_f2d                              0x08009371   Thumb Code     0  f2d.o(x$fpl$f2d)
    _f2d                                     0x08009371   Thumb Code    86  f2d.o(x$fpl$f2d)
    __aeabi_dcmpeq                           0x080093c7   Thumb Code     0  dcmp.o(x$fpl$fcmp)
    _deq                                     0x080093c7   Thumb Code    14  dcmp.o(x$fpl$fcmp)
    _dneq                                    0x080093d5   Thumb Code    14  dcmp.o(x$fpl$fcmp)
    __aeabi_dcmpgt                           0x080093e3   Thumb Code     0  dcmp.o(x$fpl$fcmp)
    _dgr                                     0x080093e3   Thumb Code    14  dcmp.o(x$fpl$fcmp)
    __aeabi_dcmpge                           0x080093f1   Thumb Code     0  dcmp.o(x$fpl$fcmp)
    _dgeq                                    0x080093f1   Thumb Code    14  dcmp.o(x$fpl$fcmp)
    __aeabi_dcmple                           0x080093ff   Thumb Code     0  dcmp.o(x$fpl$fcmp)
    _dleq                                    0x080093ff   Thumb Code    14  dcmp.o(x$fpl$fcmp)
    __aeabi_dcmplt                           0x0800940d   Thumb Code     0  dcmp.o(x$fpl$fcmp)
    _dls                                     0x0800940d   Thumb Code    14  dcmp.o(x$fpl$fcmp)
    __fpl_fnaninf                            0x0800941b   Thumb Code   140  fnaninf.o(x$fpl$fnaninf)
    _fp_init                                 0x080094a7   Thumb Code    26  fpinit.o(x$fpl$fpinit)
    __fplib_config_fpu_vfp                   0x080094bf   Thumb Code     0  fpinit.o(x$fpl$fpinit)
    __fplib_config_pureend_doubles           0x080094bf   Thumb Code     0  fpinit.o(x$fpl$fpinit)
    __fpl_fretinf                            0x080094c1   Thumb Code    10  fretinf.o(x$fpl$fretinf)
    AHBPrescTable                            0x080094ca   Data          16  system_stm32f4xx.o(.rodata.AHBPrescTable)
    __I$use$fp                               0x080094ca   Number         0  usenofp.o(x$fpl$usenofp)
    APBPrescTable                            0x080094da   Data           8  system_stm32f4xx.o(.rodata.APBPrescTable)
    Region$$Table$$Base                      0x080096ec   Number         0  anon$$obj.o(Region$$Table)
    Region$$Table$$Limit                     0x0800970c   Number         0  anon$$obj.o(Region$$Table)
    SHT$$INIT_ARRAY$$Base                    0x0800970c   Number         0  task.o(.init_array)
    SHT$$INIT_ARRAY$$Limit                   0x08009710   Number         0  init_aeabi.o(.init_array)
    SystemCoreClock                          0x20000000   Data           4  system_stm32f4xx.o(.data.SystemCoreClock)
    pitch                                    0x20000004   Data           4  task.o(.data.pitch)
    uwTickFreq                               0x20000008   Data           1  stm32f4xx_hal.o(.data.uwTickFreq)
    uwTickPrio                               0x2000000c   Data           4  stm32f4xx_hal.o(.data.uwTickPrio)
    yaw                                      0x20000010   Data           4  task.o(.data.yaw)
    __libspace_start                         0x20000018   Data          96  libspace.o(.bss)
    CAN1_Manage_Object                       0x20000078   Data          44  drv_can.o(.bss.CAN1_Manage_Object)
    __temporary_stack_top$libspace           0x20000078   Data           0  libspace.o(.bss)
    CAN2_Manage_Object                       0x200000a4   Data          44  drv_can.o(.bss.CAN2_Manage_Object)
    ESP32_Data                               0x200000d0   Data           6  task.o(.bss.ESP32_Data)
    ESP32_Online_flag                        0x200000d6   Data           2  task.o(.bss.ESP32_Online_flag)
    EoCar                                    0x200000d8   Data         900  task.o(.bss.EoCar)
    TIM10_Manage_Object                      0x2000045c   Data           8  drv_tim.o(.bss.TIM10_Manage_Object)
    TIM11_Manage_Object                      0x20000464   Data           8  drv_tim.o(.bss.TIM11_Manage_Object)
    TIM12_Manage_Object                      0x2000046c   Data           8  drv_tim.o(.bss.TIM12_Manage_Object)
    TIM13_Manage_Object                      0x20000474   Data           8  drv_tim.o(.bss.TIM13_Manage_Object)
    TIM14_Manage_Object                      0x2000047c   Data           8  drv_tim.o(.bss.TIM14_Manage_Object)
    TIM1_Manage_Object                       0x20000484   Data           8  drv_tim.o(.bss.TIM1_Manage_Object)
    TIM2_Manage_Object                       0x2000048c   Data           8  drv_tim.o(.bss.TIM2_Manage_Object)
    TIM3_Manage_Object                       0x20000494   Data           8  drv_tim.o(.bss.TIM3_Manage_Object)
    TIM4_Manage_Object                       0x2000049c   Data           8  drv_tim.o(.bss.TIM4_Manage_Object)
    TIM5_Manage_Object                       0x200004a4   Data           8  drv_tim.o(.bss.TIM5_Manage_Object)
    TIM6_Manage_Object                       0x200004ac   Data           8  drv_tim.o(.bss.TIM6_Manage_Object)
    TIM7_Manage_Object                       0x200004b4   Data           8  drv_tim.o(.bss.TIM7_Manage_Object)
    TIM8_Manage_Object                       0x200004bc   Data           8  drv_tim.o(.bss.TIM8_Manage_Object)
    TIM9_Manage_Object                       0x200004c4   Data           8  drv_tim.o(.bss.TIM9_Manage_Object)
    UART1_Manage_Object                      0x200004cc   Data        1040  drv_uart.o(.bss.UART1_Manage_Object)
    UART2_Manage_Object                      0x200008dc   Data        1040  drv_uart.o(.bss.UART2_Manage_Object)
    UART3_Manage_Object                      0x20000cec   Data        1040  drv_uart.o(.bss.UART3_Manage_Object)
    UART4_Manage_Object                      0x200010fc   Data        1040  drv_uart.o(.bss.UART4_Manage_Object)
    UART5_Manage_Object                      0x2000150c   Data        1040  drv_uart.o(.bss.UART5_Manage_Object)
    UART6_Manage_Object                      0x2000191c   Data        1040  drv_uart.o(.bss.UART6_Manage_Object)
    hcan1                                    0x20001d30   Data          40  can.o(.bss.hcan1)
    hdma_uart4_rx                            0x20001d58   Data          96  usart.o(.bss.hdma_uart4_rx)
    hdma_uart4_tx                            0x20001db8   Data          96  usart.o(.bss.hdma_uart4_tx)
    hdma_usart1_rx                           0x20001e18   Data          96  usart.o(.bss.hdma_usart1_rx)
    hdma_usart3_rx                           0x20001e78   Data          96  usart.o(.bss.hdma_usart3_rx)
    hdma_usart3_tx                           0x20001ed8   Data          96  usart.o(.bss.hdma_usart3_tx)
    hdma_usart6_rx                           0x20001f38   Data          96  usart.o(.bss.hdma_usart6_rx)
    hi2c2                                    0x20001f98   Data          84  i2c.o(.bss.hi2c2)
    htim1                                    0x20001fec   Data          72  tim.o(.bss.htim1)
    htim10                                   0x20002034   Data          72  tim.o(.bss.htim10)
    htim11                                   0x2000207c   Data          72  tim.o(.bss.htim11)
    htim2                                    0x200020c4   Data          72  tim.o(.bss.htim2)
    htim3                                    0x2000210c   Data          72  tim.o(.bss.htim3)
    htim4                                    0x20002154   Data          72  tim.o(.bss.htim4)
    htim5                                    0x2000219c   Data          72  tim.o(.bss.htim5)
    htim6                                    0x200021e4   Data          72  tim.o(.bss.htim6)
    htim8                                    0x2000222c   Data          72  tim.o(.bss.htim8)
    htim9                                    0x20002274   Data          72  tim.o(.bss.htim9)
    huart1                                   0x200022bc   Data          72  usart.o(.bss.huart1)
    huart3                                   0x20002304   Data          72  usart.o(.bss.huart3)
    huart4                                   0x2000234c   Data          72  usart.o(.bss.huart4)
    huart6                                   0x20002394   Data          72  usart.o(.bss.huart6)
    lock_flag                                0x200023dc   Data           1  task.o(.bss.lock_flag)
    uwTick                                   0x200023e0   Data           4  stm32f4xx_hal.o(.bss.uwTick)



==============================================================================

Memory Map of the image

  Image Entry point : 0x08000189

  Load Region LR_IROM1 (Base: 0x08000000, Size: 0x00009728, Max: 0x00080000, ABSOLUTE)

    Execution Region ER_IROM1 (Exec base: 0x08000000, Load base: 0x08000000, Size: 0x00009710, Max: 0x00080000, ABSOLUTE)

    Exec Addr    Load Addr    Size         Type   Attr      Idx    E Section Name        Object

    0x08000000   0x08000000   0x00000188   Data   RO            3    RESET               startup_stm32f407xx.o
    0x08000188   0x08000188   0x00000008   Code   RO         1865  * !!!main             c_w.l(__main.o)
    0x08000190   0x08000190   0x0000005c   Code   RO         2145    !!!scatter          c_w.l(__scatter.o)
    0x080001ec   0x080001ec   0x0000001a   Code   RO         2149    !!handler_copy      c_w.l(__scatter_copy.o)
    0x08000206   0x08000206   0x00000002   PAD
    0x08000208   0x08000208   0x00000002   Code   RO         2146    !!handler_null      c_w.l(__scatter.o)
    0x0800020a   0x0800020a   0x00000002   PAD
    0x0800020c   0x0800020c   0x0000001c   Code   RO         2151    !!handler_zi        c_w.l(__scatter_zi.o)
    0x08000228   0x08000228   0x00000002   Code   RO         2066    .ARM.Collect$$libinit$$00000000  c_w.l(libinit.o)
    0x0800022a   0x0800022a   0x00000004   Code   RO         1916    .ARM.Collect$$libinit$$00000001  c_w.l(libinit2.o)
    0x0800022e   0x0800022e   0x00000000   Code   RO         1919    .ARM.Collect$$libinit$$00000004  c_w.l(libinit2.o)
    0x0800022e   0x0800022e   0x00000000   Code   RO         1921    .ARM.Collect$$libinit$$00000006  c_w.l(libinit2.o)
    0x0800022e   0x0800022e   0x00000000   Code   RO         1924    .ARM.Collect$$libinit$$0000000C  c_w.l(libinit2.o)
    0x0800022e   0x0800022e   0x00000000   Code   RO         1926    .ARM.Collect$$libinit$$0000000E  c_w.l(libinit2.o)
    0x0800022e   0x0800022e   0x00000000   Code   RO         1928    .ARM.Collect$$libinit$$00000010  c_w.l(libinit2.o)
    0x0800022e   0x0800022e   0x00000000   Code   RO         1931    .ARM.Collect$$libinit$$00000013  c_w.l(libinit2.o)
    0x0800022e   0x0800022e   0x00000000   Code   RO         1933    .ARM.Collect$$libinit$$00000015  c_w.l(libinit2.o)
    0x0800022e   0x0800022e   0x00000000   Code   RO         1935    .ARM.Collect$$libinit$$00000017  c_w.l(libinit2.o)
    0x0800022e   0x0800022e   0x00000000   Code   RO         1937    .ARM.Collect$$libinit$$00000019  c_w.l(libinit2.o)
    0x0800022e   0x0800022e   0x00000000   Code   RO         1939    .ARM.Collect$$libinit$$0000001B  c_w.l(libinit2.o)
    0x0800022e   0x0800022e   0x00000000   Code   RO         1941    .ARM.Collect$$libinit$$0000001D  c_w.l(libinit2.o)
    0x0800022e   0x0800022e   0x00000000   Code   RO         1943    .ARM.Collect$$libinit$$0000001F  c_w.l(libinit2.o)
    0x0800022e   0x0800022e   0x00000000   Code   RO         1945    .ARM.Collect$$libinit$$00000021  c_w.l(libinit2.o)
    0x0800022e   0x0800022e   0x00000000   Code   RO         1947    .ARM.Collect$$libinit$$00000023  c_w.l(libinit2.o)
    0x0800022e   0x0800022e   0x00000000   Code   RO         1949    .ARM.Collect$$libinit$$00000025  c_w.l(libinit2.o)
    0x0800022e   0x0800022e   0x00000000   Code   RO         1951    .ARM.Collect$$libinit$$00000027  c_w.l(libinit2.o)
    0x0800022e   0x0800022e   0x00000000   Code   RO         1955    .ARM.Collect$$libinit$$0000002E  c_w.l(libinit2.o)
    0x0800022e   0x0800022e   0x00000000   Code   RO         1957    .ARM.Collect$$libinit$$00000030  c_w.l(libinit2.o)
    0x0800022e   0x0800022e   0x00000000   Code   RO         1959    .ARM.Collect$$libinit$$00000032  c_w.l(libinit2.o)
    0x0800022e   0x0800022e   0x00000004   Code   RO         1960    .ARM.Collect$$libinit$$00000033  c_w.l(libinit2.o)
    0x08000232   0x08000232   0x00000000   Code   RO         1961    .ARM.Collect$$libinit$$00000034  c_w.l(libinit2.o)
    0x08000232   0x08000232   0x00000002   Code   RO         1962    .ARM.Collect$$libinit$$00000035  c_w.l(libinit2.o)
    0x08000234   0x08000234   0x00000002   Code   RO         2113    .ARM.Collect$$libshutdown$$00000000  c_w.l(libshutdown.o)
    0x08000236   0x08000236   0x00000000   Code   RO         2129    .ARM.Collect$$libshutdown$$00000002  c_w.l(libshutdown2.o)
    0x08000236   0x08000236   0x00000000   Code   RO         2131    .ARM.Collect$$libshutdown$$00000004  c_w.l(libshutdown2.o)
    0x08000236   0x08000236   0x00000000   Code   RO         2134    .ARM.Collect$$libshutdown$$00000007  c_w.l(libshutdown2.o)
    0x08000236   0x08000236   0x00000000   Code   RO         2137    .ARM.Collect$$libshutdown$$0000000A  c_w.l(libshutdown2.o)
    0x08000236   0x08000236   0x00000000   Code   RO         2139    .ARM.Collect$$libshutdown$$0000000C  c_w.l(libshutdown2.o)
    0x08000236   0x08000236   0x00000000   Code   RO         2142    .ARM.Collect$$libshutdown$$0000000F  c_w.l(libshutdown2.o)
    0x08000236   0x08000236   0x00000002   Code   RO         2143    .ARM.Collect$$libshutdown$$00000010  c_w.l(libshutdown2.o)
    0x08000238   0x08000238   0x00000000   Code   RO         1909    .ARM.Collect$$rtentry$$00000000  c_w.l(__rtentry.o)
    0x08000238   0x08000238   0x00000000   Code   RO         2015    .ARM.Collect$$rtentry$$00000002  c_w.l(__rtentry2.o)
    0x08000238   0x08000238   0x00000006   Code   RO         2027    .ARM.Collect$$rtentry$$00000004  c_w.l(__rtentry4.o)
    0x0800023e   0x0800023e   0x00000000   Code   RO         2017    .ARM.Collect$$rtentry$$00000009  c_w.l(__rtentry2.o)
    0x0800023e   0x0800023e   0x00000004   Code   RO         2018    .ARM.Collect$$rtentry$$0000000A  c_w.l(__rtentry2.o)
    0x08000242   0x08000242   0x00000000   Code   RO         2020    .ARM.Collect$$rtentry$$0000000C  c_w.l(__rtentry2.o)
    0x08000242   0x08000242   0x00000008   Code   RO         2021    .ARM.Collect$$rtentry$$0000000D  c_w.l(__rtentry2.o)
    0x0800024a   0x0800024a   0x00000002   Code   RO         2071    .ARM.Collect$$rtexit$$00000000  c_w.l(rtexit.o)
    0x0800024c   0x0800024c   0x00000000   Code   RO         2093    .ARM.Collect$$rtexit$$00000002  c_w.l(rtexit2.o)
    0x0800024c   0x0800024c   0x00000004   Code   RO         2094    .ARM.Collect$$rtexit$$00000003  c_w.l(rtexit2.o)
    0x08000250   0x08000250   0x00000006   Code   RO         2095    .ARM.Collect$$rtexit$$00000004  c_w.l(rtexit2.o)
    0x08000256   0x08000256   0x00000002   PAD
    0x08000258   0x08000258   0x00000040   Code   RO            4    .text               startup_stm32f407xx.o
    0x08000298   0x08000298   0x000000f0   Code   RO         1859    .text               c_w.l(lludivv7m.o)
    0x08000388   0x08000388   0x0000004e   Code   RO         1861    .text               c_w.l(rt_memclr_w.o)
    0x080003d6   0x080003d6   0x00000006   Code   RO         1863    .text               c_w.l(heapauxi.o)
    0x080003dc   0x080003dc   0x0000002c   Code   RO         1870    .text               c_w.l(init_aeabi.o)
    0x08000408   0x08000408   0x00000016   Code   RO         1914    .text               c_w.l(_rserrno.o)
    0x0800041e   0x0800041e   0x00000002   PAD
    0x08000420   0x08000420   0x00000008   Code   RO         2034    .text               c_w.l(rt_errno_addr_intlibspace.o)
    0x08000428   0x08000428   0x00000008   Code   RO         2046    .text               c_w.l(libspace.o)
    0x08000430   0x08000430   0x0000004a   Code   RO         2049    .text               c_w.l(sys_stackheap_outer.o)
    0x0800047a   0x0800047a   0x00000012   Code   RO         2051    .text               c_w.l(exit.o)
    0x0800048c   0x0800048c   0x0000000c   Code   RO         2085    .text               c_w.l(sys_exit.o)
    0x08000498   0x08000498   0x00000002   Code   RO         2089    .text               c_w.l(use_no_semi.o)
    0x0800049a   0x0800049a   0x00000000   Code   RO         2091    .text               c_w.l(indicate_semi.o)
    0x0800049a   0x0800049a   0x00000002   PAD
    0x0800049c   0x0800049c   0x00000004   Code   RO          151    .text.BusFault_Handler  stm32f4xx_it.o
    0x080004a0   0x080004a0   0x00000010   Code   RO          171    .text.CAN1_RX0_IRQHandler  stm32f4xx_it.o
    0x080004b0   0x080004b0   0x00000010   Code   RO          173    .text.CAN1_RX1_IRQHandler  stm32f4xx_it.o
    0x080004c0   0x080004c0   0x00000010   Code   RO          163    .text.DMA1_Stream1_IRQHandler  stm32f4xx_it.o
    0x080004d0   0x080004d0   0x00000010   Code   RO          165    .text.DMA1_Stream2_IRQHandler  stm32f4xx_it.o
    0x080004e0   0x080004e0   0x00000010   Code   RO          167    .text.DMA1_Stream3_IRQHandler  stm32f4xx_it.o
    0x080004f0   0x080004f0   0x00000010   Code   RO          169    .text.DMA1_Stream4_IRQHandler  stm32f4xx_it.o
    0x08000500   0x08000500   0x00000010   Code   RO          183    .text.DMA2_Stream1_IRQHandler  stm32f4xx_it.o
    0x08000510   0x08000510   0x00000010   Code   RO          185    .text.DMA2_Stream2_IRQHandler  stm32f4xx_it.o
    0x08000520   0x08000520   0x00000056   Code   RO          461    .text.DMA_CalcBaseAndBitshift  stm32f4xx_hal_dma.o
    0x08000576   0x08000576   0x00000002   PAD
    0x08000578   0x08000578   0x000000f0   Code   RO          459    .text.DMA_CheckFifoParam  stm32f4xx_hal_dma.o
    0x08000668   0x08000668   0x00000050   Code   RO          467    .text.DMA_SetConfig  stm32f4xx_hal_dma.o
    0x080006b8   0x080006b8   0x00000002   Code   RO          157    .text.DebugMon_Handler  stm32f4xx_it.o
    0x080006ba   0x080006ba   0x00000002   PAD
    0x080006bc   0x080006bc   0x00000006   Code   RO           15    .text.Error_Handler  main.o
    0x080006c2   0x080006c2   0x00000002   PAD
    0x080006c4   0x080006c4   0x00000052   Code   RO          238    .text.HAL_CAN_ActivateNotification  stm32f4xx_hal_can.o
    0x08000716   0x08000716   0x00000002   PAD
    0x08000718   0x08000718   0x0000019e   Code   RO          214    .text.HAL_CAN_ConfigFilter  stm32f4xx_hal_can.o
    0x080008b6   0x080008b6   0x00000002   PAD
    0x080008b8   0x080008b8   0x00000008   Code   RO          268    .text.HAL_CAN_ErrorCallback  stm32f4xx_hal_can.o
    0x080008c0   0x080008c0   0x00000212   Code   RO          234    .text.HAL_CAN_GetRxMessage  stm32f4xx_hal_can.o
    0x08000ad2   0x08000ad2   0x00000002   PAD
    0x08000ad4   0x08000ad4   0x000003f2   Code   RO          242    .text.HAL_CAN_IRQHandler  stm32f4xx_hal_can.o
    0x08000ec6   0x08000ec6   0x00000002   PAD
    0x08000ec8   0x08000ec8   0x000001de   Code   RO          204    .text.HAL_CAN_Init  stm32f4xx_hal_can.o
    0x080010a6   0x080010a6   0x00000002   PAD
    0x080010a8   0x080010a8   0x000000b4   Code   RO           35    .text.HAL_CAN_MspInit  can.o
    0x0800115c   0x0800115c   0x00000008   Code   RO          256    .text.HAL_CAN_RxFifo0FullCallback  stm32f4xx_hal_can.o
    0x08001164   0x08001164   0x00000078   Code   RO         1533    .text.HAL_CAN_RxFifo0MsgPendingCallback  drv_can.o
    0x080011dc   0x080011dc   0x00000008   Code   RO          260    .text.HAL_CAN_RxFifo1FullCallback  stm32f4xx_hal_can.o
    0x080011e4   0x080011e4   0x00000078   Code   RO         1535    .text.HAL_CAN_RxFifo1MsgPendingCallback  drv_can.o
    0x0800125c   0x0800125c   0x00000008   Code   RO          264    .text.HAL_CAN_SleepCallback  stm32f4xx_hal_can.o
    0x08001264   0x08001264   0x0000008a   Code   RO          216    .text.HAL_CAN_Start  stm32f4xx_hal_can.o
    0x080012ee   0x080012ee   0x00000002   PAD
    0x080012f0   0x080012f0   0x00000008   Code   RO          246    .text.HAL_CAN_TxMailbox0AbortCallback  stm32f4xx_hal_can.o
    0x080012f8   0x080012f8   0x00000008   Code   RO          244    .text.HAL_CAN_TxMailbox0CompleteCallback  stm32f4xx_hal_can.o
    0x08001300   0x08001300   0x00000008   Code   RO          250    .text.HAL_CAN_TxMailbox1AbortCallback  stm32f4xx_hal_can.o
    0x08001308   0x08001308   0x00000008   Code   RO          248    .text.HAL_CAN_TxMailbox1CompleteCallback  stm32f4xx_hal_can.o
    0x08001310   0x08001310   0x00000008   Code   RO          254    .text.HAL_CAN_TxMailbox2AbortCallback  stm32f4xx_hal_can.o
    0x08001318   0x08001318   0x00000008   Code   RO          252    .text.HAL_CAN_TxMailbox2CompleteCallback  stm32f4xx_hal_can.o
    0x08001320   0x08001320   0x00000008   Code   RO          266    .text.HAL_CAN_WakeUpFromRxMsgCallback  stm32f4xx_hal_can.o
    0x08001328   0x08001328   0x000000ec   Code   RO          471    .text.HAL_DMA_Abort  stm32f4xx_hal_dma.o
    0x08001414   0x08001414   0x00000044   Code   RO          473    .text.HAL_DMA_Abort_IT  stm32f4xx_hal_dma.o
    0x08001458   0x08001458   0x0000031e   Code   RO          477    .text.HAL_DMA_IRQHandler  stm32f4xx_hal_dma.o
    0x08001776   0x08001776   0x00000002   PAD
    0x08001778   0x08001778   0x0000016e   Code   RO          457    .text.HAL_DMA_Init  stm32f4xx_hal_dma.o
    0x080018e6   0x080018e6   0x00000002   PAD
    0x080018e8   0x080018e8   0x000000c2   Code   RO          469    .text.HAL_DMA_Start_IT  stm32f4xx_hal_dma.o
    0x080019aa   0x080019aa   0x00000002   PAD
    0x080019ac   0x080019ac   0x000003b6   Code   RO          419    .text.HAL_GPIO_Init  stm32f4xx_hal_gpio.o
    0x08001d62   0x08001d62   0x00000002   PAD
    0x08001d64   0x08001d64   0x0000000c   Code   RO          644    .text.HAL_GetTick   stm32f4xx_hal.o
    0x08001d70   0x08001d70   0x000002a4   Code   RO          721    .text.HAL_I2C_Init  stm32f4xx_hal_i2c.o
    0x08002014   0x08002014   0x00000092   Code   RO           57    .text.HAL_I2C_MspInit  i2c.o
    0x080020a6   0x080020a6   0x00000002   PAD
    0x080020a8   0x080020a8   0x0000001a   Code   RO          642    .text.HAL_IncTick   stm32f4xx_hal.o
    0x080020c2   0x080020c2   0x00000002   PAD
    0x080020c4   0x080020c4   0x0000003c   Code   RO          632    .text.HAL_Init      stm32f4xx_hal.o
    0x08002100   0x08002100   0x00000070   Code   RO          634    .text.HAL_InitTick  stm32f4xx_hal.o
    0x08002170   0x08002170   0x00000052   Code   RO          196    .text.HAL_MspInit   stm32f4xx_hal_msp.o
    0x080021c2   0x080021c2   0x00000002   PAD
    0x080021c4   0x080021c4   0x00000014   Code   RO          567    .text.HAL_NVIC_EnableIRQ  stm32f4xx_hal_cortex.o
    0x080021d8   0x080021d8   0x00000032   Code   RO          559    .text.HAL_NVIC_SetPriority  stm32f4xx_hal_cortex.o
    0x0800220a   0x0800220a   0x00000002   PAD
    0x0800220c   0x0800220c   0x00000010   Code   RO          555    .text.HAL_NVIC_SetPriorityGrouping  stm32f4xx_hal_cortex.o
    0x0800221c   0x0800221c   0x00000262   Code   RO          287    .text.HAL_RCC_ClockConfig  stm32f4xx_hal_rcc.o
    0x0800247e   0x0800247e   0x00000002   PAD
    0x08002480   0x08002480   0x0000000c   Code   RO          297    .text.HAL_RCC_GetHCLKFreq  stm32f4xx_hal_rcc.o
    0x0800248c   0x0800248c   0x00000022   Code   RO          299    .text.HAL_RCC_GetPCLK1Freq  stm32f4xx_hal_rcc.o
    0x080024ae   0x080024ae   0x00000002   PAD
    0x080024b0   0x080024b0   0x00000022   Code   RO          301    .text.HAL_RCC_GetPCLK2Freq  stm32f4xx_hal_rcc.o
    0x080024d2   0x080024d2   0x00000002   PAD
    0x080024d4   0x080024d4   0x000000e6   Code   RO          289    .text.HAL_RCC_GetSysClockFreq  stm32f4xx_hal_rcc.o
    0x080025ba   0x080025ba   0x00000002   PAD
    0x080025bc   0x080025bc   0x000006be   Code   RO          285    .text.HAL_RCC_OscConfig  stm32f4xx_hal_rcc.o
    0x08002c7a   0x08002c7a   0x00000002   PAD
    0x08002c7c   0x08002c7c   0x00000010   Code   RO          579    .text.HAL_SYSTICK_Config  stm32f4xx_hal_cortex.o
    0x08002c8c   0x08002c8c   0x00000008   Code   RO         1216    .text.HAL_TIMEx_BreakCallback  stm32f4xx_hal_tim_ex.o
    0x08002c94   0x08002c94   0x00000008   Code   RO         1212    .text.HAL_TIMEx_CommutCallback  stm32f4xx_hal_tim_ex.o
    0x08002c9c   0x08002c9c   0x000000b2   Code   RO         1208    .text.HAL_TIMEx_ConfigBreakDeadTime  stm32f4xx_hal_tim_ex.o
    0x08002d4e   0x08002d4e   0x00000002   PAD
    0x08002d50   0x08002d50   0x00000122   Code   RO         1206    .text.HAL_TIMEx_MasterConfigSynchronization  stm32f4xx_hal_tim_ex.o
    0x08002e72   0x08002e72   0x00000002   PAD
    0x08002e74   0x08002e74   0x0000009c   Code   RO          893    .text.HAL_TIM_Base_Init  stm32f4xx_hal_tim.o
    0x08002f10   0x08002f10   0x00000168   Code   RO           91    .text.HAL_TIM_Base_MspInit  tim.o
    0x08003078   0x08003078   0x000000f6   Code   RO          907    .text.HAL_TIM_Base_Start_IT  stm32f4xx_hal_tim.o
    0x0800316e   0x0800316e   0x00000002   PAD
    0x08003170   0x08003170   0x00000184   Code   RO         1085    .text.HAL_TIM_ConfigClockSource  stm32f4xx_hal_tim.o
    0x080032f4   0x080032f4   0x00000130   Code   RO         1007    .text.HAL_TIM_Encoder_Init  stm32f4xx_hal_tim.o
    0x08003424   0x08003424   0x0000023c   Code   RO           93    .text.HAL_TIM_Encoder_MspInit  tim.o
    0x08003660   0x08003660   0x0000014e   Code   RO         1015    .text.HAL_TIM_Encoder_Start  stm32f4xx_hal_tim.o
    0x080037ae   0x080037ae   0x00000002   PAD
    0x080037b0   0x080037b0   0x00000008   Code   RO         1029    .text.HAL_TIM_IC_CaptureCallback  stm32f4xx_hal_tim.o
    0x080037b8   0x080037b8   0x0000021a   Code   RO         1027    .text.HAL_TIM_IRQHandler  stm32f4xx_hal_tim.o
    0x080039d2   0x080039d2   0x00000002   PAD
    0x080039d4   0x080039d4   0x000001d0   Code   RO           71    .text.HAL_TIM_MspPostInit  tim.o
    0x08003ba4   0x08003ba4   0x00000008   Code   RO         1031    .text.HAL_TIM_OC_DelayElapsedCallback  stm32f4xx_hal_tim.o
    0x08003bac   0x08003bac   0x00000142   Code   RO         1059    .text.HAL_TIM_PWM_ConfigChannel  stm32f4xx_hal_tim.o
    0x08003cee   0x08003cee   0x00000002   PAD
    0x08003cf0   0x08003cf0   0x0000009c   Code   RO          947    .text.HAL_TIM_PWM_Init  stm32f4xx_hal_tim.o
    0x08003d8c   0x08003d8c   0x00000008   Code   RO          949    .text.HAL_TIM_PWM_MspInit  stm32f4xx_hal_tim.o
    0x08003d94   0x08003d94   0x00000008   Code   RO         1033    .text.HAL_TIM_PWM_PulseFinishedCallback  stm32f4xx_hal_tim.o
    0x08003d9c   0x08003d9c   0x000001ca   Code   RO          955    .text.HAL_TIM_PWM_Start  stm32f4xx_hal_tim.o
    0x08003f66   0x08003f66   0x00000002   PAD
    0x08003f68   0x08003f68   0x000001dc   Code   RO         1465    .text.HAL_TIM_PeriodElapsedCallback  drv_tim.o
    0x08004144   0x08004144   0x00000008   Code   RO         1037    .text.HAL_TIM_TriggerCallback  stm32f4xx_hal_tim.o
    0x0800414c   0x0800414c   0x000000b8   Code   RO         1283    .text.HAL_UARTEx_ReceiveToIdle_DMA  stm32f4xx_hal_uart.o
    0x08004204   0x08004204   0x00000130   Code   RO         1603    .text.HAL_UARTEx_RxEventCallback  drv_uart.o
    0x08004334   0x08004334   0x00000008   Code   RO         1319    .text.HAL_UART_ErrorCallback  stm32f4xx_hal_uart.o
    0x0800433c   0x0800433c   0x0000045c   Code   RO         1313    .text.HAL_UART_IRQHandler  stm32f4xx_hal_uart.o
    0x08004798   0x08004798   0x0000009e   Code   RO         1229    .text.HAL_UART_Init  stm32f4xx_hal_uart.o
    0x08004836   0x08004836   0x00000002   PAD
    0x08004838   0x08004838   0x00000480   Code   RO          124    .text.HAL_UART_MspInit  usart.o
    0x08004cb8   0x08004cb8   0x00000008   Code   RO         1331    .text.HAL_UART_RxCpltCallback  stm32f4xx_hal_uart.o
    0x08004cc0   0x08004cc0   0x00000008   Code   RO         1333    .text.HAL_UART_RxHalfCpltCallback  stm32f4xx_hal_uart.o
    0x08004cc8   0x08004cc8   0x000000fc   Code   RO         1257    .text.HAL_UART_Transmit_DMA  stm32f4xx_hal_uart.o
    0x08004dc4   0x08004dc4   0x00000008   Code   RO         1327    .text.HAL_UART_TxCpltCallback  stm32f4xx_hal_uart.o
    0x08004dcc   0x08004dcc   0x00000008   Code   RO         1329    .text.HAL_UART_TxHalfCpltCallback  stm32f4xx_hal_uart.o
    0x08004dd4   0x08004dd4   0x00000004   Code   RO          147    .text.HardFault_Handler  stm32f4xx_it.o
    0x08004dd8   0x08004dd8   0x0000004e   Code   RO           33    .text.MX_CAN1_Init  can.o
    0x08004e26   0x08004e26   0x00000002   PAD
    0x08004e28   0x08004e28   0x000000ba   Code   RO           47    .text.MX_DMA_Init   dma.o
    0x08004ee2   0x08004ee2   0x00000002   PAD
    0x08004ee4   0x08004ee4   0x0000011c   Code   RO           25    .text.MX_GPIO_Init  gpio.o
    0x08005000   0x08005000   0x00000048   Code   RO           55    .text.MX_I2C2_Init  i2c.o
    0x08005048   0x08005048   0x00000090   Code   RO           87    .text.MX_TIM10_Init  tim.o
    0x080050d8   0x080050d8   0x00000090   Code   RO           89    .text.MX_TIM11_Init  tim.o
    0x08005168   0x08005168   0x0000016a   Code   RO           69    .text.MX_TIM1_Init  tim.o
    0x080052d2   0x080052d2   0x00000002   PAD
    0x080052d4   0x080052d4   0x0000007a   Code   RO           73    .text.MX_TIM2_Init  tim.o
    0x0800534e   0x0800534e   0x00000002   PAD
    0x08005350   0x08005350   0x0000007e   Code   RO           75    .text.MX_TIM3_Init  tim.o
    0x080053ce   0x080053ce   0x00000002   PAD
    0x080053d0   0x080053d0   0x0000007e   Code   RO           77    .text.MX_TIM4_Init  tim.o
    0x0800544e   0x0800544e   0x00000002   PAD
    0x08005450   0x08005450   0x0000007e   Code   RO           79    .text.MX_TIM5_Init  tim.o
    0x080054ce   0x080054ce   0x00000002   PAD
    0x080054d0   0x080054d0   0x0000005c   Code   RO           81    .text.MX_TIM6_Init  tim.o
    0x0800552c   0x0800552c   0x00000142   Code   RO           83    .text.MX_TIM8_Init  tim.o
    0x0800566e   0x0800566e   0x00000002   PAD
    0x08005670   0x08005670   0x000000d0   Code   RO           85    .text.MX_TIM9_Init  tim.o
    0x08005740   0x08005740   0x00000040   Code   RO          116    .text.MX_UART4_Init  usart.o
    0x08005780   0x08005780   0x00000040   Code   RO          118    .text.MX_USART1_UART_Init  usart.o
    0x080057c0   0x080057c0   0x00000040   Code   RO          120    .text.MX_USART3_UART_Init  usart.o
    0x08005800   0x08005800   0x00000040   Code   RO          122    .text.MX_USART6_UART_Init  usart.o
    0x08005840   0x08005840   0x00000004   Code   RO          149    .text.MemManage_Handler  stm32f4xx_it.o
    0x08005844   0x08005844   0x00000004   Code   RO          145    .text.NMI_Handler   stm32f4xx_it.o
    0x08005848   0x08005848   0x0000006c   Code   RO          565    .text.NVIC_EncodePriority  stm32f4xx_hal_cortex.o
    0x080058b4   0x080058b4   0x00000002   Code   RO          159    .text.PendSV_Handler  stm32f4xx_it.o
    0x080058b6   0x080058b6   0x00000002   PAD
    0x080058b8   0x080058b8   0x00000002   Code   RO          155    .text.SVC_Handler   stm32f4xx_it.o
    0x080058ba   0x080058ba   0x00000002   PAD
    0x080058bc   0x080058bc   0x00000052   Code   RO          581    .text.SysTick_Config  stm32f4xx_hal_cortex.o
    0x0800590e   0x0800590e   0x00000002   PAD
    0x08005910   0x08005910   0x00000008   Code   RO          161    .text.SysTick_Handler  stm32f4xx_it.o
    0x08005918   0x08005918   0x000000ba   Code   RO           13    .text.SystemClock_Config  main.o
    0x080059d2   0x080059d2   0x00000002   PAD
    0x080059d4   0x080059d4   0x00000012   Code   RO         1360    .text.SystemInit    system_stm32f4xx.o
    0x080059e6   0x080059e6   0x00000002   PAD
    0x080059e8   0x080059e8   0x00000010   Code   RO          181    .text.TIM6_DAC_IRQHandler  stm32f4xx_it.o
    0x080059f8   0x080059f8   0x000001a4   Code   RO          897    .text.TIM_Base_SetConfig  stm32f4xx_hal_tim.o
    0x08005b9c   0x08005b9c   0x00000036   Code   RO          931    .text.TIM_CCxChannelCmd  stm32f4xx_hal_tim.o
    0x08005bd2   0x08005bd2   0x00000002   PAD
    0x08005bd4   0x08005bd4   0x00000034   Code   RO         1083    .text.TIM_ETR_SetConfig  stm32f4xx_hal_tim.o
    0x08005c08   0x08005c08   0x0000002a   Code   RO         1089    .text.TIM_ITRx_SetConfig  stm32f4xx_hal_tim.o
    0x08005c32   0x08005c32   0x00000002   PAD
    0x08005c34   0x08005c34   0x00000214   Code   RO         1463    .text.TIM_Init      drv_tim.o
    0x08005e48   0x08005e48   0x000000ea   Code   RO         1041    .text.TIM_OC1_SetConfig  stm32f4xx_hal_tim.o
    0x08005f32   0x08005f32   0x00000002   PAD
    0x08005f34   0x08005f34   0x000000f4   Code   RO         1043    .text.TIM_OC2_SetConfig  stm32f4xx_hal_tim.o
    0x08006028   0x08006028   0x000000f2   Code   RO         1045    .text.TIM_OC3_SetConfig  stm32f4xx_hal_tim.o
    0x0800611a   0x0800611a   0x00000002   PAD
    0x0800611c   0x0800611c   0x000000a4   Code   RO         1047    .text.TIM_OC4_SetConfig  stm32f4xx_hal_tim.o
    0x080061c0   0x080061c0   0x00000050   Code   RO         1087    .text.TIM_TI1_ConfigInputStage  stm32f4xx_hal_tim.o
    0x08006210   0x08006210   0x00000052   Code   RO         1091    .text.TIM_TI2_ConfigInputStage  stm32f4xx_hal_tim.o
    0x08006262   0x08006262   0x00000002   PAD
    0x08006264   0x08006264   0x000000ec   Code   RO         1689    .text.Task_Init     task.o
    0x08006350   0x08006350   0x0000004c   Code   RO         1691    .text.Task_Loop     task.o
    0x0800639c   0x0800639c   0x00000010   Code   RO          179    .text.UART4_IRQHandler  stm32f4xx_it.o
    0x080063ac   0x080063ac   0x0000001c   Code   RO         1317    .text.UART_DMAAbortOnError  stm32f4xx_hal_uart.o
    0x080063c8   0x080063c8   0x0000007c   Code   RO         1263    .text.UART_DMAError  stm32f4xx_hal_uart.o
    0x08006444   0x08006444   0x000000f4   Code   RO         1349    .text.UART_DMAReceiveCplt  stm32f4xx_hal_uart.o
    0x08006538   0x08006538   0x00000034   Code   RO         1351    .text.UART_DMARxHalfCplt  stm32f4xx_hal_uart.o
    0x0800656c   0x0800656c   0x0000007a   Code   RO         1259    .text.UART_DMATransmitCplt  stm32f4xx_hal_uart.o
    0x080065e6   0x080065e6   0x00000002   PAD
    0x080065e8   0x080065e8   0x00000016   Code   RO         1261    .text.UART_DMATxHalfCplt  stm32f4xx_hal_uart.o
    0x080065fe   0x080065fe   0x00000002   PAD
    0x08006600   0x08006600   0x00000094   Code   RO         1277    .text.UART_EndRxTransfer  stm32f4xx_hal_uart.o
    0x08006694   0x08006694   0x00000026   Code   RO         1325    .text.UART_EndTransmit_IT  stm32f4xx_hal_uart.o
    0x080066ba   0x080066ba   0x00000002   PAD
    0x080066bc   0x080066bc   0x00000036   Code   RO         1275    .text.UART_EndTxTransfer  stm32f4xx_hal_uart.o
    0x080066f2   0x080066f2   0x00000002   PAD
    0x080066f4   0x080066f4   0x00000106   Code   RO         1597    .text.UART_Init     drv_uart.o
    0x080067fa   0x080067fa   0x00000002   PAD
    0x080067fc   0x080067fc   0x00000168   Code   RO         1315    .text.UART_Receive_IT  stm32f4xx_hal_uart.o
    0x08006964   0x08006964   0x0000001c   Code   RO         1599    .text.UART_Send_Data  drv_uart.o
    0x08006980   0x08006980   0x0000013a   Code   RO         1233    .text.UART_SetConfig  stm32f4xx_hal_uart.o
    0x08006aba   0x08006aba   0x00000002   PAD
    0x08006abc   0x08006abc   0x00000130   Code   RO         1267    .text.UART_Start_Receive_DMA  stm32f4xx_hal_uart.o
    0x08006bec   0x08006bec   0x00000094   Code   RO         1323    .text.UART_Transmit_IT  stm32f4xx_hal_uart.o
    0x08006c80   0x08006c80   0x00000010   Code   RO          175    .text.USART1_IRQHandler  stm32f4xx_it.o
    0x08006c90   0x08006c90   0x00000010   Code   RO          177    .text.USART3_IRQHandler  stm32f4xx_it.o
    0x08006ca0   0x08006ca0   0x00000010   Code   RO          187    .text.USART6_IRQHandler  stm32f4xx_it.o
    0x08006cb0   0x08006cb0   0x00000004   Code   RO          153    .text.UsageFault_Handler  stm32f4xx_it.o
    0x08006cb4   0x08006cb4   0x00000008   Code   RO         1693    .text._GLOBAL__sub_I_task.cpp  task.o
    0x08006cbc   0x08006cbc   0x00000004   PAD
    0x08006cc0   0x08006cc0   0x000001b4   Code   RO         1683    .text._Z11Unlock_taskv  task.o
    0x08006e74   0x08006e74   0x0000004e   Code   RO         1460    .text._Z14Math_ConstrainIfEvPT_S0_S0_  alg_pid.o
    0x08006ec2   0x08006ec2   0x00000002   PAD
    0x08006ec4   0x08006ec4   0x00000044   Code   RO         1687    .text._Z15GetCCRFromAngleff  task.o
    0x08006f08   0x08006f08   0x0000001c   Code   RO         1679    .text._Z19Task_UART3_CallbackPht  task.o
    0x08006f24   0x08006f24   0x00000084   Code   RO         1681    .text._Z19Task_UART6_CallbackPht  task.o
    0x08006fa8   0x08006fa8   0x00000032   Code   RO         1685    .text._Z21Task1ms_TIM6_Callbackv  task.o
    0x08006fda   0x08006fda   0x00000002   PAD
    0x08006fdc   0x08006fdc   0x0000009e   Code   RO         1521    .text._Z22can_filter_mask_configP17CAN_HandleTypeDefhjj  drv_can.o
    0x0800707a   0x0800707a   0x00000002   PAD
    0x0800707c   0x0800707c   0x00000018   Code   RO         1677    .text._Z28Chassis_Device_CAN1_CallbackP20Struct_CAN_Rx_Buffer  task.o
    0x08007094   0x08007094   0x000000a2   Code   RO         1523    .text._Z8CAN_InitP17CAN_HandleTypeDefPFvP20Struct_CAN_Rx_BufferE  drv_can.o
    0x08007136   0x08007136   0x00000002   PAD
    0x08007138   0x08007138   0x00000036   Code   RO         1458    .text._Z8Math_AbsIfET_S0_  alg_pid.o
    0x0800716e   0x0800716e   0x00000002   PAD
    0x08007170   0x08007170   0x00000012   Code   RO         1666    .text._ZN11Class_EoCar35TIM_Calculate_PeriodElapsedCallbackEv  ita_car.o
    0x08007182   0x08007182   0x00000002   PAD
    0x08007184   0x08007184   0x0000002e   Code   RO         1664    .text._ZN11Class_EoCar4InitEv  ita_car.o
    0x080071b2   0x080071b2   0x00000002   PAD
    0x080071b4   0x080071b4   0x0000002c   Code   RO         1714    .text._ZN11Class_EoCarC2Ev  task.o
    0x080071e0   0x080071e0   0x0000001e   Code   RO         1434    .text._ZN12Class_Minipc10UART_Tx_UIEv  dvc_minipc.o
    0x080071fe   0x080071fe   0x00000002   PAD
    0x08007200   0x08007200   0x00000068   Code   RO         1436    .text._ZN12Class_Minipc19Get_CRC16_Check_SumEPKhjt  dvc_minipc.o
    0x08007268   0x08007268   0x00000094   Code   RO         1430    .text._ZN12Class_Minipc19MiniPc_Data_ProcessEv  dvc_minipc.o
    0x080072fc   0x080072fc   0x00000084   Code   RO         1432    .text._ZN12Class_Minipc22Verify_CRC16_Check_SumEPKhj  dvc_minipc.o
    0x08007380   0x08007380   0x00000012   Code   RO         1428    .text._ZN12Class_Minipc26MiniPc_UART_RxCpltCallbackEPh  dvc_minipc.o
    0x08007392   0x08007392   0x00000002   PAD
    0x08007394   0x08007394   0x000000d8   Code   RO         1424    .text._ZN12Class_Minipc4InitEP20__UART_HandleTypeDef  dvc_minipc.o
    0x0800746c   0x0800746c   0x0000002a   Code   RO         1716    .text._ZN12Class_MinipcC2Ev  task.o
    0x08007496   0x08007496   0x00000002   PAD
    0x08007498   0x08007498   0x00000016   Code   RO         1724    .text._ZN16Struct_Send_DataC2Ev  task.o
    0x080074ae   0x080074ae   0x00000002   PAD
    0x080074b0   0x080074b0   0x0000000e   Code   RO         1638    .text._ZN18Class_EncoderMotor16Get_Now_VelocityEv  crt_chassis.o
    0x080074be   0x080074be   0x00000002   PAD
    0x080074c0   0x080074c0   0x00000130   Code   RO         1376    .text._ZN18Class_EncoderMotor21TIM_Encoder_CalculateEv  dvc_encodermotor.o
    0x080075f0   0x080075f0   0x0000000e   Code   RO         1640    .text._ZN18Class_EncoderMotor26Get_EncoderMotor_PWMOutputEv  crt_chassis.o
    0x080075fe   0x080075fe   0x00000002   PAD
    0x08007600   0x08007600   0x00000016   Code   RO         1632    .text._ZN18Class_EncoderMotor26Set_EncoderMotor_PWMOutputEs  crt_chassis.o
    0x08007616   0x08007616   0x00000002   PAD
    0x08007618   0x08007618   0x00000014   Code   RO         1636    .text._ZN18Class_EncoderMotor32Set_EncoderMotor_Target_VelocityEf  crt_chassis.o
    0x0800762c   0x0800762c   0x00000040   Code   RO         1380    .text._ZN18Class_EncoderMotor35TIM_Calculate_PeriodElapsedCallbackEv  dvc_encodermotor.o
    0x0800766c   0x0800766c   0x0000005a   Code   RO         1374    .text._ZN18Class_EncoderMotor4InitEP17TIM_HandleTypeDeftjff  dvc_encodermotor.o
    0x080076c6   0x080076c6   0x00000002   PAD
    0x080076c8   0x080076c8   0x0000001a   Code   RO         1726    .text._ZN18Class_EncoderMotorC2Ev  task.o
    0x080076e2   0x080076e2   0x00000002   PAD
    0x080076e4   0x080076e4   0x00000014   Code   RO         1722    .text._ZN18Struct_MiniPc_DataC2Ev  task.o
    0x080076f8   0x080076f8   0x000006cc   Code   RO         1622    .text._ZN22Class_Tricycle_Chassis16Speed_ResolutionEv  crt_chassis.o
    0x08007dc4   0x08007dc4   0x00000004   PAD
    0x08007dc8   0x08007dc8   0x000002ac   Code   RO         1624    .text._ZN22Class_Tricycle_Chassis35TIM_Calculate_PeriodElapsedCallbackEv  crt_chassis.o
    0x08008074   0x08008074   0x000001c4   Code   RO         1620    .text._ZN22Class_Tricycle_Chassis4InitEfff  crt_chassis.o
    0x08008238   0x08008238   0x00000058   Code   RO         1720    .text._ZN22Class_Tricycle_ChassisC2Ev  task.o
    0x08008290   0x08008290   0x00000012   Code   RO         1388    .text._ZN9Class_PID10Set_TargetEf  dvc_encodermotor.o
    0x080082a2   0x080082a2   0x00000002   PAD
    0x080082a4   0x080082a4   0x000002b0   Code   RO         1450    .text._ZN9Class_PID32TIM_Adjust_PeriodElapsedCallbackEv  alg_pid.o
    0x08008554   0x08008554   0x00000074   Code   RO         1448    .text._ZN9Class_PID4InitEfffffffffff16Enum_PID_D_First  alg_pid.o
    0x080085c8   0x080085c8   0x0000000e   Code   RO         1392    .text._ZN9Class_PID7Get_OutEv  dvc_encodermotor.o
    0x080085d6   0x080085d6   0x00000002   PAD
    0x080085d8   0x080085d8   0x00000012   Code   RO         1390    .text._ZN9Class_PID7Set_NowEf  dvc_encodermotor.o
    0x080085ea   0x080085ea   0x00000002   PAD
    0x080085ec   0x080085ec   0x00000030   Code   RO         1718    .text._ZN9Class_PIDC2Ev  task.o
    0x0800861c   0x0800861c   0x00000018   Code   RO         1634    .text._ZNSt3__26__math4sqrtB8nn190000IiTnNS_9enable_ifIXsr11is_integralIT_EE5valueEiE4typeELi0EEEdS3_  crt_chassis.o
    0x08008634   0x08008634   0x00000030   Code   RO          569    .text.__NVIC_EnableIRQ  stm32f4xx_hal_cortex.o
    0x08008664   0x08008664   0x00000010   Code   RO          561    .text.__NVIC_GetPriorityGrouping  stm32f4xx_hal_cortex.o
    0x08008674   0x08008674   0x00000042   Code   RO          563    .text.__NVIC_SetPriority  stm32f4xx_hal_cortex.o
    0x080086b6   0x080086b6   0x00000002   PAD
    0x080086b8   0x080086b8   0x0000003c   Code   RO          557    .text.__NVIC_SetPriorityGrouping  stm32f4xx_hal_cortex.o
    0x080086f4   0x080086f4   0x00000010   Code   RO         1675    .text.__cxx_global_var_init  task.o
    0x08008704   0x08008704   0x00000064   Code   RO           11    .text.main          main.o
    0x08008768   0x08008768   0x0000007a   Code   RO         1903    i.__hardfp_sqrt     m_wm.l(sqrt.o)
    0x080087e2   0x080087e2   0x00000002   PAD
    0x080087e4   0x080087e4   0x00000062   Code   RO         1873    x$fpl$d2f           fz_wm.l(d2f.o)
    0x08008846   0x08008846   0x00000002   PAD
    0x08008848   0x08008848   0x00000150   Code   RO         1875    x$fpl$dadd          fz_wm.l(daddsub_clz.o)
    0x08008998   0x08008998   0x00000018   Code   RO         2038    x$fpl$dcmpinf       fz_wm.l(dcmpi.o)
    0x080089b0   0x080089b0   0x000002b8   Code   RO         1884    x$fpl$ddiv          fz_wm.l(ddiv.o)
    0x08008c68   0x08008c68   0x00000078   Code   RO         1969    x$fpl$deqf          fz_wm.l(deqf.o)
    0x08008ce0   0x08008ce0   0x0000002e   Code   RO         1888    x$fpl$dflt          fz_wm.l(dflt_clz.o)
    0x08008d0e   0x08008d0e   0x00000002   PAD
    0x08008d10   0x08008d10   0x00000078   Code   RO         1971    x$fpl$dgeqf         fz_wm.l(dgeqf.o)
    0x08008d88   0x08008d88   0x00000078   Code   RO         1973    x$fpl$dleqf         fz_wm.l(dleqf.o)
    0x08008e00   0x08008e00   0x00000154   Code   RO         1893    x$fpl$dmul          fz_wm.l(dmul.o)
    0x08008f54   0x08008f54   0x0000009c   Code   RO         1975    x$fpl$dnaninf       fz_wm.l(dnaninf.o)
    0x08008ff0   0x08008ff0   0x0000000c   Code   RO         1977    x$fpl$dretinf       fz_wm.l(dretinf.o)
    0x08008ffc   0x08008ffc   0x00000198   Code   RO         1979    x$fpl$dsqrt         fz_wm.l(dsqrt_umaal.o)
    0x08009194   0x08009194   0x000001dc   Code   RO         1877    x$fpl$dsub          fz_wm.l(daddsub_clz.o)
    0x08009370   0x08009370   0x00000056   Code   RO         1895    x$fpl$f2d           fz_wm.l(f2d.o)
    0x080093c6   0x080093c6   0x00000054   Code   RO         1881    x$fpl$fcmp          fz_wm.l(dcmp.o)
    0x0800941a   0x0800941a   0x0000008c   Code   RO         1981    x$fpl$fnaninf       fz_wm.l(fnaninf.o)
    0x080094a6   0x080094a6   0x0000001a   Code   RO         2040    x$fpl$fpinit        fz_wm.l(fpinit.o)
    0x080094c0   0x080094c0   0x0000000a   Code   RO         1983    x$fpl$fretinf       fz_wm.l(fretinf.o)
    0x080094ca   0x080094ca   0x00000000   Code   RO         1985    x$fpl$usenofp       fz_wm.l(usenofp.o)
    0x080094ca   0x080094ca   0x00000010   Data   RO         1365    .rodata.AHBPrescTable  system_stm32f4xx.o
    0x080094da   0x080094da   0x00000008   Data   RO         1366    .rodata.APBPrescTable  system_stm32f4xx.o
    0x080094e2   0x080094e2   0x00000008   Data   RO          487    .rodata.DMA_CalcBaseAndBitshift.flagBitshiftOffset  stm32f4xx_hal_dma.o
    0x080094ea   0x080094ea   0x00000200   Data   RO         1440    .rodata._ZL11W_CRC_TABLE  dvc_minipc.o
    0x080096ea   0x080096ea   0x00000002   PAD
    0x080096ec   0x080096ec   0x00000020   Data   RO         2144    Region$$Table       anon$$obj.o
    0x0800970c   0x0800970c   0x00000004   Data   RO         1707    .init_array         task.o
    0x08009710   0x0800970c   0x00000000   Data   RO         1868    .init_array         c_w.l(init_aeabi.o)


    Execution Region RW_IRAM1 (Exec base: 0x20000000, Load base: 0x08009710, Size: 0x000029e8, Max: 0x0001c000, ABSOLUTE)

    Exec Addr    Load Addr    Size         Type   Attr      Idx    E Section Name        Object

    0x20000000   0x08009710   0x00000004   Data   RW         1364    .data.SystemCoreClock  system_stm32f4xx.o
    0x20000004   0x08009714   0x00000004   Data   RW         1699    .data.pitch         task.o
    0x20000008   0x08009718   0x00000001   Data   RW          687    .data.uwTickFreq    stm32f4xx_hal.o
    0x20000009   0x08009719   0x00000003   PAD
    0x2000000c   0x0800971c   0x00000004   Data   RW          686    .data.uwTickPrio    stm32f4xx_hal.o
    0x20000010   0x08009720   0x00000004   Data   RW         1698    .data.yaw           task.o
    0x20000014   0x08009724   0x00000004   PAD
    0x20000018        -       0x00000060   Zero   RW         2047    .bss                c_w.l(libspace.o)
    0x20000078        -       0x0000002c   Zero   RW         1537    .bss.CAN1_Manage_Object  drv_can.o
    0x200000a4        -       0x0000002c   Zero   RW         1538    .bss.CAN2_Manage_Object  drv_can.o
    0x200000d0        -       0x00000006   Zero   RW         1702    .bss.ESP32_Data     task.o
    0x200000d6        -       0x00000002   Zero   RW         1703    .bss.ESP32_Online_flag  task.o
    0x200000d8        -       0x00000384   Zero   RW         1695    .bss.EoCar          task.o
    0x2000045c        -       0x00000008   Zero   RW         1476    .bss.TIM10_Manage_Object  drv_tim.o
    0x20000464        -       0x00000008   Zero   RW         1477    .bss.TIM11_Manage_Object  drv_tim.o
    0x2000046c        -       0x00000008   Zero   RW         1478    .bss.TIM12_Manage_Object  drv_tim.o
    0x20000474        -       0x00000008   Zero   RW         1479    .bss.TIM13_Manage_Object  drv_tim.o
    0x2000047c        -       0x00000008   Zero   RW         1480    .bss.TIM14_Manage_Object  drv_tim.o
    0x20000484        -       0x00000008   Zero   RW         1467    .bss.TIM1_Manage_Object  drv_tim.o
    0x2000048c        -       0x00000008   Zero   RW         1468    .bss.TIM2_Manage_Object  drv_tim.o
    0x20000494        -       0x00000008   Zero   RW         1469    .bss.TIM3_Manage_Object  drv_tim.o
    0x2000049c        -       0x00000008   Zero   RW         1470    .bss.TIM4_Manage_Object  drv_tim.o
    0x200004a4        -       0x00000008   Zero   RW         1471    .bss.TIM5_Manage_Object  drv_tim.o
    0x200004ac        -       0x00000008   Zero   RW         1472    .bss.TIM6_Manage_Object  drv_tim.o
    0x200004b4        -       0x00000008   Zero   RW         1473    .bss.TIM7_Manage_Object  drv_tim.o
    0x200004bc        -       0x00000008   Zero   RW         1474    .bss.TIM8_Manage_Object  drv_tim.o
    0x200004c4        -       0x00000008   Zero   RW         1475    .bss.TIM9_Manage_Object  drv_tim.o
    0x200004cc        -       0x00000410   Zero   RW         1605    .bss.UART1_Manage_Object  drv_uart.o
    0x200008dc        -       0x00000410   Zero   RW         1606    .bss.UART2_Manage_Object  drv_uart.o
    0x20000cec        -       0x00000410   Zero   RW         1607    .bss.UART3_Manage_Object  drv_uart.o
    0x200010fc        -       0x00000410   Zero   RW         1608    .bss.UART4_Manage_Object  drv_uart.o
    0x2000150c        -       0x00000410   Zero   RW         1609    .bss.UART5_Manage_Object  drv_uart.o
    0x2000191c        -       0x00000410   Zero   RW         1610    .bss.UART6_Manage_Object  drv_uart.o
    0x20001d2c        -       0x00000001   Zero   RW         1706    .bss._ZZ11Unlock_taskvE10picth_flag  task.o
    0x20001d2d        -       0x00000001   Zero   RW         1705    .bss._ZZ11Unlock_taskvE8yaw_flag  task.o
    0x20001d2e   0x08009724   0x00000002   PAD
    0x20001d30        -       0x00000028   Zero   RW           39    .bss.hcan1          can.o
    0x20001d58        -       0x00000060   Zero   RW          132    .bss.hdma_uart4_rx  usart.o
    0x20001db8        -       0x00000060   Zero   RW          133    .bss.hdma_uart4_tx  usart.o
    0x20001e18        -       0x00000060   Zero   RW          134    .bss.hdma_usart1_rx  usart.o
    0x20001e78        -       0x00000060   Zero   RW          135    .bss.hdma_usart3_rx  usart.o
    0x20001ed8        -       0x00000060   Zero   RW          136    .bss.hdma_usart3_tx  usart.o
    0x20001f38        -       0x00000060   Zero   RW          137    .bss.hdma_usart6_rx  usart.o
    0x20001f98        -       0x00000054   Zero   RW           61    .bss.hi2c2          i2c.o
    0x20001fec        -       0x00000048   Zero   RW           99    .bss.htim1          tim.o
    0x20002034        -       0x00000048   Zero   RW          107    .bss.htim10         tim.o
    0x2000207c        -       0x00000048   Zero   RW          108    .bss.htim11         tim.o
    0x200020c4        -       0x00000048   Zero   RW          100    .bss.htim2          tim.o
    0x2000210c        -       0x00000048   Zero   RW          101    .bss.htim3          tim.o
    0x20002154        -       0x00000048   Zero   RW          102    .bss.htim4          tim.o
    0x2000219c        -       0x00000048   Zero   RW          103    .bss.htim5          tim.o
    0x200021e4        -       0x00000048   Zero   RW          104    .bss.htim6          tim.o
    0x2000222c        -       0x00000048   Zero   RW          105    .bss.htim8          tim.o
    0x20002274        -       0x00000048   Zero   RW          106    .bss.htim9          tim.o
    0x200022bc        -       0x00000048   Zero   RW          129    .bss.huart1         usart.o
    0x20002304        -       0x00000048   Zero   RW          130    .bss.huart3         usart.o
    0x2000234c        -       0x00000048   Zero   RW          128    .bss.huart4         usart.o
    0x20002394        -       0x00000048   Zero   RW          131    .bss.huart6         usart.o
    0x200023dc        -       0x00000001   Zero   RW         1697    .bss.lock_flag      task.o
    0x200023dd   0x08009724   0x00000003   PAD
    0x200023e0        -       0x00000004   Zero   RW          688    .bss.uwTick         stm32f4xx_hal.o
    0x200023e4   0x08009724   0x00000004   PAD
    0x200023e8        -       0x00000200   Zero   RW            2    HEAP                startup_stm32f407xx.o
    0x200025e8        -       0x00000400   Zero   RW            1    STACK               startup_stm32f407xx.o


    Execution Region RW_IRAM2 (Exec base: 0x2001c000, Load base: 0x08009728, Size: 0x00000000, Max: 0x00004000, ABSOLUTE)

    **** No section assigned to this execution region ****


==============================================================================

Image component sizes


      Code (inc. data)   RO Data    RW Data    ZI Data      Debug   Object Name

       936          0          0          0          0      17726   alg_pid.o
       258          0          0          0         40       5962   can.o
      2970         68          0          0          0      22917   crt_chassis.o
       186          0          0          0          0       3345   dma.o
       560          0          0          0         88      12589   drv_can.o
      1008          0          0          0        112       4886   drv_tim.o
       594          0          0          0       6240       6783   drv_uart.o
       508         12          0          0          0      20418   dvc_encodermotor.o
       648          0        512          0          0       9152   dvc_minipc.o
       284          0          0          0          0       2173   gpio.o
       218          0          0          0         84       5071   i2c.o
        64          0          0          0          0      21177   ita_car.o
       292          0          0          0          0       2806   main.o
        64         26        392          0       1536        856   startup_stm32f407xx.o
       210          0          0          5          4       7127   stm32f4xx_hal.o
      2740          0          0          0          0      11563   stm32f4xx_hal_can.o
       482          0          0          0          0       9734   stm32f4xx_hal_cortex.o
      2068          8          8          0          0       8512   stm32f4xx_hal_dma.o
       950          0          0          0          0       5108   stm32f4xx_hal_gpio.o
       676          0          0          0          0      37697   stm32f4xx_hal_i2c.o
        82          0          0          0          0       1505   stm32f4xx_hal_msp.o
      2646          0          0          0          0       7612   stm32f4xx_hal_rcc.o
      4556         14          0          0          0      36017   stm32f4xx_hal_tim.o
       484          0          0          0          0      15348   stm32f4xx_hal_tim_ex.o
      3708          0          0          0          0      20443   stm32f4xx_hal_uart.o
       242          0          0          0          0       2280   stm32f4xx_it.o
        18          0         24          4          0       2519   system_stm32f4xx.o
      1364         64          4          8        911      26401   task.o
      3168          0          0          0        720      12358   tim.o
      1408          0          0          0        864       8302   usart.o

    ----------------------------------------------------------------------
     33548        196        974         20      10612     348387   Object Totals
         0          0         32          0          0          0   (incl. Generated)
       156          4          2          3         13          0   (incl. Padding)

    ----------------------------------------------------------------------

      Code (inc. data)   RO Data    RW Data    ZI Data      Debug   Library Member Name

         8          0          0          0          0         68   __main.o
         0          0          0          0          0          0   __rtentry.o
        12          0          0          0          0          0   __rtentry2.o
         6          0          0          0          0          0   __rtentry4.o
        94          8          0          0          0          0   __scatter.o
        26          0          0          0          0          0   __scatter_copy.o
        28          0          0          0          0          0   __scatter_zi.o
        22          0          0          0          0        100   _rserrno.o
        18          0          0          0          0         80   exit.o
         6          0          0          0          0        152   heapauxi.o
         0          0          0          0          0          0   indicate_semi.o
        44          8          0          0          0         80   init_aeabi.o
         2          0          0          0          0          0   libinit.o
        10          0          0          0          0          0   libinit2.o
         2          0          0          0          0          0   libshutdown.o
         2          0          0          0          0          0   libshutdown2.o
         8          4          0          0         96         68   libspace.o
       240          0          0          0          0        100   lludivv7m.o
         8          4          0          0          0         68   rt_errno_addr_intlibspace.o
        78          0          0          0          0         80   rt_memclr_w.o
         2          0          0          0          0          0   rtexit.o
        10          0          0          0          0          0   rtexit2.o
        12          4          0          0          0         68   sys_exit.o
        74          0          0          0          0         80   sys_stackheap_outer.o
         2          0          0          0          0         68   use_no_semi.o
        98          4          0          0          0        140   d2f.o
       812         16          0          0          0        392   daddsub_clz.o
        84          0          0          0          0        244   dcmp.o
        24          0          0          0          0        116   dcmpi.o
       696        140          0          0          0        264   ddiv.o
       120          4          0          0          0        140   deqf.o
        46          0          0          0          0        116   dflt_clz.o
       120          4          0          0          0        140   dgeqf.o
       120          4          0          0          0        140   dleqf.o
       340         12          0          0          0        152   dmul.o
       156          4          0          0          0        140   dnaninf.o
        12          0          0          0          0        116   dretinf.o
       408         56          0          0          0        168   dsqrt_umaal.o
        86          4          0          0          0        132   f2d.o
       140          4          0          0          0        132   fnaninf.o
        26          0          0          0          0        116   fpinit.o
        10          0          0          0          0        116   fretinf.o
         0          0          0          0          0          0   usenofp.o
       122          0          0          0          0        148   sqrt.o

    ----------------------------------------------------------------------
      4150        280          0          0         96       3924   Library Totals
        16          0          0          0          0          0   (incl. Padding)

    ----------------------------------------------------------------------

      Code (inc. data)   RO Data    RW Data    ZI Data      Debug   Library Name

       714         28          0          0         96       1012   c_w.l
      3298        252          0          0          0       2764   fz_wm.l
       122          0          0          0          0        148   m_wm.l

    ----------------------------------------------------------------------
      4150        280          0          0         96       3924   Library Totals

    ----------------------------------------------------------------------

==============================================================================


      Code (inc. data)   RO Data    RW Data    ZI Data      Debug   

     37698        476        974         20      10708     349703   Grand Totals
     37698        476        974         20      10708     349703   ELF Image Totals
     37698        476        974         20          0          0   ROM Totals

==============================================================================

    Total RO  Size (Code + RO Data)                38672 (  37.77kB)
    Total RW  Size (RW Data + ZI Data)             10728 (  10.48kB)
    Total ROM Size (Code + RO Data + RW Data)      38692 (  37.79kB)

==============================================================================

